1>> gbasis(subst([2*v7+-1*v5+-1*v3,2*v8+-1*v6+-1*v4,2*v9+-1*v5+-1*v1,2*v10+-1*v6+-1*v2,2*v11+-1*v3+-1*v1,2*v12+-1*v4+-1*v2,-1*v13*v6+v14*v5+v13*v2+-1*v5*v2+-1*v14*v1+v6*v1,2*v14*v13*v6*v5*v4^2+-1*v14^2*v5^2*v4^2+v13^2*v5^2*v4^2+-2*v14*v13*v5*v4^3+-2*v13*v6*v5*v4^3+2*v14*v5^2*v4^3+2*v13*v5*v4^4+-1*v5^2*v4^4+-2*v14*v13*v6^2*v4*v3+-2*v14*v13*v5^2*v4*v3+2*v14*v13*v6*v4^2*v3+2*v13*v6^2*v4^2*v3+2*v14^2*v5*v4^2*v3+-2*v13^2*v5*v4^2*v3+-2*v14*v6*v5*v4^2*v3+-2*v13*v6*v4^3*v3+-2*v14*v5*v4^3*v3+2*v6*v5*v4^3*v3+v14^2*v6^2*v3^2+-1*v13^2*v6^2*v3^2+2*v14*v13*v6*v5*v3^2+-2*v14^2*v6*v4*v3^2+2*v13^2*v6*v4*v3^2+2*v14*v13*v5*v4*v3^2+-2*v13*v6*v5*v4*v3^2+2*v14*v5^2*v4*v3^2+2*v14*v6*v4^2*v3^2+-1*v6^2*v4^2*v3^2+2*v13*v5*v4^2*v3^2+-1*v5^2*v4^2*v3^2+-2*v14*v13*v6*v3^3+2*v13*v6^2*v3^3+-2*v14*v6*v5*v3^3+-2*v13*v6*v4*v3^3+-2*v14*v5*v4*v3^3+2*v6*v5*v4*v3^3+2*v14*v6*v3^4+-1*v6^2*v3^4+-4*v14*v13*v6*v5*v4*v2+2*v14^2*v5^2*v4*v2+-2*v13^2*v5^2*v4*v2+4*v14*v13*v5*v4^2*v2+4*v13*v6*v5*v4^2*v2+-4*v14*v5^2*v4^2*v2+-4*v13*v5*v4^3*v2+2*v5^2*v4^3*v2+2*v14*v13*v6^2*v3*v2+2*v14*v13*v5^2*v3*v2+-2*v13*v6^2*v4*v3*v2+-4*v14^2*v5*v4*v3*v2+4*v13^2*v5*v4*v3*v2+4*v14*v6*v5*v4*v3*v2+2*v13*v5^2*v4*v3*v2+-2*v14*v13*v4^2*v3*v2+4*v14*v5*v4^2*v3*v2+-4*v6*v5*v4^2*v3*v2+2*v13*v4^3*v3*v2+-2*v14*v6^2*v3^2*v2+-4*v14*v13*v5*v3^2*v2+-2*v14*v5^2*v3^2*v2+2*v14^2*v4*v3^2*v2+-2*v13^2*v4*v3^2*v2+2*v6^2*v4*v3^2*v2+-4*v13*v5*v4*v3^2*v2+-2*v14*v4^2*v3^2*v2+2*v14*v13*v3^3*v2+4*v14*v5*v3^3*v2+2*v13*v4*v3^3*v2+-2*v14*v3^4*v2+2*v14*v13*v6*v5*v2^2+-1*v14^2*v5^2*v2^2+v13^2*v5^2*v2^2+-2*v14*v13*v5*v4*v2^2+-2*v13*v6*v5*v4*v2^2+2*v14*v5^2*v4*v2^2+2*v13*v5*v4^2*v2^2+-1*v5^2*v4^2*v2^2+-2*v14*v13*v6*v3*v2^2+2*v14^2*v5*v3*v2^2+-2*v13^2*v5*v3*v2^2+-2*v14*v6*v5*v3*v2^2+-2*v13*v5^2*v3*v2^2+2*v14*v13*v4*v3*v2^2+2*v13*v6*v4*v3*v2^2+-2*v14*v5*v4*v3*v2^2+2*v6*v5*v4*v3*v2^2+-2*v13*v4^2*v3*v2^2+-1*v14^2*v3^2*v2^2+v13^2*v3^2*v2^2+2*v14*v6*v3^2*v2^2+4*v13*v5*v3^2*v2^2+v5^2*v3^2*v2^2+-2*v6*v4*v3^2*v2^2+v4^2*v3^2*v2^2+-2*v13*v3^3*v2^2+-2*v5*v3^3*v2^2+v3^4*v2^2+2*v14*v13*v6^2*v4*v1+2*v14*v13*v5^2*v4*v1+-4*v14*v13*v6*v4^2*v1+-2*v13*v6^2*v4^2*v1+-2*v13*v5^2*v4^2*v1+2*v14*v13*v4^3*v1+4*v13*v6*v4^3*v1+-2*v13*v4^4*v1+-2*v14^2*v6^2*v3*v1+2*v13^2*v6^2*v3*v1+-4*v14*v13*v6*v5*v3*v1+4*v14^2*v6*v4*v3*v1+-4*v13^2*v6*v4*v3*v1+2*v14*v6^2*v4*v3*v1+4*v13*v6*v5*v4*v3*v1+-2*v14*v5^2*v4*v3*v1+-2*v14^2*v4^2*v3*v1+2*v13^2*v4^2*v3*v1+-4*v14*v6*v4^2*v3*v1+2*v5^2*v4^2*v3*v1+2*v14*v4^3*v3*v1+4*v14*v13*v6*v3^2*v1+-4*v13*v6^2*v3^2*v1+4*v14*v6*v5*v3^2*v1+-2*v14*v13*v4*v3^2*v1+4*v13*v6*v4*v3^2*v1+-4*v6*v5*v4*v3^2*v1+-2*v13*v4^2*v3^2*v1+-4*v14*v6*v3^3*v1+2*v6^2*v3^3*v1+2*v14*v4*v3^3*v1+-2*v14*v13*v6^2*v2*v1+-2*v14*v13*v5^2*v2*v1+4*v14*v13*v6*v4*v2*v1+2*v13*v6^2*v4*v2*v1+2*v13*v5^2*v4*v2*v1+-2*v14*v13*v4^2*v2*v1+-4*v13*v6*v4^2*v2*v1+2*v13*v4^3*v2*v1+2*v14*v6^2*v3*v2*v1+4*v14*v13*v5*v3*v2*v1+2*v14*v5^2*v3*v2*v1+-4*v14*v6*v4*v3*v2*v1+-2*v6^2*v4*v3*v2*v1+-4*v13*v5*v4*v3*v2*v1+-2*v5^2*v4*v3*v2*v1+2*v14*v4^2*v3*v2*v1+4*v6*v4^2*v3*v2*v1+-2*v4^3*v3*v2*v1+-2*v14*v13*v3^2*v2*v1+-4*v14*v5*v3^2*v2*v1+2*v13*v4*v3^2*v2*v1+4*v5*v4*v3^2*v2*v1+2*v14*v3^3*v2*v1+-2*v4*v3^3*v2*v1+v14^2*v6^2*v1^2+-1*v13^2*v6^2*v1^2+2*v14*v13*v6*v5*v1^2+-2*v14^2*v6*v4*v1^2+2*v13^2*v6*v4*v1^2+-2*v14*v6^2*v4*v1^2+-2*v14*v13*v5*v4*v1^2+-2*v13*v6*v5*v4*v1^2+v14^2*v4^2*v1^2+-1*v13^2*v4^2*v1^2+4*v14*v6*v4^2*v1^2+v6^2*v4^2*v1^2+2*v13*v5*v4^2*v1^2+-2*v14*v4^3*v1^2+-2*v6*v4^3*v1^2+v4^4*v1^2+-2*v14*v13*v6*v3*v1^2+2*v13*v6^2*v3*v1^2+-2*v14*v6*v5*v3*v1^2+2*v14*v13*v4*v3*v1^2+-2*v13*v6*v4*v3*v1^2+2*v14*v5*v4*v3*v1^2+2*v6*v5*v4*v3*v1^2+-2*v5*v4^2*v3*v1^2+2*v14*v6*v3^2*v1^2+-1*v6^2*v3^2*v1^2+-2*v14*v4*v3^2*v1^2+v4^2*v3^2*v1^2,v15*v12+-1*v16*v11+-1*v15*v10+v11*v10+v16*v9+-1*v12*v9,v15*v14+-1*v16*v13+-1*v15*v4+v13*v4+v16*v3+-1*v14*v3,v17*v14+-1*v18*v13+-1*v17*v4+v13*v4+v18*v3+-1*v14*v3,v17*v10+-1*v18*v9+-1*v17*v8+v9*v8+v18*v7+-1*v10*v7,-1+-1*v19*v5*v4+v19*v6*v3+v19*v5*v2+-1*v19*v3*v2+-1*v19*v6*v1+v19*v4*v1,-1+-1*v20*v18^2+-1*v20*v17^2+v20*v16^2+v20*v15^2+2*v20*v18*v10+-2*v20*v16*v10+2*v20*v17*v9+-2*v20*v15*v9],[v1=0,v2=0,v3=0,v4=1]),[v1,v2,v3,v4,v5,v6,v7,v8,v9,v10,v11,v12,v13,v14,v15,v17,v16,v19,v18,v20],revlex)
1<< [1]
