1>> gbasis(subst([-1*v7*v6+v8*v5+v7*v4+-1*v5*v4+-1*v8*v3+v6*v3,2*v8*v7*v6*v5*v4^2+-1*v8^2*v5^2*v4^2+v7^2*v5^2*v4^2+-2*v8*v7*v6^2*v4*v3+-2*v8*v7*v5^2*v4*v3+v8^2*v6^2*v3^2+-1*v7^2*v6^2*v3^2+2*v8*v7*v6*v5*v3^2+-4*v8*v7*v6*v5*v4*v2+2*v8^2*v5^2*v4*v2+-2*v7^2*v5^2*v4*v2+-2*v8*v7*v5*v4^2*v2+-2*v7*v6*v5*v4^2*v2+2*v8*v5^2*v4^2*v2+2*v8*v7*v6^2*v3*v2+2*v8*v7*v5^2*v3*v2+4*v8*v7*v6*v4*v3*v2+2*v7*v6^2*v4*v3*v2+2*v7*v5^2*v4*v3*v2+-2*v8^2*v6*v3^2*v2+2*v7^2*v6*v3^2*v2+-2*v8*v6^2*v3^2*v2+-2*v8*v7*v5*v3^2*v2+-2*v7*v6*v5*v3^2*v2+2*v8*v7*v6*v5*v2^2+-1*v8^2*v5^2*v2^2+v7^2*v5^2*v2^2+4*v8*v7*v5*v4*v2^2+4*v7*v6*v5*v4*v2^2+-4*v8*v5^2*v4*v2^2+2*v7*v5*v4^2*v2^2+-1*v5^2*v4^2*v2^2+-4*v8*v7*v6*v3*v2^2+-2*v7*v6^2*v3*v2^2+-2*v7*v5^2*v3*v2^2+-2*v8*v7*v4*v3*v2^2+-4*v7*v6*v4*v3*v2^2+v8^2*v3^2*v2^2+-1*v7^2*v3^2*v2^2+4*v8*v6*v3^2*v2^2+v6^2*v3^2*v2^2+2*v7*v5*v3^2*v2^2+-2*v8*v7*v5*v2^3+-2*v7*v6*v5*v2^3+2*v8*v5^2*v2^3+-4*v7*v5*v4*v2^3+2*v5^2*v4*v2^3+2*v8*v7*v3*v2^3+4*v7*v6*v3*v2^3+2*v7*v4*v3*v2^3+-2*v8*v3^2*v2^3+-2*v6*v3^2*v2^3+2*v7*v5*v2^4+-1*v5^2*v2^4+-2*v7*v3*v2^4+v3^2*v2^4+2*v8*v7*v6^2*v4*v1+2*v8*v7*v5^2*v4*v1+-2*v8*v7*v6*v4^2*v1+2*v8^2*v5*v4^2*v1+-2*v7^2*v5*v4^2*v1+-2*v8*v6*v5*v4^2*v1+-2*v7*v5^2*v4^2*v1+-2*v8^2*v6^2*v3*v1+2*v7^2*v6^2*v3*v1+-4*v8*v7*v6*v5*v3*v1+2*v8*v6^2*v4*v3*v1+4*v8*v7*v5*v4*v3*v1+2*v8*v5^2*v4*v3*v1+-2*v8*v7*v6*v3^2*v1+2*v7*v6^2*v3^2*v1+-2*v8*v6*v5*v3^2*v1+-2*v8*v7*v6^2*v2*v1+-2*v8*v7*v5^2*v2*v1+-2*v7*v6^2*v4*v2*v1+-4*v8^2*v5*v4*v2*v1+4*v7^2*v5*v4*v2*v1+4*v8*v6*v5*v4*v2*v1+2*v7*v5^2*v4*v2*v1+2*v8*v7*v4^2*v2*v1+2*v7*v6*v4^2*v2*v1+-2*v8*v5*v4^2*v2*v1+2*v6*v5*v4^2*v2*v1+4*v8^2*v6*v3*v2*v1+-4*v7^2*v6*v3*v2*v1+2*v8*v6^2*v3*v2*v1+4*v7*v6*v5*v3*v2*v1+-2*v8*v5^2*v3*v2*v1+-4*v8*v6*v4*v3*v2*v1+-2*v6^2*v4*v3*v2*v1+-4*v7*v5*v4*v3*v2*v1+-2*v5^2*v4*v3*v2*v1+2*v8*v7*v3^2*v2*v1+-2*v7*v6*v3^2*v2*v1+2*v8*v5*v3^2*v2*v1+2*v6*v5*v3^2*v2*v1+2*v8*v7*v6*v2^2*v1+2*v7*v6^2*v2^2*v1+2*v8^2*v5*v2^2*v1+-2*v7^2*v5*v2^2*v1+-2*v8*v6*v5*v2^2*v1+-2*v8*v7*v4*v2^2*v1+4*v8*v5*v4*v2^2*v1+-4*v6*v5*v4*v2^2*v1+-2*v7*v4^2*v2^2*v1+-2*v8^2*v3*v2^2*v1+2*v7^2*v3*v2^2*v1+-4*v8*v6*v3*v2^2*v1+2*v5^2*v3*v2^2*v1+2*v8*v4*v3*v2^2*v1+4*v6*v4*v3*v2^2*v1+-2*v5*v3^2*v2^2*v1+-2*v7*v6*v2^3*v1+-2*v8*v5*v2^3*v1+2*v6*v5*v2^3*v1+2*v7*v4*v2^3*v1+2*v8*v3*v2^3*v1+-2*v4*v3*v2^3*v1+v8^2*v6^2*v1^2+-1*v7^2*v6^2*v1^2+2*v8*v7*v6*v5*v1^2+-2*v8*v6^2*v4*v1^2+-4*v8*v7*v5*v4*v1^2+-2*v8*v5^2*v4*v1^2+-1*v8^2*v4^2*v1^2+v7^2*v4^2*v1^2+2*v8*v6*v4^2*v1^2+4*v7*v5*v4^2*v1^2+v5^2*v4^2*v1^2+4*v8*v7*v6*v3*v1^2+-4*v7*v6^2*v3*v1^2+4*v8*v6*v5*v3*v1^2+-2*v8*v7*v4*v3*v1^2+-4*v8*v5*v4*v3*v1^2+2*v8*v6*v3^2*v1^2+-1*v6^2*v3^2*v1^2+-2*v8^2*v6*v2*v1^2+2*v7^2*v6*v2*v1^2+2*v8*v7*v5*v2*v1^2+-2*v7*v6*v5*v2*v1^2+2*v8*v5^2*v2*v1^2+2*v8^2*v4*v2*v1^2+-2*v7^2*v4*v2*v1^2+2*v6^2*v4*v2*v1^2+-4*v7*v5*v4*v2*v1^2+-2*v6*v4^2*v2*v1^2+-2*v8*v7*v3*v2*v1^2+4*v7*v6*v3*v2*v1^2+-4*v6*v5*v3*v2*v1^2+2*v7*v4*v3*v2*v1^2+4*v5*v4*v3*v2*v1^2+-2*v8*v3^2*v2*v1^2+2*v8*v6*v2^2*v1^2+-1*v6^2*v2^2*v1^2+2*v7*v5*v2^2*v1^2+-1*v5^2*v2^2*v1^2+-2*v8*v4*v2^2*v1^2+v4^2*v2^2*v1^2+-2*v7*v3*v2^2*v1^2+v3^2*v2^2*v1^2+-2*v8*v7*v6*v1^3+2*v7*v6^2*v1^3+-2*v8*v6*v5*v1^3+2*v8*v7*v4*v1^3+4*v8*v5*v4*v1^3+-2*v7*v4^2*v1^3+-2*v5*v4^2*v1^3+-4*v8*v6*v3*v1^3+2*v6^2*v3*v1^3+2*v8*v4*v3*v1^3+-2*v7*v6*v2*v1^3+-2*v8*v5*v2*v1^3+2*v6*v5*v2*v1^3+2*v7*v4*v2*v1^3+2*v8*v3*v2*v1^3+-2*v4*v3*v2*v1^3+2*v8*v6*v1^4+-1*v6^2*v1^4+-2*v8*v4*v1^4+v4^2*v1^4,v9*v8+-1*v10*v7+-1*v9*v2+v7*v2+v10*v1+-1*v8*v1,-1*v9*v6+v10*v5+v9*v4+-1*v5*v4+-1*v10*v3+v6*v3,2*v11+-1*v3+-1*v1,2*v12+-1*v4+-1*v2,2*v13+-1*v5+-1*v1,2*v14+-1*v6+-1*v2,-1*v16+v12+v3+-1*v1,-1*v15+v11+-1*v4+v2,-1*v18+v14+-1*v5+v1,-1*v17+v13+v6+-1*v2,v19*v16+-1*v20*v15+-1*v19*v12+v15*v12+v20*v11+-1*v16*v11,v19*v18+-1*v20*v17+-1*v19*v14+v17*v14+v20*v13+-1*v18*v13,-1*v22+v19+v10+-1*v1,-1*v21+-1*v20+v9+v2,v23*v22+-1*v24*v21+-1*v23*v10+v21*v10+v24*v9+-1*v22*v9,-1*v23*v6+v24*v5+v23*v2+-1*v5*v2+-1*v24*v1+v6*v1,-1+-1*v25*v5*v4+v25*v6*v3+v25*v5*v2+-1*v25*v3*v2+-1*v25*v6*v1+v25*v4*v1,-1+-1*v26*v24^2+-1*v26*v23^2+v26*v4^2+v26*v3^2+2*v26*v24*v2+-2*v26*v4*v2+2*v26*v23*v1+-2*v26*v3*v1],[v1=0,v2=0,v3=0,v4=1]),[v1,v2,v3,v4,v5,v6,v7,v8,v9,v10,v11,v12,v13,v14,v15,v17,v16,v19,v18,v21,v20,v23,v22,v25,v24,v26],revlex)
1<< [4*v22^2*v25-4*v21+v25+2,2*v22*v25*v24-v23*v25-2*v23,16*v18^2+16*v21*v22+12*v22^2+16*v18+4*v21+8*v22+5,4*v18*v21-2*v21*v22-4*v22^2+2*v21-v22,v21^2+v22^2,4*v18*v23-2*v21*v24-4*v22*v24+2*v23-v24,v21*v23+v22*v24,v23^2+v24^2,4*v18*v22+4*v21*v22-2*v22^2+v21+2*v22,v23*v22-v21*v24,v18*v25+2*v18+2*v21-v22,2*v21*v25+v25+2,4*v18*v24+4*v21*v24-2*v22*v24+v23+2*v24,2*v5-2*v21-1,v6-2*v18-2*v21-1,2*v7-2*v21-1,v8-2*v18-2*v21-1,2*v9-2*v21-1,v10-2*v18-2*v21-1,v11,2*v12-1,4*v13-2*v21-1,2*v14-2*v18-2*v21-1,v15+1,4*v17-8*v18-10*v21-5,2*v16-1,v19+2*v18+2*v21-v22+1,2*v20-1,v26-1]
