1>> gbasis(subst([2*v7+-1*v5+-1*v3,2*v8+-1*v6+-1*v4,2*v9+-1*v5+-1*v1,2*v10+-1*v6+-1*v2,-1*v11*v10+v12*v9+v11*v4+-1*v9*v4+-1*v12*v3+v10*v3,v11*v8+-1*v12*v7+-1*v11*v2+v7*v2+v12*v1+-1*v8*v1,-1+-1*v17*v5*v4+v17*v6*v3+v17*v5*v2+-1*v17*v3*v2+-1*v17*v6*v1+v17*v4*v1,v15^2+-1*v12^2+-1*v11^2+2*v12*v8+-1*v8^2+2*v11*v7+-1*v7^2,v16^2+-1*v12^2+-1*v11^2+2*v12*v2+-1*v2^2+2*v11*v1+-1*v1^2,-1+v18*v16^2+-4*v18*v15^2],[v1=0,v2=0,v3=0,v4=1]),[v1,v2,v3,v4,v5,v6,v7,v8,v9,v10,v11,v12,v15,v17,v16,v18],revlex)
1<< [1]
