1>> gbasis(subst([2*v5+-1*v3+-1*v1,2*v6+-1*v4+-1*v2,-1*v8+v6+v3+-1*v1,-1*v7+v5+-1*v4+v2,v9*v8+-1*v10*v7+-1*v9*v6+v7*v6+v10*v5+-1*v8*v5,v11*v8+-1*v12*v7+-1*v11*v6+v7*v6+v12*v5+-1*v8*v5,-1*v12^2+-1*v11^2+2*v12*v10+2*v11*v9+-2*v10*v2+v2^2+-2*v9*v1+v1^2,v13+-1*v11+v9+-1*v1,v14+-1*v12+v10+-1*v2,-1*v16+-1*v9+v2+v1,-1*v15+v10+-1*v2+v1,v17*v14+-1*v18*v13+-1*v17*v12+v13*v12+v18*v11+-1*v14*v11,v17*v16+-1*v18*v15+-1*v17*v2+v15*v2+v18*v1+-1*v16*v1,-1+v19*v18^2+v19*v17^2+-2*v19*v18*v12+-2*v19*v17*v11+2*v19*v12*v6+-1*v19*v6^2+2*v19*v11*v5+-1*v19*v5^2],[v1=0,v2=0,v3=0,v4=1]),[v1,v2,v3,v4,v9,v5,v6,v7,v8,v10,v11,v12,v13,v14,v15,v17,v16,v19,v18],revlex)
1<< [v17^2+v18^2,2*v17*v16-v18,4*v16^2+1,2*v16*v18+v17,v9+v16,v5,2*v6-1,v7+1,2*v8-1,2*v10-1,v11+v16,2*v12-1,v13,v14,2*v15-1,v19-4]
