1>> gbasis(subst([2*v7+-1*v3+-1*v1,2*v8+-1*v4+-1*v2,v10+-1*v8+-1*v7+v3,v9+v8+-1*v7+-1*v4,2*v11+-1*v5+-1*v3,2*v12+-1*v6+-1*v4,v14+-1*v12+-1*v11+v5,v13+v12+-1*v11+-1*v6,-1*v15*v10+v16*v9+v15*v8+-1*v9*v8+-1*v16*v7+v10*v7,-1*v15*v14+v16*v13+v15*v12+-1*v13*v12+-1*v16*v11+v14*v11,-1+-1*v17*v5*v4+v17*v6*v3+v17*v5*v2+-1*v17*v3*v2+-1*v17*v6*v1+v17*v4*v1,-1+2*v18*v16*v4+-1*v18*v4^2+2*v18*v15*v3+-1*v18*v3^2+-2*v18*v16*v2+v18*v2^2+-2*v18*v15*v1+v18*v1^2],[v1=0,v2=0,v3=0,v4=1]),[v1,v2,v3,v4,v5,v6,v7,v8,v9,v10,v11,v12,v13,v14,v15,v17,v16,v18],revlex)
1<< [1]
