1>> gbasis(subst([-1*v7+2*v3+-1*v1,-1*v8+2*v4+-1*v2,-1*v8^2+-1*v7^2+v6^2+v5^2+2*v8*v4+-2*v6*v4+2*v7*v3+-2*v5*v3,v8*v6+v7*v5+-1*v8*v4+-1*v7*v3+-1*v6*v2+v4*v2+-1*v5*v1+v3*v1,v9*v6+-1*v10*v5+-1*v9*v4+v5*v4+v10*v3+-1*v6*v3,-1*v11+-1*v9+2*v3,-1*v12+-1*v10+2*v4,-1+-1*v13*v12^2+-1*v13*v11^2+v13*v10^2+v13*v9^2+2*v13*v12*v4+-2*v13*v10*v4+2*v13*v11*v3+-2*v13*v9*v3],[v1=0,v2=0,v3=0,v4=1]),[v1,v2,v3,v4,v9,v5,v6,v7,v8,v10,v11,v12,v13],revlex)
1<< [1]
