1>> gbasis(subst([2*v8*v4+-1*v4^2+2*v7*v3+-1*v3^2+-2*v8*v2+v2^2+-2*v7*v1+v1^2,2*v8*v6+-1*v6^2+2*v7*v5+-1*v5^2+-2*v8*v2+v2^2+-2*v7*v1+v1^2,-1*v10^2+-1*v9^2+2*v10*v8+2*v9*v7+-2*v8*v2+v2^2+-2*v7*v1+v1^2,2*v11+-1*v3+-1*v1,2*v12+-1*v4+-1*v2,2*v13+-1*v5+-1*v3,2*v14+-1*v6+-1*v4,2*v15+-1*v9+-1*v5,2*v16+-1*v10+-1*v6,-1*v18+v12+v9+-1*v5,-1*v17+v11+-1*v10+v6,-1*v20+v14+-1*v9+v1,-1*v19+v13+v10+-1*v2,v21*v20+-1*v22*v19+-1*v21*v14+v19*v14+v22*v13+-1*v20*v13,v21*v18+-1*v22*v17+-1*v21*v12+v17*v12+v22*v11+-1*v18*v11,-1+-1*v23*v5*v4+v23*v6*v3+v23*v5*v2+-1*v23*v3*v2+-1*v23*v6*v1+v23*v4*v1,-1+v24*v22*v4+-1*v24*v16*v4+v24*v21*v3+-1*v24*v15*v3+-1*v24*v22*v2+v24*v16*v2+-1*v24*v21*v1+v24*v15*v1],[v1=0,v2=0,v3=0,v4=1]),[v1,v2,v3,v4,v5,v6,v9,v7,v8,v10,v11,v12,v13,v14,v15,v17,v16,v19,v18,v21,v20,v23,v22,v24],revlex)
1<< [3456*v21^2*v20^2*v24+1728*v21*v20^3*v24-5184*v21^2*v20*v22*v24+2160*v18*v20^2*v22*v24+3456*v21*v20^2*v22*v24+3456*v20^3*v22*v24+1728*v21^2*v22^2*v24-5760*v19*v20*v22^2*v24-6120*v18*v20*v22^2*v24-9936*v21*v20*v22^2*v24-9792*v20^2*v22^2*v24+5760*v19*v22^3*v24+3960*v18*v22^3*v24+4752*v21*v22^3*v24+10944*v20*v22^3*v24-4608*v22^4*v24-3456*v21^2*v20*v24-1080*v18*v20^2*v24-6048*v21*v20^2*v24-1728*v20^3*v24+2592*v21^2*v22*v24+8640*v19*v20*v22*v24+3780*v18*v20*v22*v24+3456*v21*v20*v22*v24+1512*v20^2*v22*v24-5760*v19*v22^2*v24-1800*v18*v22^2*v24+1512*v21*v22^2*v24+756*v20*v22^2*v24-1404*v22^3*v24+2880*v16*v21^2-2304*v19*v21^2-1728*v19*v21*v20+576*v21^2*v20+864*v21*v20^2-1680*v16*v21*v22+3072*v19*v21*v22-1728*v21^2*v22-864*v7*v20*v22-3456*v19*v20*v22+5424*v21*v20*v22+1728*v20^2*v22+864*v7*v22^2+5120*v16*v22^2-1504*v19*v22^2-1400*v18*v22^2-4752*v21*v22^2-8384*v20*v22^2+4608*v22^3+864*v21^2*v24-2880*v19*v20*v24-360*v18*v20*v24+4752*v21*v20*v24+1692*v20^2*v24-1440*v19*v22*v24-990*v18*v22*v24-2592*v21*v22*v24-3762*v20*v22*v24+2628*v22^2*v24+2640*v16*v21-1248*v19*v21-288*v21^2+432*v7*v20+1728*v19*v20-5808*v21*v20-864*v20^2-432*v7*v22-7520*v16*v22+7312*v19*v22+2900*v18*v22+312*v21*v22+8192*v20*v22-1156*v22^2+1440*v19*v24+450*v18*v24-1080*v21*v24+324*v20*v24+351*v22*v24+2480*v16-3280*v19-1100*v18+2904*v21-2000*v20-4106*v22-369*v24+1766,96*v21*v23*v22^2*v24+48*v20*v23*v22^2*v24-144*v7*v21*v22*v24^2-144*v21^2*v22*v24^2+48*v19*v20*v22*v24^2+60*v18*v20*v22*v24^2+96*v20^2*v22*v24^2+72*v19*v22^2*v24^2-96*v20*v22^2*v24^2-144*v22^3*v24^2-24*v20*v23*v22*v24-24*v23*v22^2*v24+48*v7*v21*v24^2+48*v21^2*v24^2-16*v19*v20*v24^2-20*v18*v20*v24^2-32*v20^2*v24^2-24*v7*v22*v24^2-64*v19*v22*v24^2-50*v18*v22*v24^2-24*v21*v22*v24^2-126*v20*v22*v24^2+200*v22^2*v24^2-48*v19*v21*v23-96*v21*v23*v22-48*v20*v23*v22+96*v21^2*v24+48*v21*v20*v24+48*v7*v22*v24-120*v19*v22*v24-24*v21*v22*v24+96*v20*v22*v24+12*v23*v22*v24+144*v22^2*v24+12*v7*v24^2+16*v19*v24^2+20*v18*v24^2+12*v21*v24^2+58*v20*v24^2+9*v22*v24^2+24*v20*v23+24*v23*v22-24*v7*v24+48*v19*v24-24*v21*v24-32*v20*v24-200*v22*v24-26*v24^2-12*v23+56*v24,72*v7*v21*v20^2-72*v21^2*v20^2+72*v7^2*v20*v22+36*v19*v18*v20*v22-144*v7*v21*v20*v22+72*v19*v21*v20*v22-120*v16*v20^2*v22+96*v19*v20^2*v22+48*v18*v20^2*v22+48*v20^3*v22-72*v7^2*v22^2-36*v19*v18*v22^2+240*v16*v21*v22^2-120*v19*v21*v22^2+120*v16*v20*v22^2-96*v19*v20*v22^2-48*v18*v20*v22^2-96*v21*v20*v22^2-48*v20^2*v22^2+144*v7*v22^3-320*v16*v22^3+256*v19*v22^3+200*v18*v22^3+200*v20*v22^3-36*v7^2*v20-18*v19*v18*v20-36*v7*v21*v20-72*v19*v21*v20+144*v21^2*v20+60*v16*v20^2-48*v19*v20^2-24*v18*v20^2-24*v20^3+36*v7^2*v22+18*v19*v18*v22+144*v7*v21*v22-360*v16*v21*v22+108*v19*v21*v22-18*v19*v20*v22+144*v21*v20*v22-48*v20^2*v22-288*v7*v22^2+580*v16*v22^2-446*v19*v22^2-376*v18*v22^2-24*v21*v22^2-364*v20*v22^2-200*v22^3-36*v7*v21+120*v16*v21+12*v19*v21-72*v21^2-30*v16*v20+33*v19*v20+12*v18*v20-48*v21*v20+36*v20^2+180*v7*v22-370*v16*v22+287*v19*v22+238*v18*v22+36*v21*v22+292*v20*v22+394*v22^2-36*v7+80*v16-64*v19-50*v18-12*v21-80*v20-265*v22+59,960*v7*v23*v22^2-480*v7^2*v22*v24+120*v18^2*v22*v24+480*v7*v21*v22*v24+960*v21^2*v22*v24-416*v19*v20*v22*v24-136*v18*v20*v22*v24-448*v20^2*v22*v24-624*v19*v22^2*v24-384*v18*v22^2*v24+448*v20*v22^2*v24+1440*v22^3*v24-240*v19*v21*v23-960*v7*v23*v22-480*v21*v23*v22-240*v20*v23*v22+240*v7^2*v24-60*v18^2*v24-240*v7*v21*v24-480*v21^2*v24+208*v19*v20*v24+68*v18*v20*v24+224*v20^2*v24+120*v7*v22*v24+600*v19*v22*v24+240*v18*v22*v24+120*v21*v22*v24+452*v20*v22*v24-1632*v22^2*v24+480*v7*v21-480*v21^2+240*v7*v23+240*v21*v23+120*v20*v23-480*v16*v22+624*v19*v22+384*v18*v22-448*v20*v22+120*v23*v22-960*v22^2-60*v7*v24-144*v19*v24-24*v18*v24-60*v21*v24-338*v20*v24+210*v22*v24+240*v16-312*v19-192*v18-120*v21+224*v20-60*v23+1152*v22+123*v24-336,360*v18^2*v20*v24+1152*v18*v20^2*v24+2304*v21*v20^2*v24+1152*v20^3*v24-360*v18^2*v22*v24-3072*v19*v20*v22*v24-3264*v18*v20*v22*v24-3456*v21*v20*v22*v24-3840*v20^2*v22*v24+3072*v19*v22^2*v24+2112*v18*v22^2*v24+1152*v21*v22^2*v24+5664*v20*v22^2*v24-2976*v22^3*v24-180*v18^2*v24+1536*v19*v20*v24-1032*v18*v20*v24-2304*v21*v20*v24-1536*v20^2*v24+1512*v18*v22*v24+1728*v21*v22*v24+3936*v20*v22*v24-3120*v22^2*v24-720*v19*v18+1920*v16*v21-1536*v19*v21+960*v16*v20-1920*v19*v20+192*v18*v20+384*v21*v20+192*v20^2-1120*v16*v22+2048*v19*v22+448*v18*v22-1152*v21*v22-3104*v20*v22+2976*v22^2-768*v19*v24+228*v18*v24+576*v21*v24+522*v20*v24-858*v22*v24+800*v16+296*v19-896*v18-192*v21-32*v20+560*v22-21*v24+368,48*v19*v20^2*v24+60*v18*v20^2*v24+144*v21*v20^2*v24+96*v20^3*v24-168*v19*v20*v22*v24-120*v18*v20*v22*v24-216*v21*v20*v22*v24-288*v20^2*v22*v24+120*v19*v22^2*v24+60*v18*v22^2*v24+72*v21*v22^2*v24+288*v20*v22^2*v24-96*v22^3*v24+48*v19*v20*v24-30*v18*v20*v24-144*v21*v20*v24-126*v20^2*v24-12*v19*v22*v24+30*v18*v22*v24+108*v21*v22*v24+252*v20*v22*v24-126*v22^2*v24+120*v16*v21-96*v19*v21-72*v19*v20+24*v21*v20+96*v20^2-160*v16*v22+200*v19*v22+100*v18*v22-72*v21*v22-128*v20*v22+96*v22^2-36*v19*v24+36*v21*v24+39*v20*v24-39*v22*v24+80*v16-28*v19-50*v18-12*v21-80*v20-34*v22+41,48*v20^2*v23*v24+192*v23*v22^2*v24-288*v7*v22*v24^2-192*v19*v22*v24^2-240*v18*v22*v24^2-288*v21*v22*v24^2-384*v20*v22*v24^2+384*v22^2*v24^2-48*v20*v23*v24+84*v7*v24^2+56*v19*v24^2+70*v18*v24^2+84*v21*v24^2+112*v20*v24^2+200*v22*v24^2-96*v19*v23-192*v23*v22+24*v7*v24-24*v19*v24+192*v21*v24+48*v20*v24+12*v23*v24-432*v22*v24-91*v24^2+88*v24,72*v7*v22^2*v24+48*v19*v22^2*v24+60*v18*v22^2*v24+72*v21*v22^2*v24+96*v20*v22^2*v24-96*v22^3*v24-108*v7*v22*v24-72*v19*v22*v24-90*v18*v22*v24-108*v21*v22*v24-144*v20*v22*v24+66*v22^2*v24+120*v16*v21-96*v19*v21-48*v21*v20+72*v7*v22-160*v16*v22+128*v19*v22+100*v18*v22-72*v21*v22+64*v20*v22+96*v22^2+36*v7*v24+24*v19*v24+30*v18*v24+36*v21*v24+48*v20*v24+69*v22*v24-36*v7+80*v16-64*v19-50*v18+60*v21-32*v20-226*v22-39*v24+89,120*v7^2*v24^2-30*v18^2*v24^2+240*v7*v21*v24^2+120*v21^2*v24^2-16*v19*v20*v24^2-116*v18*v20*v24^2-128*v20^2*v24^2-24*v19*v22*v24^2+96*v18*v22*v24^2+128*v20*v22*v24^2-120*v7*v23*v24-120*v21*v23*v24-60*v20*v23*v24+30*v7*v24^2+28*v19*v24^2+113*v18*v24^2+30*v21*v24^2+226*v20*v24^2-152*v22*v24^2+240*v7*v23+24*v19*v24-96*v18*v24-128*v20*v24+30*v23*v24+240*v22*v24-101*v24^2+92*v24-120,120*v16*v21*v20-96*v19*v21*v20-48*v21*v20^2+72*v7*v20*v22-160*v16*v20*v22+128*v19*v20*v22+100*v18*v20*v22-72*v21*v20*v22+64*v20^2*v22-72*v7*v22^2+72*v19*v22^2-120*v16*v21+96*v19*v21-36*v7*v20+80*v16*v20-64*v19*v20-50*v18*v20+108*v21*v20-32*v20^2+36*v7*v22+160*v16*v22-236*v19*v22-100*v18*v22+72*v21*v22-146*v20*v22-80*v16+100*v19+50*v18-60*v21+73*v20+82*v22-41,240*v7*v20*v23-120*v7^2*v24+30*v18^2*v24-120*v7*v21*v24-24*v19*v20*v24+66*v18*v20*v24+48*v20^2*v24+240*v7*v22*v24+124*v19*v22*v24+104*v18*v22*v24+240*v21*v22*v24+272*v20*v22*v24-200*v22^2*v24-120*v7*v23-120*v19*v23-120*v7*v24-68*v19*v24-163*v18*v24-120*v21*v24-241*v20*v24-88*v22*v24-120*v16+36*v19+96*v18-240*v21+48*v20+200*v22+166*v24-232,96*v21*v20*v23-96*v19*v23*v22-48*v7*v21*v24-48*v21^2*v24+16*v19*v20*v24+20*v18*v20*v24+32*v20^2*v24+96*v7*v22*v24+88*v19*v22*v24+80*v18*v22*v24+96*v21*v22*v24+96*v20*v22*v24-176*v22^2*v24+48*v19*v23-48*v21*v23-48*v7*v24-40*v19*v24-50*v18*v24-48*v21*v24-106*v20*v24-24*v19-96*v21+32*v20+128*v22+65*v24-80,40*v19*v18*v24+20*v18^2*v24+64*v19*v20*v24+64*v18*v20*v24+32*v20^2*v24-64*v19*v22*v24-64*v18*v22*v24-112*v20*v22*v24+80*v22^2*v24-52*v19*v24-52*v18*v24-64*v20*v24+88*v22*v24-80*v16+64*v19+64*v18+112*v20-80*v22+29*v24-88,96*v19*v21*v24+48*v19*v20*v24+60*v18*v20*v24+192*v21*v20*v24+96*v20^2*v24-248*v19*v22*v24-160*v18*v22*v24-192*v21*v22*v24-256*v20*v22*v24+256*v22^2*v24+136*v19*v24+50*v18*v24-96*v21*v24-46*v20*v24+80*v22*v24-72*v19+192*v21+96*v20-256*v22-41*v24+80,12*v7*v20*v24+8*v19*v20*v24+10*v18*v20*v24+12*v21*v20*v24+16*v20^2*v24-16*v20*v22*v24-12*v7*v24-8*v19*v24-10*v18*v24-12*v21*v24-29*v20*v24+16*v22*v24+12*v7-12*v19+16*v20+13*v24-16,12*v19*v23*v24-24*v23*v22*v24+12*v7*v24^2+8*v19*v24^2+10*v18*v24^2+12*v21*v24^2+16*v20*v24^2-16*v22*v24^2-13*v24^2+24*v23+22*v24,72*v7*v16-192*v16*v21+96*v19*v21-72*v7*v20+120*v21*v20-72*v7*v22+256*v16*v22-248*v19*v22-160*v18*v22-160*v20*v22+72*v7-176*v16+184*v19+110*v18-24*v21+128*v20+160*v22-119,720*v16^2-576*v16*v18+360*v19*v18+180*v18^2-1536*v16*v21+768*v19*v21-1776*v16*v20+960*v19*v20+1056*v18*v20+1536*v21*v20+1056*v20^2+2048*v16*v22-2560*v19*v22-1280*v18*v22-1280*v20*v22+152*v16+620*v19-68*v18-768*v21-944*v20+1280*v22-67,36*v7*v19+18*v19*v18-120*v16*v21+60*v19*v21-60*v16*v20+48*v19*v20+24*v18*v20+48*v21*v20+24*v20^2-72*v7*v22+160*v16*v22-128*v19*v22-100*v18*v22-100*v20*v22+36*v7-50*v16+31*v19+38*v18+12*v21+32*v20+100*v22-47,72*v16*v19-192*v16*v21+96*v19*v21-96*v16*v20+48*v19*v20+60*v18*v20+192*v21*v20+96*v20^2+256*v16*v22-320*v19*v22-160*v18*v22-160*v20*v22-80*v16+136*v19+50*v18-96*v21-46*v20+160*v22-41,36*v19^2+18*v19*v18-120*v16*v21+60*v19*v21-60*v16*v20+48*v19*v20+24*v18*v20+120*v21*v20+60*v20^2+160*v16*v22-200*v19*v22-100*v18*v22-100*v20*v22-50*v16+67*v19+38*v18-60*v21-22*v20+100*v22-29,6*v7*v18-6*v19*v18+20*v16*v20-16*v19*v20-8*v18*v20-8*v20^2-3*v7-20*v16+19*v19+8*v18+16*v20-8,6*v18*v21-20*v16*v22+16*v19*v22+8*v18*v22+8*v20*v22+10*v16-8*v19-4*v18-3*v21-4*v20-8*v22+4,24*v16*v23-12*v19*v23-12*v7*v24-8*v19*v24-10*v18*v24-12*v21*v24-16*v20*v24+16*v22*v24+13*v24-22,24*v18*v23+24*v20*v23-12*v7*v24-8*v19*v24-10*v18*v24-12*v21*v24-16*v20*v24+16*v22*v24-24*v23+13*v24-40,v16*v24-v22*v24+1,3*v5-4*v16+2*v19+4*v18+4*v20-4,3*v6-8*v16+4*v19+2*v18+2*v20-2,6*v9-8*v16+4*v19+2*v18+8*v20-5,2*v8-1,3*v10+2*v16-4*v19-2*v18-2*v20+2,v11,2*v12-1,3*v13-2*v16+v19+2*v18+2*v20-2,6*v14-8*v16+4*v19+2*v18+2*v20-5,12*v15-16*v16+8*v19+10*v18+16*v20-13,3*v17-10*v16+8*v19+4*v18+4*v20-4]
