1>> gbasis(subst([-1*v6+v3+v2+-1*v1,-1*v5+-1*v4+v2+v1,v7*v6+-1*v8*v5+-1*v7*v2+v5*v2+v8*v1+-1*v6*v1,2*v9+-1*v7+-1*v3,2*v10+-1*v8+-1*v4,-1*v11*v4+v12*v3+v11*v2+-1*v3*v2+-1*v12*v1+v4*v1,-2*v14*v10+v10^2+-2*v13*v9+v9^2+2*v14*v2+-1*v2^2+2*v13*v1+-1*v1^2,2*v14*v12+-1*v12^2+2*v13*v11+-1*v11^2+-2*v14*v10+v10^2+-2*v13*v9+v9^2,v15+-1*v11+v7+-1*v3,v16+-1*v12+v8+-1*v4,v17*v16+-1*v18*v15+-1*v17*v12+v15*v12+v18*v11+-1*v16*v11,-1*v18^2+-1*v17^2+2*v18*v14+2*v17*v13+-2*v14*v10+v10^2+-2*v13*v9+v9^2,-1+v19*v18^2+v19*v17^2+-2*v19*v18*v12+v19*v12^2+-2*v19*v17*v11+v19*v11^2+-1*v19*v10^2+-1*v19*v9^2+2*v19*v10*v4+-1*v19*v4^2+2*v19*v9*v3+-1*v19*v3^2],[v1=0,v2=0,v3=0,v4=1]),[v1,v2,v3,v4,v7,v11,v5,v6,v8,v9,v10,v12,v13,v14,v15,v17,v16,v19,v18],revlex)
1<< [256*v13^3*v14*v19+256*v13*v14^3*v19-64*v13^3*v19*v18-16*v13*v19*v18^3+1024*v13^3*v14+16*v14*v15^3-32*v13^3*v19-32*v13*v14^2*v19-256*v13^3*v18-4*v15^3*v18-64*v14^2*v17*v18-16*v14*v17*v18^2+16*v13*v16*v18^2-16*v13*v18^3-128*v13^3+512*v13*v14^2-64*v14^2*v15-2*v15^3+8*v17^3-v14*v15*v19+2*v14*v17*v19-2*v13*v16*v19-40*v14*v17*v18-40*v13*v16*v18+2*v13*v19*v18-40*v13*v18^2+8*v15*v18^2+8*v17*v18^2-128*v13*v14+24*v14*v15+28*v14*v17+4*v13*v16+v13*v19+52*v13*v18-4*v15*v18-12*v17*v18-3*v15+2*v17,64*v14^3*v19*v18-8*v16*v19*v18^3-32*v13^2*v14*v19-32*v14^3*v19+8*v13^2*v19*v18-8*v14^2*v19*v18+4*v16*v19*v18^2+8*v19*v18^3-128*v13^2*v14+8*v14*v15^2+4*v13^2*v19+4*v14^2*v19+32*v13^2*v18+32*v14^2*v18-2*v15^2*v18-8*v16*v18^2-4*v19*v18^2+16*v13^2-64*v14^2-v15^2-2*v17^2+8*v14*v18+6*v16*v18+6*v18^2+16*v14-8*v18-1,16*v13^2*v19*v18^2+4*v16*v19*v18^3+64*v13^2*v16*v18+8*v14^2*v19*v18-4*v15^2*v18^2-2*v16*v19*v18^2-4*v19*v18^3-4*v13^2*v19-4*v14^2*v19-64*v13^2*v18+16*v16*v18^2+2*v19*v18^2-16*v13^2+v15^2+4*v17^2+4*v14*v18-6*v16*v18-16*v18^2-8*v14+6*v18+1,8*v14^2*v15*v19-16*v14^2*v17*v19+8*v13*v14*v19-v14*v15*v19+2*v14*v17*v19+2*v13*v16*v19-2*v13*v19*v18+32*v13*v14+8*v14*v15-8*v14*v17+8*v13*v16-3*v13*v19-8*v13*v18-12*v13-v15,4*v14*v17^2*v19-8*v14^2*v19*v18+2*v16*v19*v18^2+2*v14*v19*v18-v16*v19*v18-2*v19*v18^2+v17^2-4*v14*v18+v16*v18+v19*v18+v18^2-v16+1,4*v13^2*v16*v19+v16*v19*v18^2+16*v13^2*v16-4*v13^2*v19-v15^2*v18-v19*v18^2-16*v13^2-2*v17^2+8*v14*v18+2*v16*v18-2*v18^2-3*v18,4*v14*v17*v19*v18-2*v14*v17*v19-v17,4*v13*v16*v19*v18-4*v13*v19*v18^2+v14*v15*v19-2*v14*v17*v19-4*v13*v19*v18+v13*v19+4*v13+v15-v17,4*v14*v19*v18^2-2*v16*v19*v18^2-2*v14*v19*v18+v16*v19*v18+2*v19*v18^2-v19*v18+v16-v18-1,v15*v19*v18^2+2*v13*v16*v19-v17*v19*v18+8*v13*v16-2*v13*v19+2*v15*v18-8*v13-2*v17,v15^2*v19-4*v17^2*v19+4*v16*v19*v18-4*v19*v18^2-4*v19*v18+v19+4,8*v13*v14*v18-2*v14*v17*v18-2*v13*v16*v18-2*v13*v18^2+v14*v17+v13*v16+v13*v18-v13,2*v14*v15*v18-v15*v18^2-2*v14*v17+v17*v18,2*v17^2*v18-8*v14*v18^2+2*v16*v18^2+2*v18^3+v17^2-v16*v18-v18^2+v18,4*v13*v15+v15^2-4*v14+1,2*v13*v17-v17^2+2*v14*v18-v18^2,v15*v17+2*v17^2-8*v14*v18+2*v16*v18+2*v18^2-v16-v18+1,2*v14*v16-v16*v18-2*v14+v18,v15*v16-v15*v18-v15+v17,v17*v16-v17,v16^2-v16*v18-2*v16+v18+1,v7+v15,v11,v5+1,v6,v8,2*v9+v15,2*v10-1,v12-v16+1]
