1>> gbasis(subst([-1*v12+-1*v11+v10+v9,-1*v9^2+v6^2+v5^2+-2*v6*v2+v2^2+-2*v5*v1+v1^2,-1*v10^2+v6^2+v5^2+-2*v6*v4+v4^2+-2*v5*v3+v3^2,-1*v11^2+v8^2+v7^2+-2*v8*v2+v2^2+-2*v7*v1+v1^2,-1*v12^2+v8^2+v7^2+-2*v8*v4+v4^2+-2*v7*v3+v3^2,2*v13+-1*v3+-1*v1,2*v14+-1*v4+-1*v2,v16+-1*v14+-1*v13+v1,v15+v14+-1*v13+-1*v2,-1*v15*v14+v16*v13+v15*v8+-1*v13*v8+-1*v16*v7+v14*v7,-1*v15*v14+v16*v13+v15*v8+-1*v13*v8+-1*v16*v7+v14*v7,-1+-1*v17*v5*v4+v17*v6*v3+v17*v5*v2+-1*v17*v3*v2+-1*v17*v6*v1+v17*v4*v1,-1+2*v18*v8*v4+-1*v18*v4^2+2*v18*v7*v3+-1*v18*v3^2+-2*v18*v8*v2+v18*v2^2+-2*v18*v7*v1+v18*v1^2],[v1=0,v2=0,v3=0,v4=1]),[v1,v2,v3,v4,v5,v6,v7,v8,v9,v10,v11,v12,v13,v14,v15,v17,v16,v18],revlex)
1<< [1]
