1>> gbasis(subst([-1*v8+v5+-1*v3+v2,-1*v7+-1*v6+v4+v1,v9*v8+-1*v10*v7+-1*v9*v2+v7*v2+v10*v1+-1*v8*v1,-1*v9*v6+v10*v5+v9*v4+-1*v5*v4+-1*v10*v3+v6*v3,-1*v12+v6+v3+-1*v1,-1*v11+v5+-1*v4+v2,v13*v8+-1*v14*v7+-1*v13*v2+v7*v2+v14*v1+-1*v8*v1,v13*v12+-1*v14*v11+-1*v13*v6+v11*v6+v14*v5+-1*v12*v5,-1+-1*v15*v5*v4+v15*v6*v3+v15*v5*v2+-1*v15*v3*v2+-1*v15*v6*v1+v15*v4*v1,-1+-1*v16*v13*v10+v16*v14*v9+v16*v13*v2+-1*v16*v9*v2+-1*v16*v14*v1+v16*v10*v1],[v1=0,v2=0,v3=0,v4=1]),[v1,v2,v3,v4,v5,v6,v7,v8,v9,v10,v11,v12,v13,v14,v15,v16],revlex)
1<< [1]
