1>> gbasis(subst([2*v5+-1*v3+-1*v1,2*v6+-1*v4+-1*v2,v7^2+-1*v6^2+-1*v5^2+2*v6*v2+-1*v2^2+2*v5*v1+-1*v1^2,v8^2+-1*v4^2+-1*v3^2+2*v4*v2+-1*v2^2+2*v3*v1+-1*v1^2,-1+v9*v8^2+-9*v9*v7^2],[v1=0,v2=0,v3=0,v4=1]),[v1,v2,v3,v4,v5,v6,v7,v8,v9],revlex)
1<< [4*v7^2-1,v8^2-1,v5,2*v6-1,5*v9+4]
