1>> gbasis(subst([2*v7+-1*v3+-1*v1,2*v8+-1*v4+-1*v2,2*v9+-1*v5+-1*v1,2*v10+-1*v6+-1*v2,-1*v12+v10+-1*v5+v1,-1*v11+v9+v6+-1*v2,-1*v14+v8+v3+-1*v1,-1*v13+v7+-1*v4+v2,v15*v12+-1*v16*v11+-1*v15*v10+v11*v10+v16*v9+-1*v12*v9,v15*v14+-1*v16*v13+-1*v15*v8+v13*v8+v16*v7+-1*v14*v7,v17*v14+-1*v18*v13+-1*v17*v8+v13*v8+v18*v7+-1*v14*v7,-1*v18^2+-1*v17^2+2*v18*v16+2*v17*v15+-2*v16*v2+v2^2+-2*v15*v1+v1^2,v19*v12+-1*v20*v11+-1*v19*v10+v11*v10+v20*v9+-1*v12*v9,-1*v20^2+-1*v19^2+2*v20*v16+2*v19*v15+-2*v16*v2+v2^2+-2*v15*v1+v1^2,-1*v21*v4+v22*v3+v21*v2+-1*v3*v2+-1*v22*v1+v4*v1,v21*v20+-1*v22*v19+-1*v21*v18+v19*v18+v22*v17+-1*v20*v17,v23*v6+-1*v24*v5+-1*v23*v2+v5*v2+v24*v1+-1*v6*v1,v23*v20+-1*v24*v19+-1*v23*v18+v19*v18+v24*v17+-1*v20*v17,-1+-1*v25*v5*v4+v25*v6*v3+v25*v5*v2+-1*v25*v3*v2+-1*v25*v6*v1+v25*v4*v1,-1+v26*v24^2+v26*v23^2+-1*v26*v22^2+-1*v26*v21^2+-2*v26*v24*v2+2*v26*v22*v2+-2*v26*v23*v1+2*v26*v21*v1],[v1=0,v2=0,v3=0,v4=1]),[v1,v2,v3,v4,v5,v6,v7,v8,v9,v10,v11,v12,v13,v14,v15,v17,v16,v19,v18,v21,v20,v23,v22,v25,v24,v26],revlex)
1<< [v22^4*v25^2*v26-v22^2*v25^2*v24^2*v26+2*v23*v22^2*v25*v24*v26+v22^4*v26+v23^2*v25^2+v22^2*v25^2+2*v23*v25*v24+v23^2+v22^2+v24^2,160*v15*v25^2*v24^3*v26-160*v19*v25^2*v24^3*v26+160*v15*v24^5*v26-160*v17*v24^5*v26-80*v15*v25^2*v24^2*v26+80*v19*v25^2*v24^2*v26+400*v15*v24^4*v26-400*v17*v24^4*v26+40*v19^2*v25^3+20*v15*v22*v25^2*v26-40*v17*v22*v25^2*v26+20*v19*v22*v25^2*v26-20*v19^2*v25*v24*v26-20*v15*v25^2*v24*v26+20*v19*v25^2*v24*v26-32*v11*v20*v24^2*v26+64*v12*v20*v24^2*v26+80*v15*v24^3*v26+560*v17*v24^3*v26-640*v19*v24^3*v26-10*v15*v22*v24*v26^2+10*v19*v22*v24*v26^2-10*v15*v24^2*v26^2+10*v17*v24^2*v26^2-80*v17*v22*v25^2+80*v19*v22*v25^2+40*v20*v25^3+160*v19^2*v25*v24-120*v15*v25^2*v24+120*v19*v25^2*v24-32*v11*v20*v24^2+64*v12*v20*v24^2+80*v20*v25*v24^2-160*v15*v24^3+160*v19*v24^3+40*v11*v17*v19*v26-80*v12*v17*v19*v26-64*v11*v20*v22*v26+128*v12*v20*v22*v26+400*v17*v22^2*v26-400*v19*v22^2*v26+40*v17*v19*v25*v26-20*v19^2*v25*v26-40*v20*v22*v25*v26+10*v17*v25^2*v26-10*v19*v25^2*v26+32*v11*v17*v24*v26+16*v12*v17*v24*v26-32*v11*v19*v24*v26-16*v12*v19*v24*v26+112*v11*v20*v24*v26-224*v12*v20*v24*v26-40*v15*v22*v24*v26+40*v19*v22*v24*v26-280*v20*v25*v24*v26+16*v11*v24^2*v26-32*v12*v24^2*v26-160*v15*v24^2*v26-200*v17*v24^2*v26+360*v19*v24^2*v26+160*v11*v17*v19-320*v12*v17*v19+320*v17*v19*v23+320*v17*v19*v25-300*v19^2*v25-160*v17*v23*v25+20*v15*v25^2-20*v19*v25^2-10*v25^3+512*v11*v17*v24+256*v12*v17*v24-512*v11*v19*v24-256*v12*v19*v24+320*v11*v20*v24-640*v12*v20*v24+160*v12*v25*v24+16*v11*v24^2-32*v12*v24^2-320*v15*v24^2+320*v19*v24^2-40*v25*v24^2-40*v11*v17*v26-20*v12*v17*v26+40*v11*v19*v26+20*v12*v19*v26-40*v11*v20*v26+80*v12*v20*v26+32*v11*v22*v26-64*v12*v22*v26+140*v15*v22*v26-300*v17*v22*v26+160*v19*v22*v26+130*v20*v25*v26+20*v22*v25*v26-56*v11*v24*v26+112*v12*v24*v26-480*v15*v24*v26+480*v19*v24*v26+135*v25*v24*v26-352*v11*v17-176*v12*v17+352*v11*v19+176*v12*v19+8*v11*v20-16*v12*v20-40*v17*v22+40*v19*v22-160*v11*v24+320*v12*v24+40*v15*v24-160*v17*v24+120*v19*v24-40*v25*v24+30*v11*v26-60*v12*v26+150*v15*v26+110*v17*v26-260*v19*v26-60*v25*v26+36*v11-72*v12-100*v15+340*v17-240*v19+5*v25-160*v24,2*v15*v22^2*v25^2*v24-2*v19*v22^2*v25^2*v24-4*v15*v22*v25^2*v24^2+4*v19*v22*v25^2*v24^2+8*v15*v22^2*v24^3-8*v19*v22^2*v24^3+2*v15*v25^2*v24^3-2*v19*v25^2*v24^3-v15*v22^2*v25^2+v19*v22^2*v25^2+2*v15*v22*v25^2*v24-2*v19*v22*v25^2*v24+4*v15*v22^2*v24^2-4*v19*v22^2*v24^2-v15*v25^2*v24^2+v19*v25^2*v24^2-16*v15*v22*v24^3+16*v19*v22*v24^3-2*v15*v22^2*v24+2*v19*v22^2*v24+8*v15*v24^3-8*v19*v24^3-v15*v22^2+v19*v22^2+4*v15*v22*v24-4*v19*v22*v24-4*v15*v24^2+4*v19*v24^2,16*v20*v22^2*v24^3-4*v15*v22^2*v25*v24+4*v19*v22^2*v25*v24+8*v15*v22*v25*v24^2-8*v19*v22*v25*v24^2-24*v20*v22*v24^3-8*v22^2*v24^3-4*v15*v25*v24^3+4*v19*v25*v24^3+2*v15*v22^2*v25-2*v19*v22^2*v25-4*v20*v22^2*v24-4*v15*v22*v25*v24+4*v19*v22*v25*v24+8*v20*v22*v24^2+2*v15*v25*v24^2-2*v19*v25*v24^2+8*v20*v24^3+12*v22*v24^3+2*v20*v22*v24+2*v22^2*v24-4*v20*v24^2-4*v22*v24^2-4*v24^3-v22*v24+2*v24^2,40*v19*v22^4*v26-20*v22^4*v25*v26-40*v19*v22^2*v24^2*v26+20*v22^2*v25*v24^2*v26-20*v23*v22^2*v24*v26-4*v11*v17*v19*v26+8*v12*v17*v19*v26+4*v11*v20*v22*v26-8*v12*v20*v22*v26-20*v17*v22^2*v26+20*v19*v22^2*v26-16*v11*v17*v24*v26-8*v12*v17*v24*v26+16*v11*v19*v24*v26+8*v12*v19*v24*v26-8*v11*v20*v24*v26+16*v12*v20*v24*v26+20*v15*v22*v24*v26-20*v19*v22*v24*v26+20*v20*v25*v24*v26-20*v15*v24^2*v26+20*v17*v24^2*v26-16*v11*v17*v19+32*v12*v17*v19-80*v17*v19*v23+40*v19*v23^2+40*v19*v22^2-40*v17*v19*v25+40*v19^2*v25+40*v17*v23*v25-20*v23^2*v25-20*v22^2*v25-64*v11*v17*v24-32*v12*v17*v24+64*v11*v19*v24+32*v12*v19*v24-32*v11*v20*v24+64*v12*v20*v24-40*v12*v25*v24-20*v20*v25*v24-40*v17*v24^2+40*v19*v24^2+8*v11*v17*v26+4*v12*v17*v26-8*v11*v19*v26-4*v12*v19*v26+2*v11*v20*v26-4*v12*v20*v26-2*v11*v22*v26+4*v12*v22*v26-20*v15*v22*v26+20*v17*v22*v26-10*v20*v25*v26+4*v11*v24*v26-8*v12*v24*v26+40*v15*v24*v26-40*v19*v24*v26-10*v25*v24*v26+32*v11*v17+16*v12*v17-32*v11*v19-16*v12*v19-60*v17*v22+60*v19*v22+30*v20*v25+16*v11*v24-32*v12*v24-60*v15*v24+60*v17*v24-20*v23*v24+30*v25*v24-2*v11*v26+4*v12*v26-10*v15*v26-10*v17*v26+20*v19*v26+5*v25*v26-4*v11+8*v12+40*v15-10*v17-30*v19-15*v25+40*v24,40*v23*v22^2*v25^2*v26+80*v19*v22^2*v24*v26+40*v22^2*v25*v24*v26+80*v15*v24^3*v26-80*v17*v24^3*v26+8*v11*v17*v19*v26-16*v12*v17*v19*v26-8*v11*v20*v22*v26+16*v12*v20*v22*v26+40*v17*v22^2*v26-40*v19*v22^2*v26+40*v23*v22^2*v26+32*v11*v17*v24*v26+16*v12*v17*v24*v26-32*v11*v19*v24*v26-16*v12*v19*v24*v26+16*v11*v20*v24*v26-32*v12*v20*v24*v26-20*v20*v25*v24*v26+32*v11*v17*v19-64*v12*v17*v19+160*v17*v19*v23+80*v17*v19*v25-80*v19^2*v25-80*v17*v23*v25+40*v23*v25^2+128*v11*v17*v24+64*v12*v17*v24-128*v11*v19*v24-64*v12*v19*v24+64*v11*v20*v24-128*v12*v20*v24+80*v12*v25*v24+80*v20*v25*v24-16*v11*v17*v26-8*v12*v17*v26+16*v11*v19*v26+8*v12*v19*v26-4*v11*v20*v26+8*v12*v20*v26+4*v11*v22*v26-8*v12*v22*v26+20*v15*v22*v26-20*v17*v22*v26+10*v20*v25*v26-8*v11*v24*v26+16*v12*v24*v26-40*v15*v24*v26+40*v19*v24*v26+10*v25*v24*v26-64*v11*v17-32*v12*v17+64*v11*v19+32*v12*v19+160*v17*v22-160*v19*v22-80*v20*v25-32*v11*v24+64*v12*v24+160*v15*v24-80*v17*v24-40*v25*v24+4*v11*v26-8*v12*v26+10*v15*v26+10*v17*v26-20*v19*v26-5*v25*v26+8*v11-16*v12-80*v15+80*v19+40*v23+40*v25-80*v24,40*v15*v22*v25^2*v24*v26-40*v19*v22*v25^2*v24*v26-40*v15*v25^2*v24^2*v26+40*v19*v25^2*v24^2*v26-80*v15*v24^4*v26+80*v17*v24^4*v26-40*v17*v22*v25^2*v26+40*v19*v22*v25^2*v26-240*v15*v24^3*v26+240*v17*v24^3*v26-10*v15*v22*v24*v26^2+10*v19*v22*v24*v26^2-10*v15*v24^2*v26^2+10*v17*v24^2*v26^2+40*v17*v22*v25^2-40*v19*v22*v25^2+4*v11*v17*v19*v26-8*v12*v17*v19*v26-8*v11*v20*v22*v26+16*v12*v20*v22*v26+120*v17*v22^2*v26-120*v19*v22^2*v26+40*v17*v19*v25*v26-20*v19^2*v25*v26-40*v20*v22*v25*v26+10*v17*v25^2*v26-10*v19*v25^2*v26-8*v11*v17*v24*v26-4*v12*v17*v24*v26+8*v11*v19*v24*v26+4*v12*v19*v24*v26+12*v11*v20*v24*v26-24*v12*v20*v24*v26+100*v15*v22*v24*v26-100*v19*v22*v24*v26-40*v20*v25*v24*v26-60*v15*v24^2*v26-100*v17*v24^2*v26+160*v19*v24^2*v26+16*v11*v17*v19-32*v12*v17*v19+160*v17*v19*v25-260*v19^2*v25+20*v15*v25^2-60*v17*v25^2+40*v19*v25^2+32*v11*v17*v24+16*v12*v17*v24-32*v11*v19*v24-16*v12*v19*v24+32*v11*v20*v24-64*v12*v20*v24-40*v20*v25*v24+80*v15*v24^2-80*v19*v24^2-6*v11*v20*v26+12*v12*v20*v26+4*v11*v22*v26-8*v12*v22*v26-20*v15*v22*v26-110*v17*v22*v26+130*v19*v22*v26+20*v20*v25*v26+20*v22*v25*v26-6*v11*v24*v26+12*v12*v24*v26-60*v15*v24*v26+60*v19*v24*v26+20*v25*v24*v26-32*v11*v17-16*v12*v17+32*v11*v19+16*v12*v19+200*v17*v22-200*v19*v22-80*v20*v25-16*v11*v24+32*v12*v24+200*v15*v24-200*v19*v24+20*v25*v24+4*v11*v26-8*v12*v26+40*v15*v26+40*v17*v26-80*v19*v26-5*v25*v26+4*v11-8*v12-20*v15-40*v17+60*v19+15*v25,160*v11*v20*v24^3*v26+8*v11*v12*v20*v22*v26-16*v12^2*v20*v22*v26+48*v11*v12*v17*v24*v26+24*v12^2*v17*v24*v26-48*v11*v12*v19*v24*v26-24*v12^2*v19*v24*v26-8*v11*v12*v20*v24*v26+16*v12^2*v20*v24*v26+160*v11*v20*v24^2*v26-80*v11*v24^3*v26+40*v17*v24^3*v26-40*v19*v24^3*v26-80*v20*v24^3*v26+80*v17*v19*v25^2-80*v19^2*v25^2-80*v17*v23*v25^2+64*v11*v12*v17*v24+32*v12^2*v17*v24-64*v11*v12*v19*v24-32*v12^2*v19*v24+80*v12*v25^2*v24-16*v11*v12*v17*v26-8*v12^2*v17*v26+16*v11*v12*v19*v26+8*v12^2*v19*v26-64*v11*v17*v19*v26+8*v12*v17*v19*v26+8*v11*v12*v20*v26-16*v12^2*v20*v26-4*v11*v12*v22*v26+8*v12^2*v22*v26+96*v11*v20*v22*v26+8*v12*v20*v22*v26-80*v17*v22^2*v26+80*v19*v22^2*v26+40*v12*v17*v25*v26-40*v12*v19*v25*v26+40*v15*v22*v25*v26-80*v17*v22*v25*v26+40*v19*v22*v25*v26+4*v11*v12*v24*v26-8*v12^2*v24*v26-64*v11*v17*v24*v26-112*v12*v17*v24*v26+64*v11*v19*v24*v26+112*v12*v19*v24*v26-40*v19^2*v24*v26-240*v11*v20*v24*v26-200*v20*v22*v24*v26-40*v15*v25*v24*v26-80*v17*v25*v24*v26+120*v19*v25*v24*v26+40*v20*v25*v24*v26-80*v11*v24^2*v26+40*v17*v24^2*v26-40*v19*v24^2*v26-80*v20*v24^2*v26+40*v24^3*v26-176*v11*v17*v19+32*v12*v17*v19-160*v17*v19*v23+240*v12*v17*v25-240*v12*v19*v25-80*v17*v19*v25+80*v19^2*v25+80*v17*v23*v25-40*v20*v25^2-128*v11*v17*v24-224*v12*v17*v24+128*v11*v19*v24+224*v12*v19*v24-80*v19^2*v24-352*v11*v20*v24+64*v12*v20*v24-80*v12*v25*v24+80*v15*v25*v24-320*v17*v25*v24+240*v19*v25*v24-80*v20*v25*v24-40*v25^2*v24-4*v11*v12*v26+8*v12^2*v26+24*v11*v17*v26+72*v12*v17*v26-24*v11*v19*v26-72*v12*v19*v26+80*v17*v19*v26+60*v19^2*v26+44*v11*v20*v26+12*v12*v20*v26-48*v11*v22*v26-4*v12*v22*v26-30*v15*v22*v26+60*v17*v22*v26-30*v19*v22*v26-20*v20*v22*v26+60*v17*v25*v26-60*v19*v25*v26-20*v20*v25*v26+120*v11*v24*v26+70*v15*v24*v26-70*v19*v24*v26+300*v20*v24*v26+100*v22*v24*v26-20*v25*v24*v26+40*v24^2*v26+32*v11*v17+216*v12*v17-32*v11*v19-216*v12*v19+320*v17*v19-40*v19^2-80*v17*v23+80*v19*v23-160*v17*v22+160*v19*v22-40*v15*v25+80*v17*v25-40*v19*v25+80*v20*v25-40*v23*v25+20*v25^2+176*v11*v24-32*v12*v24-160*v15*v24+80*v17*v24+80*v19*v24+560*v20*v24-38*v11*v26-4*v12*v26-20*v15*v26-70*v17*v26+90*v19*v26-60*v20*v26+10*v22*v26+10*v25*v26-160*v24*v26-44*v11+8*v12+80*v15-260*v17+180*v19-40*v20-40*v25-220*v24+65*v26+90,320*v12*v20*v24^3*v26+32*v11*v12*v20*v22*v26+16*v12^2*v20*v22*v26-48*v11*v12*v17*v24*v26+96*v12^2*v17*v24*v26+48*v11*v12*v19*v24*v26-96*v12^2*v19*v24*v26-32*v11*v12*v20*v24*v26-16*v12^2*v20*v24*v26+320*v12*v20*v24^2*v26-160*v12*v24^3*v26-160*v17*v24^3*v26+160*v19*v24^3*v26-80*v20*v24^3*v26+80*v17*v19*v25^2-80*v19^2*v25^2-80*v17*v23*v25^2-64*v11*v12*v17*v24+128*v12^2*v17*v24+64*v11*v12*v19*v24-128*v12^2*v19*v24+80*v12*v25^2*v24+16*v11*v12*v17*v26-32*v12^2*v17*v26-16*v11*v12*v19*v26+32*v12^2*v19*v26+16*v11*v17*v19*v26-112*v12*v17*v19*v26+32*v11*v12*v20*v26+16*v12^2*v20*v26-16*v11*v12*v22*v26-8*v12^2*v22*v26-16*v11*v20*v22*v26+152*v12*v20*v22*v26+320*v17*v22^2*v26-320*v19*v22^2*v26+40*v12*v17*v25*v26-40*v12*v19*v25*v26+40*v15*v22*v25*v26-80*v17*v22*v25*v26+40*v19*v22*v25*v26+16*v11*v12*v24*v26+8*v12^2*v24*v26+144*v11*v17*v24*v26+32*v12*v17*v24*v26-144*v11*v19*v24*v26-32*v12*v19*v24*v26-40*v19^2*v24*v26+32*v11*v20*v24*v26-384*v12*v20*v24*v26-200*v20*v22*v24*v26-40*v15*v25*v24*v26-40*v17*v25*v24*v26+80*v19*v25*v24*v26-160*v20*v25*v24*v26-160*v12*v24^2*v26-160*v17*v24^2*v26+160*v19*v24^2*v26-80*v20*v24^2*v26+40*v24^3*v26+64*v11*v17*v19-288*v12*v17*v19+640*v17*v19*v23+240*v12*v17*v25-240*v12*v19*v25+320*v17*v19*v25-320*v19^2*v25-320*v17*v23*v25-40*v20*v25^2+256*v11*v17*v24+128*v12*v17*v24-256*v11*v19*v24-128*v12*v19*v24-80*v19^2*v24+128*v11*v20*v24-576*v12*v20*v24+320*v12*v25*v24+80*v15*v25*v24-160*v17*v25*v24+80*v19*v25*v24+320*v20*v25*v24-40*v25^2*v24-16*v11*v12*v26-8*v12^2*v26-92*v11*v17*v26-16*v12*v17*v26+92*v11*v19*v26+16*v12*v19*v26+60*v17*v19*v26+40*v19^2*v26-8*v11*v20*v26+36*v12*v20*v26+8*v11*v22*v26-76*v12*v22*v26+120*v15*v22*v26-240*v17*v22*v26+120*v19*v22*v26+40*v17*v25*v26-40*v19*v25*v26+80*v20*v25*v26-16*v11*v24*v26+192*v12*v24*v26-280*v15*v24*v26+120*v17*v24*v26+160*v19*v24*v26+200*v20*v24*v26+100*v22*v24*v26+80*v25*v24*v26+40*v24^2*v26-288*v11*v17-64*v12*v17+288*v11*v19+64*v12*v19+240*v17*v19-120*v19^2-80*v17*v23+80*v19*v23+640*v17*v22-640*v19*v22-40*v15*v25+40*v19*v25-320*v20*v25-40*v23*v25+20*v25^2-64*v11*v24+288*v12*v24+640*v15*v24-160*v17*v24-480*v19*v24+240*v20*v24-400*v25*v24+8*v11*v26-46*v12*v26+80*v15*v26+20*v17*v26-100*v19*v26-40*v20*v26-40*v25*v26-110*v24*v26+16*v11-72*v12-320*v15-240*v17+560*v19-40*v20+160*v25-460*v24+45*v26+50,16*v17*v23^2*v25^2+8*v17*v22*v25^2-8*v19*v22*v25^2+32*v17*v23*v25*v24+8*v23*v25^2*v24+4*v15*v22*v24*v26-4*v19*v22*v24*v26+4*v15*v24^2*v26-4*v17*v24^2*v26+16*v17*v23^2+16*v19*v23^2-16*v17*v19*v25+12*v19^2*v25-8*v23^2*v25+8*v20*v25*v24+16*v15*v24^2+16*v19*v24^2+8*v25*v24^2+8*v17*v22-8*v19*v22+8*v15*v24+8*v17*v24-16*v19*v24-4*v25*v24-4*v15-8*v17+12*v19-v25,8*v23^3*v25^2+8*v23*v25^2*v24^2+16*v19*v23^2*v24+8*v23^2*v25*v24+8*v20*v25*v24^2+16*v15*v24^3-16*v17*v24^3+16*v19*v24^3+8*v25*v24^3+8*v23^3+8*v15*v24^2+8*v17*v24^2-16*v19*v24^2+8*v23*v24^2-4*v25*v24^2+4*v17*v22-4*v19*v22-2*v20*v25-2*v15-2*v17+4*v19+v25,80*v17*v19*v25^3-80*v19^2*v25^3-80*v17*v23*v25^3+80*v12*v25^3*v24+40*v15*v22*v25^2*v26-80*v17*v22*v25^2*v26+40*v19*v22*v25^2*v26-40*v19^2*v25*v24*v26-40*v15*v25^2*v24*v26+40*v19*v25^2*v24*v26-80*v15*v24^3*v26+80*v17*v24^3*v26-20*v15*v22*v24*v26^2+20*v19*v22*v24*v26^2-20*v15*v24^2*v26^2+20*v17*v24^2*v26^2-40*v20*v25^3-80*v19^2*v25*v24+80*v15*v25^2*v24-80*v19*v25^2*v24-40*v25^3*v24-8*v11*v17*v19*v26+16*v12*v17*v19*v26+8*v11*v20*v22*v26-16*v12*v20*v22*v26+80*v17*v22^2*v26-80*v19*v22^2*v26+60*v17*v19*v25*v26-20*v19^2*v25*v26-60*v20*v22*v25*v26+20*v17*v25^2*v26-20*v19*v25^2*v26-32*v11*v17*v24*v26-16*v12*v17*v24*v26+32*v11*v19*v24*v26+16*v12*v19*v24*v26-16*v11*v20*v24*v26+32*v12*v20*v24*v26+40*v15*v22*v24*v26-40*v19*v22*v24*v26-160*v15*v24^2*v26+160*v17*v24^2*v26-32*v11*v17*v19+64*v12*v17*v19-160*v17*v19*v23+240*v17*v19*v25-280*v19^2*v25-40*v15*v25^2-80*v17*v25^2+120*v19*v25^2-40*v23*v25^2+20*v25^3-128*v11*v17*v24-64*v12*v17*v24+128*v11*v19*v24+64*v12*v19*v24-64*v11*v20*v24+128*v12*v20*v24-320*v20*v25*v24-80*v25^2*v24+16*v11*v17*v26+8*v12*v17*v26-16*v11*v19*v26-8*v12*v19*v26+4*v11*v20*v26-8*v12*v20*v26-4*v11*v22*v26+8*v12*v22*v26-40*v15*v22*v26-120*v17*v22*v26+160*v19*v22*v26-10*v20*v25*v26+30*v22*v25*v26+8*v11*v24*v26-16*v12*v24*v26-80*v15*v24*v26+80*v19*v24*v26-10*v25*v24*v26+64*v11*v17+32*v12*v17-64*v11*v19-32*v12*v19-240*v17*v22+240*v19*v22+80*v20*v25+32*v11*v24-64*v12*v24-240*v15*v24+240*v17*v24+140*v25*v24-4*v11*v26+8*v12*v26+20*v15*v26+40*v17*v26-60*v19*v26+15*v25*v26-8*v11+16*v12+80*v15+80*v17-160*v19-40*v23-50*v25,32*v11*v20*v22*v24^2-32*v11*v20*v24^2-16*v11*v22*v24^2-32*v20*v22*v24^2+8*v20*v25*v24^2-8*v11*v20*v22+8*v17*v22^2-8*v19*v22^2+16*v11*v20*v24+16*v20*v22*v24-8*v20*v25*v24+16*v11*v24^2+8*v15*v24^2-8*v19*v24^2+16*v20*v24^2+16*v22*v24^2-4*v25*v24^2+4*v11*v22+4*v15*v22-8*v17*v22+4*v19*v22+2*v20*v25-8*v11*v24-12*v15*v24+12*v19*v24-8*v20*v24-8*v22*v24+4*v25*v24-8*v24^2+2*v15+2*v17-4*v19-v25+4*v24,16*v12*v20*v22*v24^2-16*v12*v20*v24^2-8*v12*v22*v24^2-8*v20*v22*v24^2-8*v20*v25*v24^2-4*v12*v20*v22-8*v17*v22^2+8*v19*v22^2+8*v12*v20*v24+4*v20*v22*v24+8*v20*v25*v24+8*v12*v24^2-8*v15*v24^2+8*v19*v24^2+4*v20*v24^2+4*v22*v24^2+4*v25*v24^2+2*v12*v22-4*v15*v22+8*v17*v22-4*v19*v22-2*v20*v25-4*v12*v24+12*v15*v24-12*v19*v24-2*v20*v24-2*v22*v24-4*v25*v24-2*v24^2-2*v15-2*v17+4*v19+v25+v24,16*v19^2*v24^3-32*v20*v22*v24^3+8*v15*v22*v25*v24-8*v19*v22*v25*v24-16*v19^2*v24^2-8*v15*v25*v24^2+8*v19*v25*v24^2+16*v20*v24^3+16*v22*v24^3-4*v15*v22*v25+4*v19*v22*v25+4*v19^2*v24+8*v20*v22*v24+4*v15*v25*v24-4*v19*v25*v24-4*v24^3-4*v20*v24-4*v22*v24-4*v24^2+3*v24,40*v11*v12*v17*v19*v26-40*v11*v12*v20*v22*v26+80*v12^2*v17*v24*v26-80*v12^2*v19*v24*v26+80*v11*v12*v20*v24*v26+80*v11*v20*v24^2*v26+160*v12*v20*v24^2*v26+160*v11*v12*v17*v19+320*v12^2*v17*v24-320*v12^2*v19*v24+320*v11*v12*v20*v24-40*v12^2*v17*v26+40*v12^2*v19*v26+32*v11*v17*v19*v26+16*v12*v17*v19*v26-20*v11*v12*v20*v26+20*v11*v12*v22*v26-52*v11*v20*v22*v26-56*v12*v20*v22*v26-60*v17*v22^2*v26+60*v19*v22^2*v26-40*v11*v12*v24*v26-32*v11*v17*v24*v26-16*v12*v17*v24*v26+32*v11*v19*v24*v26+16*v12*v19*v24*v26+64*v11*v20*v24*v26+32*v12*v20*v24*v26+80*v20*v22*v24*v26+60*v20*v25*v24*v26-40*v11*v24^2*v26-80*v12*v24^2*v26-60*v17*v24^2*v26+60*v19*v24^2*v26-80*v20*v24^2*v26-160*v12^2*v17+160*v12^2*v19+208*v11*v17*v19+224*v12*v17*v19-160*v12*v17*v25+160*v12*v19*v25-160*v11*v12*v24-1088*v11*v17*v24+416*v12*v17*v24+1088*v11*v19*v24-416*v12*v19*v24+416*v11*v20*v24+448*v12*v20*v24+960*v17*v25*v24-960*v19*v25*v24+20*v11*v12*v26+36*v11*v17*v26-2*v12*v17*v26-36*v11*v19*v26+2*v12*v19*v26-60*v17*v19*v26-46*v11*v20*v26-68*v12*v20*v26+26*v11*v22*v26+28*v12*v22*v26+20*v20*v22*v26-30*v20*v25*v26-32*v11*v24*v26-16*v12*v24*v26+60*v15*v24*v26+80*v17*v24*v26-140*v19*v24*v26-40*v20*v24*v26-40*v22*v24*v26-30*v25*v24*v26+40*v24^2*v26+40*v11*v12+544*v11*v17-208*v12*v17-544*v11*v19+208*v12*v19-80*v17*v19-800*v19^2-480*v17*v25+480*v19*v25-208*v11*v24-224*v12*v24+320*v17*v24-320*v19*v24-1760*v20*v24+31*v11*v26+38*v12*v26-30*v15*v26-25*v17*v26+55*v19*v26+10*v20*v26-10*v22*v26+15*v25*v26+20*v24*v26+52*v11+56*v12-60*v17+60*v19+880*v24-20*v26-220,80*v12^2*v17*v19*v26-80*v12^2*v20*v22*v26-160*v11*v12*v17*v24*v26+160*v11*v12*v19*v24*v26+160*v12^2*v20*v24*v26-320*v11*v20*v24^2*v26+160*v12*v20*v24^2*v26+320*v12^2*v17*v19-640*v11*v12*v17*v24+640*v11*v12*v19*v24+640*v12^2*v20*v24+80*v11*v12*v17*v26-80*v11*v12*v19*v26-128*v11*v17*v19*v26-64*v12*v17*v19*v26-40*v12^2*v20*v26+40*v12^2*v22*v26+208*v11*v20*v22*v26+24*v12*v20*v22*v26-160*v17*v22^2*v26+160*v19*v22^2*v26-80*v12^2*v24*v26+128*v11*v17*v24*v26+64*v12*v17*v24*v26-128*v11*v19*v24*v26-64*v12*v19*v24*v26-256*v11*v20*v24*v26-128*v12*v20*v24*v26-120*v20*v22*v24*v26+160*v20*v25*v24*v26+160*v11*v24^2*v26-80*v12*v24^2*v26-160*v17*v24^2*v26+160*v19*v24^2*v26+120*v20*v24^2*v26+320*v11*v12*v17-320*v11*v12*v19-832*v11*v17*v19-96*v12*v17*v19+240*v12*v17*v25-240*v12*v19*v25-320*v12^2*v24-448*v11*v17*v24-1664*v12*v17*v24+448*v11*v19*v24+1664*v12*v19*v24-1664*v11*v20*v24-192*v12*v20*v24-1440*v17*v25*v24+1440*v19*v25*v24+40*v12^2*v26-44*v11*v17*v26+8*v12*v17*v26+44*v11*v19*v26-8*v12*v19*v26+140*v17*v19*v26+184*v11*v20*v26-28*v12*v20*v26-104*v11*v22*v26-12*v12*v22*v26-80*v20*v22*v26-80*v20*v25*v26+128*v11*v24*v26+64*v12*v24*v26+160*v15*v24*v26+80*v17*v24*v26-240*v19*v24*v26+160*v20*v24*v26+60*v22*v24*v26-80*v25*v24*v26-60*v24^2*v26+80*v12^2+224*v11*v17+832*v12*v17-224*v11*v19-832*v12*v19+320*v17*v19+1200*v19^2+720*v17*v25-720*v19*v25+832*v11*v24+96*v12*v24+320*v17*v24-320*v19*v24+3040*v20*v24-124*v11*v26-2*v12*v26-80*v15*v26+80*v19*v26-40*v20*v26+40*v22*v26+40*v25*v26-80*v24*v26-208*v11-24*v12-560*v17+560*v19-1520*v24+55*v26+380,32*v19*v23*v22^2*v26-16*v23*v22^2*v25*v26-32*v17*v19*v25^2+32*v19^2*v25^2+32*v17*v23*v25^2-32*v12*v25^2*v24-16*v12*v17*v25*v26+16*v12*v19*v25*v26-16*v15*v22*v25*v26+32*v17*v22*v25*v26-16*v19*v22*v25*v26+16*v19^2*v24*v26+48*v20*v22*v24*v26-16*v22^2*v24*v26+16*v15*v25*v24*v26+8*v17*v25*v24*v26-24*v19*v25*v24*v26-96*v12*v17*v25+96*v12*v19*v25+16*v20*v25^2+32*v19^2*v24-32*v15*v25*v24+64*v17*v25*v24-32*v19*v25*v24+16*v25^2*v24-8*v17*v19*v26-12*v19^2*v26-12*v17*v25*v26+12*v19*v25*v26-32*v20*v24*v26-24*v22*v24*v26-32*v17*v19+16*v19^2+32*v17*v23+16*v15*v25-16*v19*v25-8*v25^2-32*v20*v24+32*v25*v24+16*v17*v26-16*v19*v26+16*v20*v26+20*v24*v26+96*v17-96*v19+16*v20+8*v24-13*v26-12,8*v17*v22^3*v26-8*v19*v22^3*v26-4*v19*v23^2*v26-8*v17*v22^2*v26+12*v19*v22^2*v26-2*v17*v23*v25*v26+2*v23^2*v25*v26+2*v20*v22*v25*v26-2*v22^2*v25*v26+2*v12*v25*v24*v26-4*v19*v24^2*v26+2*v25*v24^2*v26-8*v17*v19*v25+8*v19^2*v25+4*v17*v22*v26-4*v19*v22*v26-v22*v25*v26+4*v15*v24*v26-4*v17*v24*v26-v25*v24*v26+8*v17*v22-8*v19*v22-v23*v26-2*v24*v26-8*v17+12*v19-2*v25,20*v19*v22^2*v25*v26-20*v19*v25*v24^2*v26-8*v11*v17*v19*v26-4*v12*v17*v19*v26+8*v11*v20*v22*v26+4*v12*v20*v22*v26+10*v17*v22*v25*v26-10*v19*v22*v25*v26+8*v11*v17*v24*v26-16*v12*v17*v24*v26-8*v11*v19*v24*v26+16*v12*v19*v24*v26-16*v11*v20*v24*v26-8*v12*v20*v24*v26-20*v20*v22*v24*v26-10*v17*v25*v24*v26+10*v19*v25*v24*v26+10*v23*v25*v24*v26-40*v20*v24^2*v26-32*v11*v17*v19-16*v12*v17*v19+40*v12*v17*v25-40*v12*v19*v25+32*v11*v17*v24-64*v12*v17*v24-32*v11*v19*v24+64*v12*v19*v24-64*v11*v20*v24-32*v12*v20*v24-80*v17*v25*v24+80*v19*v25*v24-4*v11*v17*v26+8*v12*v17*v26+4*v11*v19*v26-8*v12*v19*v26+10*v17*v19*v26+4*v11*v20*v26+2*v12*v20*v26-4*v11*v22*v26-2*v12*v22*v26+10*v22^2*v26+8*v11*v24*v26+4*v12*v24*v26+20*v20*v24*v26+10*v22*v24*v26+20*v24^2*v26-16*v11*v17+32*v12*v17+16*v11*v19-32*v12*v19+80*v19^2+40*v17*v25-20*v19*v25+32*v11*v24+16*v12*v24+160*v20*v24-4*v11*v26-2*v12*v26+5*v20*v26-10*v24*v26-8*v11-4*v12-40*v17+40*v19-80*v24+30,8*v17*v23*v25^2*v26-8*v20*v22*v25^2*v26-8*v12*v25^2*v24*v26+32*v17*v23*v25^2-32*v12*v25^2*v24-8*v15*v22*v25*v26+8*v19*v22*v25*v26+4*v22*v25^2*v26+16*v19^2*v24*v26-16*v20*v22*v24*v26-8*v15*v25*v24*v26+16*v17*v25*v24*v26-8*v19*v25*v24*v26+4*v25^2*v24*v26+16*v20*v25^2+32*v19^2*v24-32*v15*v25*v24+64*v17*v25*v24-32*v19*v25*v24+16*v25^2*v24+8*v17*v19*v26-12*v19^2*v26+8*v17*v23*v26-8*v19*v23*v26-8*v20*v22*v26-4*v17*v25*v26+4*v19*v25*v26+4*v23*v25*v26-8*v20*v24*v26+8*v22*v24*v26+8*v25*v24*v26+32*v17*v19-64*v19^2+32*v17*v23-32*v19*v23+16*v15*v25-16*v17*v25+16*v23*v25-8*v25^2-64*v20*v24+32*v25*v24+4*v22*v26+8*v24*v26+16*v20+40*v24-v26-16,16*v11*v20*v22*v24*v26-8*v11*v17*v19*v26+8*v19*v23^2*v26+8*v11*v20*v22*v26-8*v17*v22^2*v26-4*v23^2*v25*v26+4*v22^2*v25*v26-16*v11*v20*v24*v26-8*v11*v22*v24*v26-16*v20*v22*v24*v26+4*v20*v25*v24*v26+8*v19*v24^2*v26-4*v25*v24^2*v26-32*v11*v17*v19-64*v12*v17*v24+64*v12*v19*v24-64*v11*v20*v24-64*v17*v25*v24+64*v19*v25*v24+4*v12*v17*v26-4*v12*v19*v26+8*v17*v19*v26+8*v11*v20*v26-4*v11*v22*v26-2*v20*v25*v26+8*v11*v24*v26+4*v15*v24*v26-4*v19*v24*v26+8*v20*v24*v26+8*v22*v24*v26-2*v25*v24*v26+48*v12*v17-48*v12*v19+32*v17*v19+32*v19^2+32*v17*v25-32*v19*v25+32*v11*v24+128*v20*v24-6*v11*v26-2*v15*v26+2*v19*v26+v25*v26-4*v24*v26-8*v11-8*v17+4*v25-64*v24+2*v26+16,16*v12*v20*v22*v24*v26-8*v12*v17*v19*v26-16*v19*v23^2*v26+8*v12*v20*v22*v26+16*v17*v22^2*v26+8*v23^2*v25*v26-8*v22^2*v25*v26-16*v12*v20*v24*v26-8*v12*v22*v24*v26-8*v20*v22*v24*v26-8*v20*v25*v24*v26-16*v19*v24^2*v26+8*v25*v24^2*v26-32*v12*v17*v19+64*v11*v17*v24-64*v11*v19*v24-64*v12*v20*v24-32*v17*v25*v24+32*v19*v25*v24-4*v11*v17*v26+4*v11*v19*v26+4*v17*v19*v26+8*v12*v20*v26-4*v12*v22*v26+4*v20*v25*v26+8*v12*v24*v26-8*v15*v24*v26+8*v19*v24*v26+4*v20*v24*v26+4*v22*v24*v26+4*v25*v24*v26-48*v11*v17+48*v11*v19+16*v17*v19+16*v19^2+16*v17*v25-16*v19*v25+32*v12*v24+64*v20*v24-6*v12*v26+4*v15*v26-4*v19*v26-2*v25*v26-2*v24*v26-8*v12+16*v17-8*v25-32*v24+v26+8,40*v19^2*v24^2*v26-80*v17*v19*v25^2+80*v19^2*v25^2+80*v17*v23*v25^2-80*v12*v25^2*v24+16*v11*v17*v19*v26+8*v12*v17*v19*v26-16*v11*v20*v22*v26-8*v12*v20*v22*v26-20*v12*v17*v25*v26+20*v12*v19*v25*v26-20*v15*v22*v25*v26+40*v17*v22*v25*v26-20*v19*v22*v25*v26-16*v11*v17*v24*v26+32*v12*v17*v24*v26+16*v11*v19*v24*v26-32*v12*v19*v24*v26+20*v19^2*v24*v26+32*v11*v20*v24*v26+16*v12*v20*v24*v26+80*v20*v22*v24*v26+20*v15*v25*v24*v26+40*v17*v25*v24*v26-60*v19*v25*v24*v26+40*v20*v24^2*v26+64*v11*v17*v19+32*v12*v17*v19-240*v12*v17*v25+240*v12*v19*v25+40*v20*v25^2-64*v11*v17*v24+128*v12*v17*v24+64*v11*v19*v24-128*v12*v19*v24+80*v19^2*v24+128*v11*v20*v24+64*v12*v20*v24-80*v15*v25*v24+320*v17*v25*v24-240*v19*v25*v24+40*v25^2*v24+8*v11*v17*v26-16*v12*v17*v26-8*v11*v19*v26+16*v12*v19*v26-20*v17*v19*v26-40*v19^2*v26-8*v11*v20*v26-4*v12*v20*v26+8*v11*v22*v26+4*v12*v22*v26-30*v17*v25*v26+30*v19*v25*v26-16*v11*v24*v26-8*v12*v24*v26-100*v20*v24*v26-40*v22*v24*v26-10*v24^2*v26+32*v11*v17-64*v12*v17-32*v11*v19+64*v12*v19-240*v19^2+80*v17*v23-80*v19*v23+40*v15*v25-120*v17*v25+80*v19*v25+40*v23*v25-20*v25^2-64*v11*v24-32*v12*v24-480*v20*v24+80*v25*v24+8*v11*v26+4*v12*v26+20*v17*v26-20*v19*v26+20*v20*v26+55*v24*v26+16*v11+8*v12+240*v17-240*v19+40*v20+260*v24-25*v26-80,8*v15*v22*v24^2*v26-8*v19*v22*v24^2*v26+8*v15*v24^3*v26-8*v17*v24^3*v26-4*v15*v22*v24*v26+4*v19*v22*v24*v26-4*v15*v24^2*v26+4*v17*v24^2*v26+4*v19^2*v25-8*v17*v22+8*v19*v22+4*v20*v25-8*v15*v24+8*v19*v24+4*v17-4*v19-v25,40*v20*v22*v24^2*v26-40*v17*v19*v25^2+40*v19^2*v25^2+40*v17*v23*v25^2-40*v12*v25^2*v24+8*v11*v17*v19*v26+4*v12*v17*v19*v26-8*v11*v20*v22*v26-4*v12*v20*v22*v26-20*v12*v17*v25*v26+20*v12*v19*v25*v26-20*v15*v22*v25*v26+40*v17*v22*v25*v26-20*v19*v22*v25*v26-8*v11*v17*v24*v26+16*v12*v17*v24*v26+8*v11*v19*v24*v26-16*v12*v19*v24*v26+20*v19^2*v24*v26+16*v11*v20*v24*v26+8*v12*v20*v24*v26+60*v20*v22*v24*v26+20*v15*v25*v24*v26+20*v17*v25*v24*v26-40*v19*v25*v24*v26-20*v22*v24^2*v26+32*v11*v17*v19+16*v12*v17*v19-160*v12*v17*v25+160*v12*v19*v25+20*v20*v25^2-32*v11*v17*v24+64*v12*v17*v24+32*v11*v19*v24-64*v12*v19*v24+40*v19^2*v24+64*v11*v20*v24+32*v12*v20*v24-40*v15*v25*v24+160*v17*v25*v24-120*v19*v25*v24+20*v25^2*v24+4*v11*v17*v26-8*v12*v17*v26-4*v11*v19*v26+8*v12*v19*v26-20*v17*v19*v26-20*v19^2*v26-4*v11*v20*v26-2*v12*v20*v26+4*v11*v22*v26+2*v12*v22*v26-20*v17*v25*v26+20*v19*v25*v26-8*v11*v24*v26-4*v12*v24*v26-60*v20*v24*v26-30*v22*v24*v26+16*v11*v17-32*v12*v17-16*v11*v19+32*v12*v19-40*v17*v19-80*v19^2+40*v17*v23-40*v19*v23+20*v15*v25-40*v17*v25+20*v19*v25+20*v23*v25-10*v25^2-32*v11*v24-16*v12*v24-240*v20*v24+40*v25*v24+4*v11*v26+2*v12*v26+20*v17*v26-20*v19*v26+20*v20*v26+35*v24*v26+8*v11+4*v12+160*v17-160*v19+20*v20+130*v24-20*v26-40,80*v17*v25*v24^2*v26-80*v19*v25*v24^2*v26-32*v11*v17*v19*v26-16*v12*v17*v19*v26+32*v11*v20*v22*v26+16*v12*v20*v22*v26+32*v11*v17*v24*v26-64*v12*v17*v24*v26-32*v11*v19*v24*v26+64*v12*v19*v24*v26-40*v19^2*v24*v26-64*v11*v20*v24*v26-32*v12*v20*v24*v26-80*v20*v22*v24*v26-80*v17*v25*v24*v26+80*v19*v25*v24*v26-160*v20*v24^2*v26-128*v11*v17*v19-64*v12*v17*v19+160*v12*v17*v25-160*v12*v19*v25+128*v11*v17*v24-256*v12*v17*v24-128*v11*v19*v24+256*v12*v19*v24-256*v11*v20*v24-128*v12*v20*v24-320*v17*v25*v24+320*v19*v25*v24-16*v11*v17*v26+32*v12*v17*v26+16*v11*v19*v26-32*v12*v19*v26+40*v17*v19*v26+20*v19^2*v26+16*v11*v20*v26+8*v12*v20*v26-16*v11*v22*v26-8*v12*v22*v26+20*v17*v25*v26-20*v19*v25*v26+32*v11*v24*v26+16*v12*v24*v26+120*v20*v24*v26+40*v22*v24*v26+80*v24^2*v26-64*v11*v17+128*v12*v17+64*v11*v19-128*v12*v19+320*v19^2+160*v17*v25-160*v19*v25+128*v11*v24+64*v12*v24+640*v20*v24-16*v11*v26-8*v12*v26-70*v24*v26-32*v11-16*v12-160*v17+160*v19-320*v24+15*v26+80,20*v20*v25*v24^2*v26-4*v11*v17*v19*v26+8*v12*v17*v19*v26+4*v11*v20*v22*v26-8*v12*v20*v22*v26-20*v17*v22^2*v26+20*v19*v22^2*v26-16*v11*v17*v24*v26-8*v12*v17*v24*v26+16*v11*v19*v24*v26+8*v12*v19*v24*v26-8*v11*v20*v24*v26+16*v12*v20*v24*v26+10*v20*v25*v24*v26+20*v15*v24^2*v26+20*v17*v24^2*v26-40*v19*v24^2*v26-10*v25*v24^2*v26-16*v11*v17*v19+32*v12*v17*v19-80*v17*v19*v23-40*v17*v19*v25+40*v19^2*v25+40*v17*v23*v25-64*v11*v17*v24-32*v12*v17*v24+64*v11*v19*v24+32*v12*v19*v24-32*v11*v20*v24+64*v12*v20*v24-40*v12*v25*v24-40*v20*v25*v24+8*v11*v17*v26+4*v12*v17*v26-8*v11*v19*v26-4*v12*v19*v26+2*v11*v20*v26-4*v12*v20*v26-2*v11*v22*v26+4*v12*v22*v26-10*v15*v22*v26+20*v17*v22*v26-10*v19*v22*v26-10*v20*v25*v26+4*v11*v24*v26-8*v12*v24*v26+20*v15*v24*v26-20*v19*v24*v26-5*v25*v24*v26+32*v11*v17+16*v12*v17-32*v11*v19-16*v12*v19-80*v17*v22+80*v19*v22+40*v20*v25+16*v11*v24-32*v12*v24-80*v15*v24+40*v17*v24+40*v19*v24+40*v25*v24-2*v11*v26+4*v12*v26-10*v15*v26-10*v17*v26+20*v19*v26+5*v25*v26-4*v11+8*v12+40*v15-40*v19-20*v25+40*v24,32*v17*v19*v23^2-16*v17*v23^2*v25-16*v17*v25*v24^2+16*v19*v25*v24^2+8*v12*v17*v25-8*v12*v19*v25-8*v17*v22*v25+8*v19*v22*v25+8*v19^2*v24-16*v17*v23*v24+16*v19*v23*v24+8*v17*v25*v24-8*v19*v25*v24-8*v23*v25*v24+32*v20*v24^2+8*v17*v19-4*v19^2-8*v20*v24-24*v24^2-8*v17+8*v19-4*v20+6*v24+3,16*v19*v23^3-8*v23^3*v25-16*v17*v23*v24^2+32*v19*v23*v24^2-8*v17*v25*v24^2+8*v19*v25*v24^2-8*v23*v25*v24^2+16*v20*v24^3+4*v19^2*v24+8*v17*v23*v24-8*v19*v23*v24-8*v23^2*v24+4*v17*v25*v24-4*v19*v25*v24+8*v20*v24^2-16*v24^3-4*v20*v24-4*v24^2+3*v24,8*v12*v17*v19*v25-8*v17*v19*v23-4*v17*v19*v25+4*v17*v23*v25-4*v12*v25*v24-4*v20*v25*v24-8*v17*v19+2*v12*v25-8*v15*v24+4*v17*v24+4*v19*v24+4*v25*v24+4*v15-2*v17-2*v19-v25+4*v24-2,16*v17*v22^2*v25-16*v19*v22^2*v25+16*v19^2*v24^2-32*v20*v22*v24^2+8*v15*v22*v25-16*v17*v22*v25+8*v19*v22*v25-16*v19^2*v24-8*v15*v25*v24+8*v19*v25*v24+16*v20*v24^2+16*v22*v24^2+4*v19^2+8*v20*v22+4*v17*v25-4*v19*v25-4*v24^2-4*v20-4*v22-4*v24+3,2*v12*v17*v25^2-2*v12*v19*v25^2+v15*v22*v24*v26-v19*v22*v24*v26+v15*v24^2*v26-v17*v24^2*v26-2*v17*v19*v25+2*v19^2*v25-2*v17*v25+2*v19*v25-v17+v19,8*v12*v17*v25*v24-4*v12*v17*v25+4*v12*v19*v25+4*v17*v22*v25-4*v19*v22*v25+4*v19^2*v24-4*v19*v25*v24-4*v19^2-4*v19*v23-2*v17*v25+2*v19*v25+2*v23*v25-8*v17*v24-8*v20*v24+4*v17-4*v19+2*v20+5*v24-2,16*v12*v19*v25*v24+8*v17*v22*v25-8*v19*v22*v25+8*v19^2*v24-8*v19*v25*v24-4*v19^2-8*v19*v23-4*v17*v25+4*v19*v25+4*v23*v25-16*v19*v24-8*v20*v24+4*v20+6*v24-3,8*v20*v22*v25*v24+8*v17*v22^2-8*v19*v22^2-4*v20*v22*v25+8*v15*v22*v24-8*v19*v22*v24-4*v20*v25*v24-4*v22*v25*v24-8*v17*v22+8*v19*v22+2*v20*v25+2*v22*v25-8*v15*v24+8*v19*v24+2*v25*v24+2*v15+2*v17-4*v19-v25,8*v17*v25^2*v24-8*v19*v25^2*v24-4*v19^2*v25-4*v17*v25^2+4*v19*v25^2-16*v20*v25*v24-8*v17*v22+8*v19*v22+4*v20*v25-8*v15*v24+8*v17*v24+8*v25*v24-3*v25,8*v20*v25^2*v24-4*v20*v25^2-8*v19^2*v24+8*v15*v25*v24-8*v19*v25*v24-4*v25^2*v24+4*v19^2-4*v15*v25+4*v19*v25+2*v25^2+8*v20*v24-4*v20-6*v24+3,32*v11*v17*v24^2-32*v11*v19*v24^2-32*v12*v20*v24^2-16*v17*v25*v24^2+16*v19*v25*v24^2-32*v11*v17*v24+32*v11*v19*v24+8*v19^2*v24+16*v17*v25*v24-16*v19*v25*v24-16*v20*v25*v24+16*v12*v24^2+32*v20*v24^2+8*v11*v17-8*v11*v19-4*v19^2+8*v12*v20-4*v17*v25+4*v19*v25+8*v20*v25-16*v15*v24+16*v19*v24-16*v20*v24+8*v25*v24-16*v24^2-4*v12+8*v15-8*v19-4*v25+10*v24-1,16*v12*v17*v24^2-16*v12*v19*v24^2+16*v11*v20*v24^2+16*v17*v25*v24^2-16*v19*v25*v24^2-16*v12*v17*v24+16*v12*v19*v24-8*v19^2*v24-16*v17*v25*v24+16*v19*v25*v24-4*v20*v25*v24-8*v11*v24^2-32*v20*v24^2+4*v12*v17-4*v12*v19+4*v19^2-4*v11*v20+4*v17*v25-4*v19*v25+2*v20*v25-4*v15*v24+4*v19*v24+16*v20*v24+2*v25*v24+16*v24^2+2*v11+2*v15-2*v19-v25-10*v24+1,8*v12*v25*v24^2+8*v19*v23^2-4*v23^2*v25+4*v20*v25*v24+8*v15*v24^2-8*v17*v24^2+8*v19*v24^2-4*v25*v24^2+4*v17*v22-4*v19*v22-2*v20*v25+4*v15*v24+4*v17*v24-8*v19*v24-4*v23*v24-2*v25*v24-8*v24^2-2*v15-2*v17+4*v19+v25,8*v17*v19*v23*v26-8*v17*v22^2*v26+8*v19*v22^2*v26-4*v17*v23*v25*v26+4*v20*v22*v25*v26+4*v12*v25*v24*v26+4*v20*v25*v24*v26+32*v17*v19*v23-16*v17*v23*v25+16*v12*v25*v24+16*v20*v25*v24+4*v15*v22*v26+8*v17*v22*v26-12*v19*v22*v26-2*v20*v25*v26-2*v22*v25*v26+8*v15*v24*v26-4*v17*v24*v26-4*v19*v24*v26-4*v25*v24*v26+32*v17*v22-32*v19*v22-16*v20*v25+32*v15*v24-16*v17*v24-16*v19*v24-16*v25*v24-2*v15*v26-2*v17*v26+4*v19*v26+v25*v26-4*v24*v26-16*v15-16*v17+32*v19+8*v25-16*v24,8*v11*v22^2*v26-8*v19*v22^2*v26-16*v19*v23*v24*v26-4*v20*v25*v24*v26+8*v17*v24^2*v26-16*v20*v24^2*v26-4*v17*v22*v26+4*v19*v22*v26+2*v20*v25*v26-4*v15*v24*v26-4*v17*v24*v26+8*v19*v24*v26-4*v23*v24*v26+2*v25*v24*v26+2*v15*v26+2*v17*v26-4*v19*v26-v25*v26+8*v11-8*v19,4*v12*v22^2*v26+8*v19*v22^2*v26-4*v19*v23*v24*v26+4*v20*v25*v24*v26-8*v17*v24^2*v26-4*v20*v24^2*v26+4*v17*v22*v26-4*v19*v22*v26-2*v20*v25*v26+4*v15*v24*v26+4*v17*v24*v26-8*v19*v24*v26+4*v23*v24*v26-2*v25*v24*v26-2*v15*v26-2*v17*v26+4*v19*v26+v25*v26+4*v12+8*v19,8*v15*v22^2*v26-8*v19*v22^2*v26-4*v20*v25*v24*v26-8*v15*v24^2*v26+8*v17*v24^2*v26-4*v17*v22*v26+4*v19*v22*v26+2*v20*v25*v26-4*v15*v24*v26-4*v17*v24*v26+8*v19*v24*v26+2*v25*v24*v26+2*v15*v26+2*v17*v26-4*v19*v26-v25*v26+8*v15-8*v19,16*v20*v22^2*v26+16*v20*v22*v24*v26+8*v17*v25*v24*v26-8*v19*v25*v24*v26-32*v12*v17*v25+32*v12*v19*v25-4*v19^2*v26-8*v17*v23*v26+8*v19*v23*v26-8*v22^2*v26-4*v17*v25*v26+4*v19*v25*v26-8*v20*v24*v26-8*v22*v24*v26+4*v20*v26+4*v24*v26+32*v17-32*v19+16*v20-3*v26-8,2*v17*v23*v24*v26-2*v19*v23*v24*v26-2*v20*v22*v24*v26-2*v20*v24^2*v26+4*v12*v17*v25-4*v12*v19*v25+v22*v24*v26+v24^2*v26-4*v17+4*v19,4*v11*v19^2+8*v12*v17*v24-8*v12*v19*v24+8*v11*v20*v24+8*v17*v25*v24-8*v19*v25*v24-4*v12*v17+4*v12*v19-8*v19^2-4*v17*v25+4*v19*v25-4*v11*v24-16*v20*v24+v11+8*v24-2,4*v12*v19^2-8*v11*v17*v24+8*v11*v19*v24+8*v12*v20*v24+4*v17*v25*v24-4*v19*v25*v24+4*v11*v17-4*v11*v19-4*v19^2-2*v17*v25+2*v19*v25-4*v12*v24-8*v20*v24+v12+4*v24-1,4*v17*v19^2-2*v15+v17+2*v19,4*v19^3-2*v15+3*v19,4*v19^2*v23+4*v20*v25*v24+4*v17*v22-4*v19*v22-2*v20*v25+4*v15*v24-4*v19*v24-2*v25*v24-2*v15-2*v17+4*v19+v23+v25,16*v11*v17*v22-16*v11*v19*v22-16*v11*v17*v24+16*v11*v19*v24+16*v12*v20*v24+8*v17*v25*v24-8*v19*v25*v24-4*v19^2-4*v17*v25+4*v19*v25-8*v12*v24-16*v20*v24+4*v20+8*v24-3,8*v12*v17*v22-8*v12*v19*v22-8*v12*v17*v24+8*v12*v19*v24-8*v11*v20*v24-8*v17*v25*v24+8*v19*v25*v24+4*v19^2+4*v17*v25-4*v19*v25+4*v11*v24+16*v20*v24-4*v20-8*v24+3,8*v17*v19*v22-8*v19^2*v24+16*v20*v22*v24-4*v17*v19+4*v19^2-8*v20*v24-8*v22*v24+2*v20+2*v22+2*v24-1,4*v19^2*v22-4*v19^2*v24+8*v20*v22*v24-4*v20*v24-4*v22*v24+v22+v24,16*v17*v23*v22-16*v19*v23*v22+8*v17*v25*v24-8*v19*v25*v24-4*v19^2-8*v17*v23+8*v19*v23-4*v17*v25+4*v19*v25-8*v20*v24+4*v20+4*v24-3,2*v12^2*v25-v12*v25-v11-2*v12+v15+1,2*v12*v20*v25-v12*v25+v15-v19-2*v20+1,2*v19*v23*v25-2*v12*v25*v24+2*v20*v25*v24+v23+2*v24,16*v17*v19*v24-16*v19^2*v24-8*v17*v25*v24+8*v19*v25*v24-8*v17*v19+12*v19^2+4*v17*v25-4*v19*v25+8*v20*v24-4*v24+1,8*v17*v22*v24-8*v19*v22*v24-4*v20*v25*v24-4*v17*v22+4*v19*v22+2*v20*v25-4*v15*v24-4*v17*v24+8*v19*v24+2*v25*v24+2*v15+2*v17-4*v19-v25,v23^2*v26-v22^2*v26+v24^2*v26-1,v11^2+v12^2-v11*v19+2*v12*v19-2*v11*v20-v12*v20,2*v11*v15-2*v11*v19-2*v12*v20-4*v17*v22+4*v19*v22+v12-2*v15+2*v17,2*v12*v15-2*v12*v19+2*v11*v20-2*v17*v22+2*v19*v22-v11-v15+v17,4*v15^2+1,8*v15*v17-8*v17*v19+4*v19^2+1,v17^2-2*v17*v19+v19^2,8*v15*v19-4*v19^2+1,2*v15*v20-2*v17*v22+2*v19*v22-v15+v17-v19,2*v17*v20-2*v17*v22+2*v19*v22-v19,2*v19*v20-2*v17*v22+2*v19*v22+v17-2*v19,4*v20^2-4*v20+1,v11*v23-v19*v23+v12*v24-v20*v24,v12*v23+2*v19*v23-v11*v24+2*v20*v24,2*v15*v23-2*v19*v23-2*v20*v24+v24,2*v20*v23-2*v17*v22+2*v19*v22+2*v17*v24-2*v19*v24-v23,2*v11*v25-4*v12*v25+5,5*v5-2*v11+4*v12,5*v6-4*v11-2*v12,v7,2*v8-1,5*v9-v11+2*v12,5*v10-2*v11-v12,v13+1,2*v14-1,2*v16-1,2*v18-1,v21]
