1>> gbasis(subst([-1*v8+v5+-1*v3+v2,-1*v7+-1*v6+v4+v1,-1*v10+v6+v3+-1*v1,-1*v9+v5+-1*v4+v2,v11*v8+-1*v12*v7+-1*v11*v2+v7*v2+v12*v1+-1*v8*v1,v11*v10+-1*v12*v9+-1*v11*v6+v9*v6+v12*v5+-1*v10*v5,2*v13+-1*v5+-1*v3,2*v14+-1*v6+-1*v4,-1*v15+2*v13+-1*v11,-1*v16+2*v14+-1*v12,-1+-1*v17*v5*v4+v17*v6*v3+v17*v5*v2+-1*v17*v3*v2+-1*v17*v6*v1+v17*v4*v1,-1+-1*v18*v15*v6^2*v4+v18*v16^2*v5*v4+v18*v15^2*v5*v4+-1*v18*v15*v5^2*v4+v18*v15*v6*v4^2+-1*v18*v16*v5*v4^2+-1*v18*v16^2*v6*v3+-1*v18*v15^2*v6*v3+v18*v16*v6^2*v3+v18*v16*v5^2*v3+v18*v15*v6*v3^2+-1*v18*v16*v5*v3^2+v18*v15*v6^2*v2+-1*v18*v16^2*v5*v2+-1*v18*v15^2*v5*v2+v18*v15*v5^2*v2+-1*v18*v15*v4^2*v2+v18*v5*v4^2*v2+v18*v16^2*v3*v2+v18*v15^2*v3*v2+-1*v18*v6^2*v3*v2+-1*v18*v5^2*v3*v2+-1*v18*v15*v3^2*v2+v18*v5*v3^2*v2+-1*v18*v15*v6*v2^2+v18*v16*v5*v2^2+v18*v15*v4*v2^2+-1*v18*v5*v4*v2^2+-1*v18*v16*v3*v2^2+v18*v6*v3*v2^2+v18*v16^2*v6*v1+v18*v15^2*v6*v1+-1*v18*v16*v6^2*v1+-1*v18*v16*v5^2*v1+-1*v18*v16^2*v4*v1+-1*v18*v15^2*v4*v1+v18*v6^2*v4*v1+v18*v5^2*v4*v1+v18*v16*v4^2*v1+-1*v18*v6*v4^2*v1+v18*v16*v3^2*v1+-1*v18*v6*v3^2*v1+-1*v18*v15*v6*v1^2+v18*v16*v5*v1^2+v18*v15*v4*v1^2+-1*v18*v5*v4*v1^2+-1*v18*v16*v3*v1^2+v18*v6*v3*v1^2],[v1=0,v2=0,v3=0,v4=1]),[v1,v2,v3,v4,v5,v6,v7,v8,v9,v10,v11,v12,v13,v14,v15,v17,v16,v18],revlex)
1<< [1]
