1>> gbasis(subst([v7+-1*v5+v3+-1*v1,v8+-1*v6+v4+-1*v2,v9+-1*v5+-1*v3+v1,v10+-1*v6+-1*v4+v2,v11*v10+-1*v12*v9+-1*v11*v6+v9*v6+v12*v5+-1*v10*v5,v11*v8+-1*v12*v7+-1*v11*v2+v7*v2+v12*v1+-1*v8*v1,v15+v13+-1*v11+-1*v3,v16+v14+-1*v12+-1*v4,v17+v13+-1*v5+-1*v1,v18+v14+-1*v6+-1*v2,v19*v18+-1*v20*v17+-1*v19*v6+v17*v6+v20*v5+-1*v18*v5,v19*v16+-1*v20*v15+-1*v19*v12+v15*v12+v20*v11+-1*v16*v11,v21*v12+-1*v22*v11+-1*v21*v4+v11*v4+v22*v3+-1*v12*v3,-1*v21*v6+v22*v5+v21*v2+-1*v5*v2+-1*v22*v1+v6*v1,-1+-1*v23*v5*v4+v23*v6*v3+v23*v5*v2+-1*v23*v3*v2+-1*v23*v6*v1+v23*v4*v1,-1+-1*v24*v13*v4+v24*v14*v3+v24*v13*v2+-1*v24*v3*v2+-1*v24*v14*v1+v24*v4*v1,-1+-1*v25*v13*v6+v25*v14*v5+v25*v13*v2+-1*v25*v5*v2+-1*v25*v14*v1+v25*v6*v1,-1+-1*v26*v13*v6+v26*v14*v5+v26*v13*v4+-1*v26*v5*v4+-1*v26*v14*v3+v26*v6*v3,-1+v27*v21*v20+-1*v27*v22*v19+-1*v27*v21*v14+v27*v19*v14+v27*v22*v13+-1*v27*v20*v13],[v1=0,v2=0,v3=0,v4=1]),[v1,v2,v3,v4,v5,v6,v13,v14,v7,v8,v9,v10,v11,v12,v15,v17,v16,v19,v18,v21,v20,v23,v22,v25,v24,v27,v26],revlex)
1<< [1]
