1>> gbasis(subst([-1*v10^2+-1*v9^2+2*v10*v8+2*v9*v7+-2*v8*v6+v6^2+-2*v7*v5+v5^2,-1*v9*v4+v10*v3+v9*v2+-1*v3*v2+-1*v10*v1+v4*v1,v10*v4+-1*v8*v4+v9*v3+-1*v7*v3+-1*v10*v2+v8*v2+-1*v9*v1+v7*v1,2*v13+-1*v11+-1*v5,2*v14+-1*v12+-1*v6,-1*v13*v4+v14*v3+v13*v2+-1*v3*v2+-1*v14*v1+v4*v1,-1*v16+v6+v3+-1*v1,-1*v15+v5+-1*v4+v2,-1*v15*v14+v16*v13+v15*v12+-1*v13*v12+-1*v16*v11+v14*v11,-1*v17*v4+v18*v3+v17*v2+-1*v3*v2+-1*v18*v1+v4*v1,-1*v17*v12+v18*v11+v17*v6+-1*v11*v6+-1*v18*v5+v12*v5,v11*v8+-1*v12*v7+-1*v11*v6+v7*v6+v12*v5+-1*v8*v5,-1+-1*v19*v5*v4+v19*v6*v3+v19*v5*v2+-1*v19*v3*v2+-1*v19*v6*v1+v19*v4*v1,-1+-1*v20*v18^2+-1*v20*v17^2+2*v20*v18*v8+2*v20*v17*v7+-2*v20*v8*v6+v20*v6^2+-2*v20*v7*v5+v20*v5^2],[v1=0,v2=0,v3=0,v4=1]),[v1,v2,v3,v4,v5,v6,v7,v8,v9,v10,v11,v12,v13,v14,v15,v17,v16,v19,v18,v20],revlex)
1<< [1]
