1>> gbasis(subst([1],[v1=0,v2=0]),[v1,v2],revlex)
1<< [1]
