1>> gbasis(subst([-1*v6+v3+v2+-1*v1,-1*v5+-1*v4+v2+v1,v7*v6+-1*v8*v5+-1*v7*v2+v5*v2+v8*v1+-1*v6*v1,v9+v8+-1*v2+-1*v1,v10+-1*v7+-1*v2+v1,-1+-1*v15*v9*v4+v15*v10*v3+v15*v9*v2+-1*v15*v3*v2+-1*v15*v10*v1+v15*v4*v1],[v1=0,v2=0,v3=0,v4=1]),[v1,v2,v3,v4,v7,v5,v6,v8,v9,v10,v15],revlex)
1<< [1]
