1>> gbasis(subst([-1*v8+v6+v3+-1*v1,-1*v7+v5+-1*v4+v2,-1*v9*v4+v10*v3+v9*v2+-1*v3*v2+-1*v10*v1+v4*v1,v9*v8+-1*v10*v7+-1*v9*v6+v7*v6+v10*v5+-1*v8*v5,v11+-2*v9+v5,v12+-2*v10+v6,-1+-1*v17*v5*v4+v17*v6*v3+v17*v5*v2+-1*v17*v3*v2+-1*v17*v6*v1+v17*v4*v1,-1+v18*v11*v8+-1*v18*v12*v7+-1*v18*v11*v6+v18*v7*v6+v18*v12*v5+-1*v18*v8*v5],[v1=0,v2=0,v3=0,v4=1]),[v1,v2,v3,v4,v5,v6,v7,v8,v9,v10,v11,v12,v17,v18],revlex)
1<< [1]
