1>> gbasis(subst([-1*v6+v4+v3+-1*v1,-1*v5+-1*v4+v3+v2,-1*v8+v3+v2+-1*v1,-1*v7+-1*v4+v2+v1,v9*v6+-1*v10*v5+-1*v9*v4+v5*v4+v10*v3+-1*v6*v3,-1*v10^2+-1*v9^2+2*v10*v4+2*v9*v3+-2*v4*v2+v2^2+-2*v3*v1+v1^2,-1*v12+v10+-1*v5+v3,-1*v11+v9+v6+-1*v4,v13*v8+-1*v14*v7+-1*v13*v2+v7*v2+v14*v1+-1*v8*v1,v13*v12+-1*v14*v11+-1*v13*v10+v11*v10+v14*v9+-1*v12*v9,-1+v15*v10*v4+-1*v15*v4^2+v15*v9*v3+-1*v15*v3^2+-1*v15*v10*v2+v15*v4*v2+-1*v15*v9*v1+v15*v3*v1],[v1=0,v2=0,v3=0,v4=1]),[v1,v2,v3,v4,v5,v6,v7,v8,v9,v10,v11,v12,v13,v14,v15],revlex)
1<< [1]
