1>> gbasis(subst([-1*v8+v5+v4+-1*v1,-1*v7+-1*v6+v3+v2,-1*v9*v6+v10*v5+v9*v2+-1*v5*v2+-1*v10*v1+v6*v1,v9*v8+-1*v10*v7+-1*v9*v4+v7*v4+v10*v3+-1*v8*v3,2*v11+-1*v3+-1*v1,2*v12+-1*v4+-1*v2,-1+-1*v13*v5*v4+v13*v6*v3+v13*v5*v2+-1*v13*v3*v2+-1*v13*v6*v1+v13*v4*v1,-1+-2*v14*v12*v10+v14*v10^2+-2*v14*v11*v9+v14*v9^2+2*v14*v12*v4+-1*v14*v4^2+2*v14*v11*v3+-1*v14*v3^2],[v1=0,v2=0,v3=0,v4=1]),[v1,v2,v3,v4,v5,v6,v7,v8,v9,v10,v11,v12,v13,v14],revlex)
1<< [1]
