1>> gbasis(subst([v7+-1*v5+-1*v3+v1,v8+-1*v6+-1*v4+v2,v9*v8+-1*v10*v7+-1*v9*v6+v7*v6+v10*v5+-1*v8*v5,v11*v10+-1*v12*v9+-1*v11*v4+v9*v4+v12*v3+-1*v10*v3,v11*v6+-1*v12*v5+-1*v11*v2+v5*v2+v12*v1+-1*v6*v1,-1*v13*v10+v14*v9+v13*v2+-1*v9*v2+-1*v14*v1+v10*v1,v13*v6+-1*v14*v5+-1*v13*v4+v5*v4+v14*v3+-1*v6*v3,v15*v14+-1*v16*v13+-1*v15*v12+v13*v12+v16*v11+-1*v14*v11,-1*v15*v4+v16*v3+v15*v2+-1*v3*v2+-1*v16*v1+v4*v1,2*v17+-1*v3+-1*v1,2*v18+-1*v4+-1*v2,-1+-1*v19*v5*v4+v19*v6*v3+v19*v5*v2+-1*v19*v3*v2+-1*v19*v6*v1+v19*v4*v1,1+-1*v20*v18+-1*v20*v17+v20^2*v18*v17+v20*v16+-1*v20^2*v17*v16+v20*v15+-1*v20^2*v18*v15+v20^2*v16*v15],[v1=0,v2=0,v3=0,v4=1]),[v1,v2,v3,v4,v5,v6,v9,v7,v8,v10,v11,v12,v13,v14,v15,v17,v16,v19,v18,v20],revlex)
1<< [v13*v19+1,2*v16*v20-v20+2,v5-v13,v6-v14,v9-v13,v7-v13,v8-v14-1,v10-v14,v11-v13,v12-v14,v15,v17,2*v18-1]
