1>> gbasis(subst([-1*v8+v5+-1*v3+v2,-1*v7+-1*v6+v4+v1,-1*v9*v6+v10*v5+v9*v4+-1*v5*v4+-1*v10*v3+v6*v3,v9*v8+-1*v10*v7+-1*v9*v2+v7*v2+v10*v1+-1*v8*v1,-1*v12+v5+v4+-1*v1,-1*v11+-1*v6+v3+v2,v13*v12+-1*v14*v11+-1*v13*v4+v11*v4+v14*v3+-1*v12*v3,-1*v13*v6+v14*v5+v13*v2+-1*v5*v2+-1*v14*v1+v6*v1,-1*v16+v6+-1*v3+v1,-1*v15+v5+v4+-1*v2,v17*v16+-1*v18*v15+-1*v17*v6+v15*v6+v18*v5+-1*v16*v5,v17*v4+-1*v18*v3+-1*v17*v2+v3*v2+v18*v1+-1*v4*v1,-1*v19*v18+v20*v17+v19*v14+-1*v17*v14+-1*v20*v13+v18*v13,-1*v19*v6+v20*v5+v19*v4+-1*v5*v4+-1*v20*v3+v6*v3,-1*v21*v18+v22*v17+v21*v10+-1*v17*v10+-1*v22*v9+v18*v9,-1*v21*v6+v22*v5+v21*v2+-1*v5*v2+-1*v22*v1+v6*v1,v23*v4+-1*v24*v3+-1*v23*v2+v3*v2+v24*v1+-1*v4*v1,v23*v14+-1*v24*v13+-1*v23*v10+v13*v10+v24*v9+-1*v14*v9,-1+-1*v25*v5*v4+v25*v6*v3+v25*v5*v2+-1*v25*v3*v2+-1*v25*v6*v1+v25*v4*v1,-1+v26*v23*v22+-1*v26*v24*v21+-1*v26*v23*v20+v26*v21*v20+v26*v24*v19+-1*v26*v22*v19],[v1=0,v2=0,v3=0,v4=1]),[v1,v2,v3,v4,v5,v6,v7,v8,v9,v10,v11,v12,v13,v14,v15,v17,v16,v19,v18,v21,v20,v23,v22,v25,v24,v26],revlex)
1<< [1]
