1>> caseval("init geogebra")
1<< "geogebra mode on"
2>> fractionalPart(x):=sign(x)*(abs(x)-floor(abs(x)))
2<<  (x)->sign(x)*(abs(x)-floor(abs(x)))
3>> is3dpoint(x):=when(size(x[1])==3 && subtype(x[1])==20,true,false)
3<<  (x)->when((((size(x[1]))==3)) && (((subtype(x[1]))==20)),true,false)
4>> xcoord(a):=when(type(a)==DOM_IDENT,xcoordsymb(a),when(a[0]=='pnt',when(is3dpoint(a),a[1][0],real(a[1])),when(a[0]=='=',coeff(a[1]-a[2],x,1),a[0])))
4<<  (a)->when(((type(a))==identifier),xcoordsymb(a),when(((a[0])=='pnt'),when(is3dpoint(a),(a[1])[0],real(a[1])),when(((a[0])=='='),coeff(a[1]-(a[2]),x,1),a[0])))
5>> ycoord(a):=when(type(a)==DOM_IDENT,ycoordsymb(a),when(a[0]=='pnt',when(is3dpoint(a),a[1][1],im(a[1])),when(a[0]=='=',coeff(a[1]-a[2],y,1),a[1])))
5<<  (a)->when(((type(a))==identifier),ycoordsymb(a),when(((a[0])=='pnt'),when(is3dpoint(a),(a[1])[1],im(a[1])),when(((a[0])=='='),coeff(a[1]-(a[2]),y,1),a[1])))
6>> zcoord(a):=when(type(a)==DOM_IDENT,zcoordsymb(a),when(a[0]=='pnt',when(is3dpoint(a),a[1][2],0),when(length(a)<3 && a[0] != '=',0,when(a[0]=='=',coeff(a[1]-a[2],z,1),a[2]))))
6<<  (a)->when(((type(a))==identifier),zcoordsymb(a),when(((a[0])=='pnt'),when(is3dpoint(a),(a[1])[2],0),when(((length(a))<3) && ((a[0])<>'='),0,when(((a[0])=='='),coeff(a[1]-(a[2]),z,1),a[2]))))
7>> degasin(x):=normal(asin(x)/pi*180)*unicode0176u
7<<  (x)->normal(asin(x)/pi*180)*unicode0176u
8>> degacos(x):=normal(acos(x)/pi*180)*unicode0176u
8<<  (x)->normal(acos(x)/pi*180)*unicode0176u
9>> degatan(x):=normal(atan(x)/pi*180)*unicode0176u
9<<  (x)->normal(atan(x)/pi*180)*unicode0176u
10>> degatan2(y,x):=normal(arg(x+i*y)/pi*180)*unicode0176u
10<<  (y,x)->normal(arg(x+Î¯*y)/pi*180)*unicode0176u
11>> ggbabs(x):=when(x[0]=='pnt' || (type(x)==DOM_LIST && subtype(x)==27),l2norm(x),abs(x))
11<<  (x)->when((((x[0])=='pnt')) || ((((type(x))==vector)) && (((subtype(x))==27))),l2norm(x),abs(x))
12>> ggb_is_zero(x):=when(x==0,true,when(type(x)=='DOM_LIST',max(flatten({x,0}))==min(flatten({x,0}))&&min(flatten({x,0}))==0,when(x[0]=='=',lhs(x)==0&&rhs(x)==0,false)))
12<<  (x)->when((x==0),true,when(((type(x))==vector),(((max(flatten({x,0})))==(min(flatten({x,0}))))) && (((min(flatten({x,0})))==0)),when(((x[0])=='='),(((lhs(x))==0)) && (((rhs(x))==0)),false)))
13>> caseval(regroup(when ( type({ggbtmpvara=2, (((((12)*(sqrt(3)))*(ggbtmpvara))*((ggbtmpvarb)^(2)))*(exp((-(3))*(ggbtmpvarb))))-(((((6)*(sqrt(3)))*(ggbtmpvara))*(ggbtmpvarb))*(exp((-(3))*(ggbtmpvarb))))=0}) == DOM_SYMBOLIC && type({ggbtmpvara, ggbtmpvarb}) == DOM_SYMBOLIC , (assume({ggbtmpvara, ggbtmpvarb}),solve({ggbtmpvara=2, (((((12)*(sqrt(3)))*(ggbtmpvara))*((ggbtmpvarb)^(2)))*(exp((-(3))*(ggbtmpvarb))))-(((((6)*(sqrt(3)))*(ggbtmpvara))*(ggbtmpvarb))*(exp((-(3))*(ggbtmpvarb))))=0},x))[size(assume({ggbtmpvara, ggbtmpvarb}),solve({ggbtmpvara=2, (((((12)*(sqrt(3)))*(ggbtmpvara))*((ggbtmpvarb)^(2)))*(exp((-(3))*(ggbtmpvarb))))-(((((6)*(sqrt(3)))*(ggbtmpvara))*(ggbtmpvarb))*(exp((-(3))*(ggbtmpvarb))))=0},x))-1] , when ( type({ggbtmpvara=2, (((((12)*(sqrt(3)))*(ggbtmpvara))*((ggbtmpvarb)^(2)))*(exp((-(3))*(ggbtmpvarb))))-(((((6)*(sqrt(3)))*(ggbtmpvara))*(ggbtmpvarb))*(exp((-(3))*(ggbtmpvarb))))=0}) == DOM_IDENT && type({ggbtmpvara, ggbtmpvarb}) == DOM_SYMBOLIC && {ggbtmpvara=2, (((((12)*(sqrt(3)))*(ggbtmpvara))*((ggbtmpvarb)^(2)))*(exp((-(3))*(ggbtmpvarb))))-(((((6)*(sqrt(3)))*(ggbtmpvara))*(ggbtmpvarb))*(exp((-(3))*(ggbtmpvarb))))=0} == 'x', (assume({ggbtmpvara, ggbtmpvarb}),solve({ggbtmpvara=2, (((((12)*(sqrt(3)))*(ggbtmpvara))*((ggbtmpvarb)^(2)))*(exp((-(3))*(ggbtmpvarb))))-(((((6)*(sqrt(3)))*(ggbtmpvara))*(ggbtmpvarb))*(exp((-(3))*(ggbtmpvarb))))=0}=0,x))[size(assume({ggbtmpvara, ggbtmpvarb}),solve({ggbtmpvara=2, (((((12)*(sqrt(3)))*(ggbtmpvara))*((ggbtmpvarb)^(2)))*(exp((-(3))*(ggbtmpvarb))))-(((((6)*(sqrt(3)))*(ggbtmpvara))*(ggbtmpvarb))*(exp((-(3))*(ggbtmpvarb))))=0}=0,x))-1] ,when ( size({ggbtmpvara, ggbtmpvarb}) == 1,flatten1(ggbsort(normal([op(solve({ggbtmpvara=2, (((((12)*(sqrt(3)))*(ggbtmpvara))*((ggbtmpvarb)^(2)))*(exp((-(3))*(ggbtmpvarb))))-(((((6)*(sqrt(3)))*(ggbtmpvara))*(ggbtmpvarb))*(exp((-(3))*(ggbtmpvarb))))=0},{ggbtmpvara, ggbtmpvarb}))]))),ggbsort(normal([op(solve({ggbtmpvara=2, (((((12)*(sqrt(3)))*(ggbtmpvara))*((ggbtmpvarb)^(2)))*(exp((-(3))*(ggbtmpvarb))))-(((((6)*(sqrt(3)))*(ggbtmpvara))*(ggbtmpvarb))*(exp((-(3))*(ggbtmpvarb))))=0},{ggbtmpvara, ggbtmpvarb}))])) ) ) )))
13<< {{ggbtmpvara=2,ggbtmpvarb=0},{ggbtmpvara=2,ggbtmpvarb=(1/2)}}
14>> caseval(regroup(ggbsort(normal(zeros((ggbtmpvart)^(2)=(4)*(ggbtmpvart),x)))))
14<< {}
