1>> eliminate([2*v5+-1*v3,2*v6+-1*v4,-1*v8+v6+v3,-1*v7+v5+-1*v4,v9*v8+-1*v10*v7+-1*v9*v6+v7*v6+v10*v5+-1*v8*v5,v11*v8+-1*v12*v7+-1*v11*v6+v7*v6+v12*v5+-1*v8*v5,2*v15+-1*v13+-1*v9,2*v16+-1*v14+-1*v10,-1*v15*v4+v16*v3,-1*v18+v10+v3,-1*v17+v9+-1*v4,-1*v17*v16+v18*v15+v17*v14+-1*v15*v14+-1*v18*v13+v16*v13,2*v21+-1*v19+-1*v11,2*v22+-1*v20+-1*v12,-1*v21*v4+v22*v3,-1*v24+v12+v3,-1*v23+v11+-1*v4,-1*v23*v22+v24*v21+v23*v20+-1*v21*v20+-1*v24*v19+v22*v19,-1+v25*v19^2*v4^2+-1*v25*v13^2*v4^2+2*v25*v13*v11*v4^2+-1*v25*v11^2*v4^2+-2*v25*v19*v9*v4^2+v25*v9^2*v4^2+-2*v25*v20*v19*v4*v3+2*v25*v14*v13*v4*v3+-2*v25*v13*v12*v4*v3+-2*v25*v14*v11*v4*v3+2*v25*v12*v11*v4*v3+2*v25*v19*v10*v4*v3+2*v25*v20*v9*v4*v3+-2*v25*v10*v9*v4*v3+v25*v20^2*v3^2+-1*v25*v14^2*v3^2+2*v25*v14*v12*v3^2+-1*v25*v12^2*v3^2+-2*v25*v20*v10*v3^2+v25*v10^2*v3^2],revlist([v5,v6,v7,v8,v10,v12,v13,v14,v15,v17,v16,v19,v18,v21,v20,v23,v22,v25,v24]))
1<< [1]
