1>> eliminate([-1*v7*v6+v8*v5+v7*v4+-1*v5*v4+-1*v8*v3+v6*v3,2*v8*v7*v6*v5*v4^2+-1*v8^2*v5^2*v4^2+v7^2*v5^2*v4^2+-2*v8*v7*v6^2*v4*v3+-2*v8*v7*v5^2*v4*v3+v8^2*v6^2*v3^2+-1*v7^2*v6^2*v3^2+2*v8*v7*v6*v5*v3^2,v9*v6+-1*v10*v5+-1*v9*v4+v5*v4+v10*v3+-1*v6*v3,v9*v8+-1*v10*v7,2*v11+-1*v3,2*v12+-1*v4,2*v13+-1*v5,2*v14+-1*v6,-1*v16+v12+-1*v3,-1*v15+v11+v4,-1*v18+v14+v5,-1*v17+v13+-1*v6,v19*v18+-1*v20*v17+-1*v19*v14+v17*v14+v20*v13+-1*v18*v13,v19*v16+-1*v20*v15+-1*v19*v12+v15*v12+v20*v11+-1*v16*v11,2*v21+-1*v9,2*v22+-1*v10,-1*v24+v22+-1*v7,-1*v23+v21+v8,v25*v24+-1*v26*v23+-1*v25*v22+v23*v22+v26*v21+-1*v24*v21,v25*v20+-1*v26*v19,-1+2*v27*v26*v10+-1*v27*v10^2+2*v27*v25*v9+-1*v27*v9^2],revlist([v7,v8,v9,v10,v11,v12,v13,v14,v15,v17,v16,v19,v18,v21,v20,v23,v22,v25,v24,v27,v26]))
1<< [v4^2*v3*v5+v3^3*v5-v4^2*v5^2-v3^2*v5^2,v6^2*v4-v6*v4^2-v4*v3*v5+v4*v5^2,v6*v4*v5-v4^2*v5-v3^2*v5+v3*v5^2,v6*v3-v4*v5]
