[v4^7*v3*v6^2*v5*v9+2*v4^5*v3^3*v6^2*v5*v9+v4^3*v3^5*v6^2*v5*v9-5*v4^6*v3*v6^3*v5*v9-8*v4^4*v3^3*v6^3*v5*v9-3*v4^2*v3^5*v6^3*v5*v9+10*v4^5*v3*v6^4*v5*v9+12*v4^3*v3^3*v6^4*v5*v9+2*v4*v3^5*v6^4*v5*v9-10*v4^4*v3*v6^5*v5*v9-8*v4^2*v3^3*v6^5*v5*v9+5*v4^3*v3*v6^6*v5*v9+2*v4*v3^3*v6^6*v5*v9-v4^2*v3*v6^7*v5*v9+2*v4^6*v3^2*v6*v5^2*v9+4*v4^4*v3^4*v6*v5^2*v9+2*v4^2*v3^6*v6*v5^2*v9-10*v4^5*v3^2*v6^2*v5^2*v9-14*v4^3*v3^4*v6^2*v5^2*v9-4*v4*v3^6*v6^2*v5^2*v9+20*v4^4*v3^2*v6^3*v5^2*v9+22*v4^2*v3^4*v6^3*v5^2*v9+2*v3^6*v6^3*v5^2*v9-20*v4^3*v3^2*v6^4*v5^2*v9-14*v4*v3^4*v6^4*v5^2*v9+10*v4^2*v3^2*v6^5*v5^2*v9+2*v3^4*v6^5*v5^2*v9-2*v4*v3^2*v6^6*v5^2*v9+v4^5*v3^3*v5^3*v9+2*v4^3*v3^5*v5^3*v9+v4*v3^7*v5^3*v9-2*v4^6*v3*v6*v5^3*v9-11*v4^4*v3^3*v6*v5^3*v9-10*v4^2*v3^5*v6*v5^3*v9-v3^7*v6*v5^3*v9+8*v4^5*v3*v6^2*v5^3*v9+22*v4^3*v3^3*v6^2*v5^3*v9+14*v4*v3^5*v6^2*v5^3*v9-12*v4^4*v3*v6^3*v5^3*v9-22*v4^2*v3^3*v6^3*v5^3*v9-6*v3^5*v6^3*v5^3*v9+8*v4^3*v3*v6^4*v5^3*v9+11*v4*v3^3*v6^4*v5^3*v9-2*v4^2*v3*v6^5*v5^3*v9-v3^3*v6^5*v5^3*v9-2*v4^5*v3^2*v5^4*v9-6*v4^3*v3^4*v5^4*v9-4*v4*v3^6*v5^4*v9+14*v4^4*v3^2*v6*v5^4*v9+18*v4^2*v3^4*v6*v5^4*v9+4*v3^6*v6*v5^4*v9-22*v4^3*v3^2*v6^2*v5^4*v9-18*v4*v3^4*v6^2*v5^4*v9+14*v4^2*v3^2*v6^3*v5^4*v9+6*v3^4*v6^3*v5^4*v9-4*v4*v3^2*v6^4*v5^4*v9+6*v4^3*v3^3*v5^5*v9+6*v4*v3^5*v5^5*v9-2*v4^4*v3*v6*v5^5*v9-14*v4^2*v3^3*v6*v5^5*v9-6*v3^5*v6*v5^5*v9+3*v4^3*v3*v6^2*v5^5*v9+10*v4*v3^3*v6^2*v5^5*v9-v4^2*v3*v6^3*v5^5*v9-2*v3^3*v6^3*v5^5*v9-2*v4^3*v3^2*v5^6*v9-4*v4*v3^4*v5^6*v9+4*v4^2*v3^2*v6*v5^6*v9+4*v3^4*v6*v5^6*v9-2*v4*v3^2*v6^2*v5^6*v9+v4*v3^3*v5^7*v9-v3^3*v6*v5^7*v9-v4^7*v3*v6^2*v9^2-2*v4^5*v3^3*v6^2*v9^2-v4^3*v3^5*v6^2*v9^2+5*v4^6*v3*v6^3*v9^2+8*v4^4*v3^3*v6^3*v9^2+3*v4^2*v3^5*v6^3*v9^2-10*v4^5*v3*v6^4*v9^2-12*v4^3*v3^3*v6^4*v9^2-2*v4*v3^5*v6^4*v9^2+10*v4^4*v3*v6^5*v9^2+8*v4^2*v3^3*v6^5*v9^2-5*v4^3*v3*v6^6*v9^2-2*v4*v3^3*v6^6*v9^2+v4^2*v3*v6^7*v9^2-2*v4^6*v3^2*v6*v5*v9^2-4*v4^4*v3^4*v6*v5*v9^2-2*v4^2*v3^6*v6*v5*v9^2-v4^7*v6^2*v5*v9^2+7*v4^5*v3^2*v6^2*v5*v9^2+11*v4^3*v3^4*v6^2*v5*v9^2+3*v4*v3^6*v6^2*v5*v9^2+5*v4^6*v6^3*v5*v9^2-8*v4^4*v3^2*v6^3*v5*v9^2-15*v4^2*v3^4*v6^3*v5*v9^2-2*v3^6*v6^3*v5*v9^2-10*v4^5*v6^4*v5*v9^2+2*v4^3*v3^2*v6^4*v5*v9^2+10*v4*v3^4*v6^4*v5*v9^2+10*v4^4*v6^5*v5*v9^2+2*v4^2*v3^2*v6^5*v5*v9^2-2*v3^4*v6^5*v5*v9^2-5*v4^3*v6^6*v5*v9^2-v4*v3^2*v6^6*v5*v9^2+v4^2*v6^7*v5*v9^2-v4^5*v3^3*v5^2*v9^2-2*v4^3*v3^5*v5^2*v9^2-v4*v3^7*v5^2*v9^2+v4^6*v3*v6*v5^2*v9^2+8*v4^4*v3^3*v6*v5^2*v9^2+7*v4^2*v3^5*v6*v5^2*v9^2-2*v4^5*v3*v6^2*v5^2*v9^2-4*v4^3*v3^3*v6^2*v5^2*v9^2-2*v4*v3^5*v6^2*v5^2*v9^2-2*v4^4*v3*v6^3*v5^2*v9^2-12*v4^2*v3^3*v6^3*v5^2*v9^2+2*v3^5*v6^3*v5^2*v9^2+8*v4^3*v3*v6^4*v5^2*v9^2+11*v4*v3^3*v6^4*v5^2*v9^2-7*v4^2*v3*v6^5*v5^2*v9^2-2*v3^3*v6^5*v5^2*v9^2+2*v4*v3*v6^6*v5^2*v9^2+2*v4^5*v3^2*v5^3*v9^2+6*v4^3*v3^4*v5^3*v9^2+4*v4*v3^6*v5^3*v9^2+2*v4^6*v6*v5^3*v9^2-11*v4^4*v3^2*v6*v5^3*v9^2-12*v4^2*v3^4*v6*v5^3*v9^2+v3^6*v6*v5^3*v9^2-8*v4^5*v6^2*v5^3*v9^2+12*v4^3*v3^2*v6^2*v5^3*v9^2-8*v4*v3^4*v6^2*v5^3*v9^2+12*v4^4*v6^3*v5^3*v9^2+4*v4^2*v3^2*v6^3*v5^3*v9^2+4*v3^4*v6^3*v5^3*v9^2-8*v4^3*v6^4*v5^3*v9^2-8*v4*v3^2*v6^4*v5^3*v9^2+2*v4^2*v6^5*v5^3*v9^2+v3^2*v6^5*v5^3*v9^2+2*v4^5*v3*v5^4*v9^2-4*v4^3*v3^3*v5^4*v9^2-6*v4*v3^5*v5^4*v9^2-10*v4^4*v3*v6*v5^4*v9^2+8*v4^2*v3^3*v6*v5^4*v9^2-4*v3^5*v6*v5^4*v9^2+15*v4^3*v3*v6^2*v5^4*v9^2+12*v4*v3^3*v6^2*v5^4*v9^2-11*v4^2*v3*v6^3*v5^4*v9^2-6*v3^3*v6^3*v5^4*v9^2+4*v4*v3*v6^4*v5^4*v9^2-2*v4^3*v3^2*v5^5*v9^2+4*v4*v3^4*v5^5*v9^2+2*v4^4*v6*v5^5*v9^2+2*v4^2*v3^2*v6*v5^5*v9^2+6*v3^4*v6*v5^5*v9^2-3*v4^3*v6^2*v5^5*v9^2-7*v4*v3^2*v6^2*v5^5*v9^2+v4^2*v6^3*v5^5*v9^2+2*v3^2*v6^3*v5^5*v9^2+2*v4^3*v3*v5^6*v9^2-v4*v3^3*v5^6*v9^2-3*v4^2*v3*v6*v5^6*v9^2-4*v3^3*v6*v5^6*v9^2+2*v4*v3*v6^2*v5^6*v9^2+v3^2*v6*v5^7*v9^2+v4^7*v6^2*v9^3+3*v4^5*v3^2*v6^2*v9^3+3*v4^3*v3^4*v6^2*v9^3+v4*v3^6*v6^2*v9^3-5*v4^6*v6^3*v9^3-12*v4^4*v3^2*v6^3*v9^3-7*v4^2*v3^4*v6^3*v9^3+10*v4^5*v6^4*v9^3+18*v4^3*v3^2*v6^4*v9^3+4*v4*v3^4*v6^4*v9^3-10*v4^4*v6^5*v9^3-12*v4^2*v3^2*v6^5*v9^3+5*v4^3*v6^6*v9^3+3*v4*v3^2*v6^6*v9^3-v4^2*v6^7*v9^3+v4^6*v3*v6*v5*v9^3+3*v4^4*v3^3*v6*v5*v9^3+3*v4^2*v3^5*v6*v5*v9^3+v3^7*v6*v5*v9^3-5*v4^5*v3*v6^2*v5*v9^3-16*v4^3*v3^3*v6^2*v5*v9^3-11*v4*v3^5*v6^2*v5*v9^3+10*v4^4*v3*v6^3*v5*v9^3+30*v4^2*v3^3*v6^3*v5*v9^3+4*v3^5*v6^3*v5*v9^3-10*v4^3*v3*v6^4*v5*v9^3-20*v4*v3^3*v6^4*v5*v9^3+5*v4^2*v3*v6^5*v5*v9^3+3*v3^3*v6^5*v5*v9^3-v4*v3*v6^6*v5*v9^3-3*v4^6*v6*v5^2*v9^3-4*v4^4*v3^2*v6*v5^2*v9^3-5*v4^2*v3^4*v6*v5^2*v9^3-4*v3^6*v6*v5^2*v9^3+12*v4^5*v6^2*v5^2*v9^3+6*v4^3*v3^2*v6^2*v5^2*v9^3+18*v4*v3^4*v6^2*v5^2*v9^3-18*v4^4*v6^3*v5^2*v9^3-6*v4^2*v3^2*v6^3*v5^2*v9^3-8*v3^4*v6^3*v5^2*v9^3+12*v4^3*v6^4*v5^2*v9^3+4*v4*v3^2*v6^4*v5^2*v9^3-3*v4^2*v6^5*v5^2*v9^3-3*v4^5*v3*v5^3*v9^3-4*v4^3*v3^3*v5^3*v9^3-v4*v3^5*v5^3*v9^3+20*v4^4*v3*v6*v5^3*v9^3+10*v4^2*v3^3*v6*v5^3*v9^3+6*v3^5*v6*v5^3*v9^3-30*v4^3*v3*v6^2*v5^3*v9^3-10*v4*v3^3*v6^2*v5^3*v9^3+16*v4^2*v3*v6^3*v5^3*v9^3+4*v3^3*v6^3*v5^3*v9^3-3*v4*v3*v6^4*v5^3*v9^3+8*v4^3*v3^2*v5^4*v9^3+4*v4*v3^4*v5^4*v9^3-4*v4^4*v6*v5^4*v9^3-18*v4^2*v3^2*v6*v5^4*v9^3-4*v3^4*v6*v5^4*v9^3+7*v4^3*v6^2*v5^4*v9^3+5*v4*v3^2*v6^2*v5^4*v9^3-3*v4^2*v6^3*v5^4*v9^3-4*v4^3*v3*v5^5*v9^3-6*v4*v3^3*v5^5*v9^3+11*v4^2*v3*v6*v5^5*v9^3+v3^3*v6*v5^5*v9^3-3*v4*v3*v6^2*v5^5*v9^3+4*v4*v3^2*v5^6*v9^3-v4^2*v6*v5^6*v9^3-v4*v3*v5^7*v9^3-v4^5*v3*v6^2*v9^4-2*v4^3*v3^3*v6^2*v9^4-v4*v3^5*v6^2*v9^4+4*v4^4*v3*v6^3*v9^4+4*v4^2*v3^3*v6^3*v9^4-6*v4^3*v3*v6^4*v9^4-2*v4*v3^3*v6^4*v9^4+4*v4^2*v3*v6^5*v9^4-v4*v3*v6^6*v9^4+v4^6*v6*v5*v9^4+v4^4*v3^2*v6*v5*v9^4-v4^2*v3^4*v6*v5*v9^4-v3^6*v6*v5*v9^4-4*v4^5*v6^2*v5*v9^4+4*v4^3*v3^2*v6^2*v5*v9^4+8*v4*v3^4*v6^2*v5*v9^4+6*v4^4*v6^3*v5*v9^4-12*v4^2*v3^2*v6^3*v5*v9^4-2*v3^4*v6^3*v5*v9^4-4*v4^3*v6^4*v5*v9^4+8*v4*v3^2*v6^4*v5*v9^4+v4^2*v6^5*v5*v9^4-v3^2*v6^5*v5*v9^4+v4^5*v3*v5^2*v9^4+2*v4^3*v3^3*v5^2*v9^4+v4*v3^5*v5^2*v9^4-8*v4^4*v3*v6*v5^2*v9^4-4*v4^2*v3^3*v6*v5^2*v9^4+4*v3^5*v6*v5^2*v9^4+12*v4^3*v3*v6^2*v5^2*v9^4-12*v4*v3^3*v6^2*v5^2*v9^4-4*v4^2*v3*v6^3*v5^2*v9^4+4*v3^3*v6^3*v5^2*v9^4-v4*v3*v6^4*v5^2*v9^4-4*v4^3*v3^2*v5^3*v9^4-4*v4*v3^4*v5^3*v9^4+2*v4^4*v6*v5^3*v9^4+12*v4^2*v3^2*v6*v5^3*v9^4-6*v3^4*v6*v5^3*v9^4-4*v4^3*v6^2*v5^3*v9^4+4*v4*v3^2*v6^2*v5^3*v9^4+2*v4^2*v6^3*v5^3*v9^4-2*v3^2*v6^3*v5^3*v9^4+2*v4^3*v3*v5^4*v9^4+6*v4*v3^3*v5^4*v9^4-8*v4^2*v3*v6*v5^4*v9^4+4*v3^3*v6*v5^4*v9^4+v4*v3*v6^2*v5^4*v9^4-4*v4*v3^2*v5^5*v9^4+v4^2*v6*v5^5*v9^4-v3^2*v6*v5^5*v9^4+v4*v3*v5^6*v9^4]
