1>> eliminate([-1*v6^2+-1*v5^2+v4^2+v3^2,-1*v8+v4+-1*v3,-1*v7+v4+v3,-1*v10+v6+v5,-1*v9+-1*v6+v5,-1*v11*v6+v12*v5+v11*v4+-1*v5*v4+-1*v12*v3+v6*v3,-1*v14+v12+v11,-1*v13+-1*v12+v11,v15*v8+-1*v16*v7+-1*v15*v4+v7*v4+v16*v3+-1*v8*v3,v15*v14+-1*v16*v13+-1*v15*v12+v13*v12+v16*v11+-1*v14*v11,v17*v14+-1*v18*v13+-1*v17*v12+v13*v12+v18*v11+-1*v14*v11,v17*v10+-1*v18*v9+-1*v17*v6+v9*v6+v18*v5+-1*v10*v5,-1+v19*v18^2+v19*v17^2+-1*v19*v16^2+-1*v19*v15^2+-2*v19*v18*v12+2*v19*v16*v12+-2*v19*v17*v11+2*v19*v15*v11],revlist([v6,v7,v8,v9,v10,v12,v13,v14,v15,v17,v16,v19,v18]))
1<< [v5^2*v4*v3*v11-v5^2*v4*v11^2-v5*v4*v3*v11^2+v5*v4*v11^3,v5*v4^2*v3*v11-v5*v4^2*v11^2-v4^2*v3*v11^2+v4^2*v11^3,v5^2*v3^2*v11-v5^2*v3*v11^2-v5*v3^2*v11^2+v5*v3*v11^3,v5*v4*v3^2*v11-v5*v4*v3*v11^2-v4*v3^2*v11^2+v4*v3*v11^3,v5*v3^3*v11-v5*v3^2*v11^2-v3^3*v11^2+v3^2*v11^3,v5^3*v3-v5*v3^3-v5^3*v11-v5^2*v3*v11+v5*v3^2*v11+v3^3*v11+v5^2*v11^2-v3^2*v11^2]
