1>> eliminate([2*v7+-1*v3,2*v8+-1*v4,v10+-1*v8+-1*v7,v9+v8+-1*v7,2*v11+-1*v5,2*v12+-1*v6,v14+-1*v12+-1*v11+v5,v13+v12+-1*v11+-1*v6,-1*v15*v10+v16*v9+v15*v8+-1*v9*v8+-1*v16*v7+v10*v7,-1*v15*v14+v16*v13+v15*v12+-1*v13*v12+-1*v16*v11+v14*v11,2*v17+-1*v5+-1*v3,2*v18+-1*v6+-1*v4,v20+-1*v18+-1*v17+v3,v19+v18+-1*v17+-1*v4,-1*v21*v14+v22*v13+v21*v12+-1*v13*v12+-1*v22*v11+v14*v11,-1*v21*v20+v22*v19+v21*v18+-1*v19*v18+-1*v22*v17+v20*v17,1+v23*v22+v23*v21+v23^2*v22*v21+-1*v23*v16+-1*v23^2*v21*v16+-1*v23*v15+-1*v23^2*v22*v15+v23^2*v16*v15],revlist([v7,v8,v9,v10,v11,v12,v13,v14,v15,v17,v16,v19,v18,v21,v20,v23,v22]))
1<< [v3^2*v5-v3*v5^2+v3*v4*v6-v3*v6^2,v3^2*v6+v4^2*v6-v3*v5*v6-v4*v6^2,v4*v5-v3*v6]
