1>> eliminate([-1*v8+v5+-1*v3,-1*v7+-1*v6+v4,v9*v8+-1*v10*v7,-1*v9*v6+v10*v5+v9*v4+-1*v5*v4+-1*v10*v3+v6*v3,-1*v12+v6+v3,-1*v11+v5+-1*v4,v13*v8+-1*v14*v7,v13*v12+-1*v14*v11+-1*v13*v6+v11*v6+v14*v5+-1*v12*v5,-1+-1*v15*v13*v10+v15*v14*v9],revlist([v7,v8,v9,v10,v11,v12,v13,v14,v15]))
1<< [v3-v5,v4-v6]
