1>> eliminate([-1*v5*v4^2+v4^2*v3+-1*v5*v3^2+v3^3,-1*v6*v4^2+v4^3+-1*v6*v3^2+v4*v3^2,1+v7*v6+v7*v5+v7^2*v6*v5+-1*v7*v4+-1*v7^2*v5*v4+-1*v7*v3+-1*v7^2*v6*v3+v7^2*v4*v3],revlist([v5,v6,v7]))
1<< [v4^2+v3^2]
