[v8^4*v7*v6*v5^3+2*v8^2*v7^3*v6*v5^3+v7^5*v6*v5^3-v8^5*v5^4-2*v8^3*v7^2*v5^4-v8*v7^4*v5^4-3*v8^4*v7*v6*v5^2*v11-2*v8^2*v7^3*v6*v5^2*v11+v7^5*v6*v5^2*v11+3*v8^5*v5^3*v11+2*v8^3*v7^2*v5^3*v11-v8*v7^4*v5^3*v11-4*v8^2*v7^2*v6*v5^3*v11-4*v7^4*v6*v5^3*v11+4*v8^3*v7*v5^4*v11+4*v8*v7^3*v5^4*v11+3*v8^4*v7*v6*v5*v11^2+2*v8^2*v7^3*v6*v5*v11^2-v7^5*v6*v5*v11^2-3*v8^5*v5^2*v11^2-2*v8^3*v7^2*v5^2*v11^2+v8*v7^4*v5^2*v11^2+4*v8^2*v7*v6*v5^3*v11^2+4*v7^3*v6*v5^3*v11^2-4*v8^3*v5^4*v11^2-4*v8*v7^2*v5^4*v11^2-v8^4*v7*v6*v11^3-2*v8^2*v7^3*v6*v11^3-v7^5*v6*v11^3+v8^5*v5*v11^3+2*v8^3*v7^2*v5*v11^3+v8*v7^4*v5*v11^3+4*v8^2*v7^2*v6*v5*v11^3+4*v7^4*v6*v5*v11^3-4*v8^3*v7*v5^2*v11^3-4*v8*v7^3*v5^2*v11^3-4*v8^2*v7*v6*v5^2*v11^3-4*v7^3*v6*v5^2*v11^3+4*v8^3*v5^3*v11^3+4*v8*v7^2*v5^3*v11^3,4*v9^2*v8*v7^2*v6*v5^2*v11-4*v9*v8*v7^3*v6*v5^2*v11+2*v9*v7^3*v6^2*v5^2*v11-2*v7^4*v6^2*v5^2*v11+2*v9*v8^2*v7^2*v5^3*v11+4*v9^2*v7^3*v5^3*v11-2*v9*v7^4*v5^3*v11+v8^3*v7*v6*v5^3*v11-4*v9*v8*v7^2*v6*v5^3*v11+5*v8*v7^3*v6*v5^3*v11+2*v8^2*v7*v6^2*v5^3*v11+2*v7^3*v6^2*v5^3*v11-4*v9^2*v8^2*v5^4*v11-v8^4*v5^4*v11-4*v9^2*v7^2*v5^4*v11-3*v8^2*v7^2*v5^4*v11-2*v9*v7^3*v5^4*v11-2*v8^3*v6*v5^4*v11-2*v8*v7^2*v6*v5^4*v11+4*v9*v8^2*v5^5*v11+4*v9*v7^2*v5^5*v11-4*v9^2*v8*v7^2*v6*v5*v11^2+4*v9*v8*v7^3*v6*v5*v11^2-2*v8^2*v7^2*v6^2*v5*v11^2-2*v9*v7^3*v6^2*v5*v11^2-4*v9*v8^2*v7^2*v5^2*v11^2-4*v9^2*v7^3*v5^2*v11^2-4*v9^2*v8*v7*v6*v5^2*v11^2+8*v9*v8*v7^2*v6*v5^2*v11^2-4*v8*v7^3*v6*v5^2*v11^2-3*v8^2*v7*v6^2*v5^2*v11^2-4*v9*v7^2*v6^2*v5^2*v11^2+v7^3*v6^2*v5^2*v11^2+8*v9^2*v8^2*v5^3*v11^2+2*v8^4*v5^3*v11^2-2*v9*v8^2*v7*v5^3*v11^2+4*v9^2*v7^2*v5^3*v11^2+4*v8^2*v7^2*v5^3*v11^2+4*v9*v7^3*v5^3*v11^2+3*v8^3*v6*v5^3*v11^2+4*v9*v8*v7*v6*v5^3*v11^2-v8*v7^2*v6*v5^3*v11^2-4*v9*v8^2*v5^4*v11^2-4*v9*v7^2*v5^4*v11^2+2*v8^2*v7^2*v6^2*v11^3+2*v7^4*v6^2*v11^3+2*v9*v8^2*v7^2*v5*v11^3+2*v9*v7^4*v5*v11^3+4*v9^2*v8*v7*v6*v5*v11^3-v8^3*v7*v6*v5*v11^3-4*v9*v8*v7^2*v6*v5*v11^3-v8*v7^3*v6*v5*v11^3+2*v8^2*v7*v6^2*v5*v11^3+4*v9*v7^2*v6^2*v5*v11^3-2*v7^3*v6^2*v5*v11^3-4*v9^2*v8^2*v5^2*v11^3-v8^4*v5^2*v11^3+4*v9*v8^2*v7*v5^2*v11^3-v8^2*v7^2*v5^2*v11^3-2*v8^3*v6*v5^2*v11^3-4*v9*v8*v7*v6*v5^2*v11^3+2*v8*v7^2*v6*v5^2*v11^3+2*v9*v7*v6^2*v5^2*v11^3-2*v7^2*v6^2*v5^2*v11^3-4*v9*v8^2*v5^3*v11^3-4*v9*v7^2*v5^3*v11^3+2*v8^2*v5^4*v11^3+2*v9*v7*v5^4*v11^3-v8^2*v7*v6^2*v11^4-v7^3*v6^2*v11^4-2*v9*v8^2*v7*v5*v11^4-2*v9*v7^3*v5*v11^4+v8^3*v6*v5*v11^4+v8*v7^2*v6*v5*v11^4-2*v9*v7*v6^2*v5*v11^4+2*v7^2*v6^2*v5*v11^4+4*v9*v8^2*v5^2*v11^4+4*v9*v7^2*v5^2*v11^4-2*v8^2*v5^3*v11^4-2*v9*v7*v5^3*v11^4,4*v9^2*v7^3*v6*v5^2*v11-4*v9*v7^4*v6*v5^2*v11-2*v9*v8*v7^2*v6^2*v5^2*v11+2*v8*v7^3*v6^2*v5^2*v11+2*v9*v8^3*v7*v5^3*v11-4*v9^2*v8*v7^2*v5^3*v11+6*v9*v8*v7^3*v5^3*v11-3*v8^2*v7^2*v6*v5^3*v11-4*v9*v7^3*v6*v5^3*v11+v7^4*v6*v5^3*v11+v8^3*v7*v5^4*v11+2*v9*v8*v7^2*v5^4*v11-v8*v7^3*v5^4*v11-4*v9*v8^2*v7^2*v6*v5*v11^2-4*v9^2*v7^3*v6*v5*v11^2+2*v9*v8*v7^2*v6^2*v5*v11^2-2*v8*v7^3*v6^2*v5*v11^2-4*v9*v8^3*v7*v5^2*v11^2+4*v9^2*v8*v7^2*v5^2*v11^2-8*v9*v8*v7^3*v5^2*v11^2-4*v9^2*v7^2*v6*v5^2*v11^2+4*v8^2*v7^2*v6*v5^2*v11^2+8*v9*v7^3*v6*v5^2*v11^2+4*v9*v8*v7*v6^2*v5^2*v11^2-4*v8*v7^2*v6^2*v5^2*v11^2+2*v9*v8^3*v5^3*v11^2+4*v9^2*v8*v7*v5^3*v11^2-2*v8^3*v7*v5^3*v11^2-4*v9*v8*v7^2*v5^3*v11^2+5*v8^2*v7*v6*v5^3*v11^2+4*v9*v7^2*v6*v5^3*v11^2+v7^3*v6*v5^3*v11^2-v8^3*v5^4*v11^2-v8*v7^2*v5^4*v11^2+4*v9*v8^2*v7^2*v6*v11^3+4*v9*v7^4*v6*v11^3+2*v9*v8^3*v7*v5*v11^3+2*v9*v8*v7^3*v5*v11^3+4*v9^2*v7^2*v6*v5*v11^3-v8^2*v7^2*v6*v5*v11^3-4*v9*v7^3*v6*v5*v11^3-v7^4*v6*v5*v11^3-4*v9*v8*v7*v6^2*v5*v11^3+4*v8*v7^2*v6^2*v5*v11^3-4*v9*v8^3*v5^2*v11^3-4*v9^2*v8*v7*v5^2*v11^3+v8^3*v7*v5^2*v11^3+v8*v7^3*v5^2*v11^3+4*v9*v8^2*v6*v5^2*v11^3-6*v8^2*v7*v6*v5^2*v11^3-2*v7^3*v6*v5^2*v11^3-2*v9*v8*v6^2*v5^2*v11^3+2*v8*v7*v6^2*v5^2*v11^3+2*v8^3*v5^3*v11^3+2*v8*v7^2*v5^3*v11^3-2*v8^2*v6*v5^3*v11^3-2*v7^2*v6*v5^3*v11^3-2*v9*v8*v5^4*v11^3+2*v8*v7*v5^4*v11^3+2*v9*v8^3*v5*v11^4+2*v9*v8*v7^2*v5*v11^4-4*v9*v8^2*v6*v5*v11^4+v8^2*v7*v6*v5*v11^4-4*v9*v7^2*v6*v5*v11^4+v7^3*v6*v5*v11^4+2*v9*v8*v6^2*v5*v11^4-2*v8*v7*v6^2*v5*v11^4-v8^3*v5^2*v11^4-v8*v7^2*v5^2*v11^4+2*v8^2*v6*v5^2*v11^4+2*v7^2*v6*v5^2*v11^4+2*v9*v8*v5^3*v11^4-2*v8*v7*v5^3*v11^4,v9*v8^4*v5^3*v11+2*v9*v8^2*v7^2*v5^3*v11+v9*v7^4*v5^3*v11-2*v9*v8^3*v7*v6*v5*v11^2-2*v9*v8*v7^3*v6*v5*v11^2-2*v9*v8^4*v5^2*v11^2-2*v9*v8^2*v7^2*v5^2*v11^2-4*v9*v8^2*v7*v5^3*v11^2-4*v9*v7^3*v5^3*v11^2+2*v9*v8^3*v7*v6*v11^3+2*v9*v8*v7^3*v6*v11^3+v9*v8^4*v5*v11^3-v9*v7^4*v5*v11^3+2*v9*v8^3*v6*v5*v11^3+2*v9*v8*v7^2*v6*v5*v11^3+2*v9*v8^2*v7*v5^2*v11^3+2*v9*v7^3*v5^2*v11^3+4*v9*v8^2*v5^3*v11^3+4*v9*v7^2*v5^3*v11^3-2*v9*v8^3*v6*v11^4-2*v9*v8*v7^2*v6*v11^4+2*v9*v8^2*v7*v5*v11^4+2*v9*v7^3*v5*v11^4-4*v9*v8^2*v5^2*v11^4-4*v9*v7^2*v5^2*v11^4,v9^2*v8^4*v7*v6+2*v9^2*v8^2*v7^3*v6+v9^2*v7^5*v6+2*v9*v8^3*v7^2*v6^2+2*v9*v8*v7^4*v6^2-v9^2*v8^5*v5-2*v9^2*v8^3*v7^2*v5-v9^2*v8*v7^4*v5-4*v9*v8^4*v7*v6*v5-4*v9*v8^2*v7^3*v6*v5+2*v9*v8^5*v5^2+2*v9*v8^3*v7^2*v5^2-2*v8^3*v7^2*v6^2*v11-2*v8*v7^4*v6^2*v11+8*v9^2*v8^3*v7*v5*v11+8*v9^2*v8*v7^3*v5*v11+4*v9*v8^4*v6*v5*v11+4*v8^4*v7*v6*v5*v11+4*v9*v8^2*v7^2*v6*v5*v11+4*v8^2*v7^3*v6*v5*v11+2*v8^3*v7*v6^2*v5*v11+2*v8*v7^3*v6^2*v5*v11-2*v8^5*v5^2*v11-4*v9*v8^3*v7*v5^2*v11-2*v8^3*v7^2*v5^2*v11-4*v9*v8*v7^3*v5^2*v11-8*v9^2*v8^2*v6*v5^2*v11-2*v8^4*v6*v5^2*v11-8*v9^2*v7^2*v6*v5^2*v11-4*v8^2*v7^2*v6*v5^2*v11-2*v7^4*v6*v5^2*v11+2*v8^3*v7*v5^3*v11+2*v8*v7^3*v5^3*v11+8*v9*v8^2*v6*v5^3*v11-4*v8^2*v7*v6*v5^3*v11+8*v9*v7^2*v6*v5^3*v11-4*v7^3*v6*v5^3*v11+4*v8^3*v5^4*v11+4*v8*v7^2*v5^4*v11-2*v9*v8^4*v6*v11^2-v8^4*v7*v6*v11^2-2*v8^2*v7^3*v6*v11^2+2*v9*v7^4*v6*v11^2-v7^5*v6*v11^2+v8^5*v5*v11^2-4*v9*v8^3*v7*v5*v11^2+2*v8^3*v7^2*v5*v11^2-4*v9*v8*v7^3*v5*v11^2+v8*v7^4*v5*v11^2-8*v9*v8^3*v5^2*v11^2-8*v9*v8*v7^2*v5^2*v11^2+8*v9*v8^2*v6*v5^2*v11^2+8*v9*v7^2*v6*v5^2*v11^2+4*v9*v8^2*v7*v6*v11^3+4*v9*v7^3*v6*v11^3+4*v9*v8^3*v5*v11^3+4*v9*v8*v7^2*v5*v11^3-8*v9*v8^2*v6*v5*v11^3-8*v9*v7^2*v6*v5*v11^3,v8*v7^3*v6^4+2*v8*v7^3*v6^2*v5^2-v8^4*v6*v5^3+2*v8^2*v7^2*v6*v5^3+3*v7^4*v6*v5^3-4*v8^3*v7*v5^4-3*v8*v7^3*v5^4-2*v8*v7^2*v6^4*v11-2*v8^3*v7*v6^2*v5*v11-6*v8*v7^3*v6^2*v5*v11+2*v7^3*v6^3*v5*v11+2*v8^4*v6*v5^2*v11+2*v8^2*v7^2*v6*v5^2*v11+2*v8^3*v6^2*v5^2*v11+4*v8^3*v7*v5^3*v11-8*v8^2*v7*v6*v5^3*v11-6*v7^3*v6*v5^3*v11+6*v8^3*v5^4*v11+6*v8*v7^2*v5^4*v11+v8^3*v7*v6^2*v11^2+5*v8*v7^3*v6^2*v11^2-2*v7^3*v6^3*v11^2+v8*v7*v6^4*v11^2-v8^4*v6*v5*v11^2-4*v8^2*v7^2*v6*v5*v11^2-3*v7^4*v6*v5*v11^2+2*v8*v7^2*v6^2*v5*v11^2-v8^2*v6^3*v5*v11^2-3*v7^2*v6^3*v5*v11^2-v8^3*v7*v5^2*v11^2+3*v8*v7^3*v5^2*v11^2+6*v8^2*v7*v6*v5^2*v11^2+4*v7^3*v6*v5^2*v11^2-6*v8^3*v5^3*v11^2-4*v8*v7^2*v5^3*v11^2+3*v8^2*v6*v5^3*v11^2+v7^2*v6*v5^3*v11^2-v8*v7*v5^4*v11^2-4*v8*v7^2*v6^2*v11^3+2*v7^2*v6^3*v11^3+2*v8^2*v7*v6*v5*v11^3+2*v7^3*v6*v5*v11^3+2*v8*v7*v6^2*v5*v11^3+2*v8^3*v5^2*v11^3-2*v8*v7^2*v5^2*v11^3-4*v8^2*v6*v5^2*v11^3-2*v7^2*v6*v5^2*v11^3+2*v8*v7*v5^3*v11^3,v7^4*v6^4+2*v7^4*v6^2*v5^2-4*v8^3*v7*v6*v5^3-4*v8*v7^3*v6*v5^3+3*v8^4*v5^4+2*v8^2*v7^2*v5^4-2*v7^3*v6^4*v11+4*v8^2*v7^2*v6^2*v5*v11-2*v8*v7^2*v6^3*v5*v11+2*v8^3*v7*v6*v5^2*v11+2*v8*v7^3*v6*v5^2*v11-2*v7^3*v6^2*v5^2*v11-6*v8^4*v5^3*v11-2*v8^2*v7^2*v5^3*v11+4*v8^3*v6*v5^3*v11+2*v8*v7^2*v6*v5^3*v11-5*v8^2*v7^2*v6^2*v11^2-v7^4*v6^2*v11^2+2*v8*v7^2*v6^3*v11^2+v7^2*v6^4*v11^2+2*v8^3*v7*v6*v5*v11^2+2*v8*v7^3*v6*v5*v11^2+2*v7^3*v6^2*v5*v11^2+2*v8*v7*v6^3*v5*v11^2+3*v8^4*v5^2*v11^2-v8^2*v7^2*v5^2*v11^2-2*v8^3*v6*v5^2*v11^2-3*v8^2*v6^2*v5^2*v11^2-3*v7^2*v6^2*v5^2*v11^2-2*v8^2*v7*v5^3*v11^2+2*v8*v7*v6*v5^3*v11^2+v8^2*v5^4*v11^2+2*v8^2*v7*v6^2*v11^3-2*v7^3*v6^2*v11^3-2*v8*v7*v6^3*v11^3-2*v8^3*v6*v5*v11^3-2*v8*v7^2*v6*v5*v11^3+2*v8^2*v6^2*v5*v11^3+4*v7^2*v6^2*v5*v11^3+4*v8^2*v7*v5^2*v11^3-2*v8*v7*v6*v5^2*v11^3-2*v8^2*v5^3*v11^3,v9^2*v7*v6^5-2*v9*v7^2*v6^5-v9^2*v8*v6^4*v5+4*v9*v8*v7*v6^4*v5-2*v9*v8^2*v6^3*v5^2+2*v9^2*v7*v6^3*v5^2-2*v9*v7^2*v6^3*v5^2-2*v9^2*v8*v6^2*v5^3+4*v9*v8*v7*v6^2*v5^3-2*v9*v8^2*v6*v5^4+v9^2*v7*v6*v5^4-v9^2*v8*v5^5-4*v9*v8*v7*v6^4*v11+2*v8*v7^2*v6^4*v11+2*v7^2*v6^5*v11-12*v9*v7^2*v6^3*v5*v11+8*v7^3*v6^3*v5*v11-4*v8*v7*v6^4*v5*v11-8*v9^2*v8^2*v6*v5^2*v11-8*v9^2*v7^2*v6*v5^2*v11+8*v9^2*v8*v6^2*v5^2*v11-2*v8^3*v6^2*v5^2*v11-4*v9*v8*v7*v6^2*v5^2*v11-6*v8*v7^2*v6^2*v5^2*v11+2*v8^2*v6^3*v5^2*v11+2*v7^2*v6^3*v5^2*v11+8*v9*v8^2*v6*v5^3*v11-4*v8^2*v7*v6*v5^3*v11-4*v9*v7^2*v6*v5^3*v11+4*v7^3*v6*v5^3*v11-4*v8*v7*v6^2*v5^3*v11+8*v9^2*v8*v5^4*v11+2*v8^3*v5^4*v11-4*v8*v7^2*v5^4*v11+2*v8^2*v6*v5^4*v11+8*v9*v7^2*v6^3*v11^2-8*v7^3*v6^3*v11^2+2*v9*v8*v6^4*v11^2-v7*v6^5*v11^2+16*v9^2*v8^2*v6*v5*v11^2+16*v9^2*v7^2*v6*v5*v11^2-16*v9^2*v8*v6^2*v5*v11^2+16*v8*v7^2*v6^2*v5*v11^2+4*v9*v7*v6^3*v5*v11^2+v8*v6^4*v5*v11^2-8*v9*v8^2*v6*v5^2*v11^2-8*v7^3*v6*v5^2*v11^2-2*v7*v6^3*v5^2*v11^2-16*v9^2*v8*v5^3*v11^2-8*v8^3*v5^3*v11^2+8*v8*v7^2*v5^3*v11^2+4*v9*v7*v6*v5^3*v11^2+2*v8*v6^2*v5^3*v11^2-2*v9*v8*v5^4*v11^2-v7*v6*v5^4*v11^2+v8*v5^5*v11^2-8*v9^2*v8^2*v6*v11^3-8*v9^2*v7^2*v6*v11^3+8*v9^2*v8*v6^2*v11^3-8*v8*v7^2*v6^2*v11^3-4*v9*v7*v6^3*v11^3+4*v7^2*v6^3*v11^3-8*v9*v8^2*v6*v5*v11^3+4*v8^2*v7*v6*v5*v11^3-8*v9*v7^2*v6*v5*v11^3+4*v7^3*v6*v5*v11^3+12*v9*v8*v6^2*v5*v11^3-12*v8*v7*v6^2*v5*v11^3+8*v9^2*v8*v5^2*v11^3+4*v8^3*v5^2*v11^3-4*v8*v7^2*v5^2*v11^3+8*v8^2*v6*v5^2*v11^3-4*v9*v7*v6*v5^2*v11^3+12*v7^2*v6*v5^2*v11^3+12*v9*v8*v5^3*v11^3-12*v8*v7*v5^3*v11^3+8*v9*v8^2*v6*v11^4+8*v9*v7^2*v6*v11^4-8*v9*v8*v6^2*v11^4+8*v8*v7*v6^2*v11^4-8*v8^2*v6*v5*v11^4-8*v7^2*v6*v5*v11^4-8*v9*v8*v5^2*v11^4+8*v8*v7*v5^2*v11^4,v7^3*v6^5-3*v8*v7^2*v6^4*v5-2*v7^3*v6^3*v5^2+2*v8^3*v6^2*v5^3-3*v7^3*v6*v5^4+2*v8^3*v5^5+3*v8*v7^2*v5^5+2*v8*v7^2*v6^4*v11-2*v7^2*v6^5*v11+4*v7^3*v6^3*v5*v11+4*v8*v7*v6^4*v5*v11-2*v8^3*v6^2*v5^2*v11-2*v8*v7^2*v6^2*v5^2*v11-2*v8^2*v6^3*v5^2*v11-2*v7^2*v6^3*v5^2*v11+4*v7^3*v6*v5^3*v11+4*v8*v7*v6^2*v5^3*v11-2*v8^3*v5^4*v11-4*v8*v7^2*v5^4*v11-2*v8^2*v6*v5^4*v11-2*v8*v7*v6^4*v11^2+v7*v6^5*v11^2+2*v8^2*v6^3*v5*v11^2-2*v7^2*v6^3*v5*v11^2-v8*v6^4*v5*v11^2+2*v7*v6^3*v5^2*v11^2+2*v8^2*v6*v5^3*v11^2-2*v7^2*v6*v5^3*v11^2-2*v8*v6^2*v5^3*v11^2+2*v8*v7*v5^4*v11^2+v7*v6*v5^4*v11^2-v8*v5^5*v11^2,2*v9^3*v8*v7^2*v6*v5-2*v9^2*v8*v7^3*v6*v5-2*v9^3*v8^2*v7*v5^2+2*v9^2*v8^2*v7^2*v5^2-2*v9^2*v8*v7^2*v6*v5^2+2*v9*v8*v7^3*v6*v5^2+2*v9^2*v8^2*v7*v5^3-2*v9*v8^2*v7^2*v5^3-2*v9^3*v8*v7^2*v6*v11+2*v9^2*v8*v7^3*v6*v11+2*v9^3*v8^2*v7*v5*v11-2*v9^2*v8^2*v7^2*v5*v11-2*v9^3*v8*v7*v6*v5*v11+2*v9^2*v8*v7^2*v6*v5*v11-2*v9^3*v7^2*v5^2*v11+2*v9^2*v7^3*v5^2*v11+2*v9^2*v8*v7*v6*v5^2*v11-2*v8*v7^3*v6*v5^2*v11+v8^2*v7*v6^2*v5^2*v11+v7^3*v6^2*v5^2*v11-2*v9^2*v8^2*v5^3*v11-2*v9*v8^2*v7*v5^3*v11+2*v8^2*v7^2*v5^3*v11-2*v9*v7^3*v5^3*v11-v8^3*v6*v5^3*v11-v8*v7^2*v6*v5^3*v11+2*v9*v8^2*v5^4*v11+2*v9*v7^2*v5^4*v11+2*v9^3*v8*v7*v6*v11^2-2*v9*v8*v7^3*v6*v11^2-2*v9^2*v8^2*v7*v5*v11^2+2*v9^3*v7^2*v5*v11^2+2*v9*v8^2*v7^2*v5*v11^2-2*v9^2*v7^3*v5*v11^2-2*v9*v8*v7^2*v6*v5*v11^2+2*v8*v7^3*v6*v5*v11^2-2*v8^2*v7*v6^2*v5*v11^2-2*v7^3*v6^2*v5*v11^2+2*v9^2*v8^2*v5^2*v11^2+2*v9*v8^2*v7*v5^2*v11^2+2*v9^2*v7^2*v5^2*v11^2-2*v8^2*v7^2*v5^2*v11^2+2*v8^3*v6*v5^2*v11^2-2*v9*v8*v7*v6*v5^2*v11^2+4*v8*v7^2*v6*v5^2*v11^2-2*v8^2*v7*v5^3*v11^2-2*v9*v7^2*v5^3*v11^2-2*v9^2*v8*v7*v6*v11^3+2*v9*v8*v7^2*v6*v11^3+v8^2*v7*v6^2*v11^3+v7^3*v6^2*v11^3-2*v9^2*v7^2*v5*v11^3+2*v9*v7^3*v5*v11^3-v8^3*v6*v5*v11^3+2*v9*v8*v7*v6*v5*v11^3-3*v8*v7^2*v6*v5*v11^3-2*v9*v8^2*v5^2*v11^3+2*v8^2*v7*v5^2*v11^3,v9^3*v7^3*v6*v5-v9^2*v7^4*v6*v5-v9^3*v8*v7^2*v5^2+v9^2*v8*v7^3*v5^2-v9^2*v7^3*v6*v5^2+v9*v7^4*v6*v5^2+v9^2*v8*v7^2*v5^3-v9*v8*v7^3*v5^3-v9^3*v7^3*v6*v11+v9^2*v7^4*v6*v11+v9^3*v8*v7^2*v5*v11-v9^2*v8*v7^3*v5*v11-v9^3*v7^2*v6*v5*v11+v9^2*v7^3*v6*v5*v11+v9^3*v8*v7*v5^2*v11-v9^2*v8*v7^2*v5^2*v11+v9^2*v7^2*v6*v5^2*v11-v7^4*v6*v5^2*v11-v9^2*v8*v7*v5^3*v11+v8*v7^3*v5^3*v11+v9^3*v7^2*v6*v11^2-v9*v7^4*v6*v11^2-v9^3*v8*v7*v5*v11^2+v9*v8*v7^3*v5*v11^2-v9*v7^3*v6*v5*v11^2+v7^4*v6*v5*v11^2+v9*v8*v7^2*v5^2*v11^2-v8*v7^3*v5^2*v11^2-v9*v7^2*v6*v5^2*v11^2+v7^3*v6*v5^2*v11^2+v9*v8*v7*v5^3*v11^2-v8*v7^2*v5^3*v11^2-v9^2*v7^2*v6*v11^3+v9*v7^3*v6*v11^3+v9^2*v8*v7*v5*v11^3-v9*v8*v7^2*v5*v11^3+v9*v7^2*v6*v5*v11^3-v7^3*v6*v5*v11^3-v9*v8*v7*v5^2*v11^3+v8*v7^2*v5^2*v11^3,2*v9^2*v8*v7^2*v6^2*v5-2*v9*v8*v7^3*v6^2*v5+4*v9^2*v7^3*v6*v5^2-4*v9*v7^4*v6*v5^2-2*v9*v8*v7^2*v6^2*v5^2+2*v8*v7^3*v6^2*v5^2-2*v9^2*v8^3*v5^3+2*v9*v8^3*v7*v5^3-4*v9^2*v8*v7^2*v5^3+4*v9*v8*v7^3*v5^3-4*v8^2*v7^2*v6*v5^3-4*v9*v7^3*v6*v5^3+2*v9*v8^3*v5^4+2*v8^3*v7*v5^4+4*v9*v8*v7^2*v5^4-v7^4*v6^3*v11-4*v9*v8^2*v7^2*v6*v5*v11-4*v9^2*v7^3*v6*v5*v11+v8*v7^3*v6^2*v5*v11-4*v9*v8^3*v7*v5^2*v11+4*v9^2*v8*v7^2*v5^2*v11-8*v9*v8*v7^3*v5^2*v11-4*v9^2*v7^2*v6*v5^2*v11+4*v8^2*v7^2*v6*v5^2*v11+8*v9*v7^3*v6*v5^2*v11-v7^4*v6*v5^2*v11+4*v9*v8*v7*v6^2*v5^2*v11-4*v8*v7^2*v6^2*v5^2*v11+4*v9*v8^3*v5^3*v11+4*v9^2*v8*v7*v5^3*v11-4*v8^3*v7*v5^3*v11-4*v9*v8*v7^2*v5^3*v11+v8*v7^3*v5^3*v11+7*v8^2*v7*v6*v5^3*v11+4*v9*v7^2*v6*v5^3*v11+3*v7^3*v6*v5^3*v11-3*v8^3*v5^4*v11-3*v8*v7^2*v5^4*v11+4*v9*v8^2*v7^2*v6*v11^2+4*v9*v7^4*v6*v11^2-2*v8*v7^3*v6^2*v11^2-2*v9^2*v7*v6^3*v11^2+4*v9*v7^2*v6^3*v11^2+2*v9^2*v8^3*v5*v11^2+2*v9*v8^3*v7*v5*v11^2+2*v9^2*v8*v7^2*v5*v11^2+2*v9*v8*v7^3*v5*v11^2+4*v9^2*v8^2*v6*v5*v11^2+8*v9^2*v7^2*v6*v5*v11^2-4*v9*v7^3*v6*v5*v11^2-4*v9^2*v8*v6^2*v5*v11^2-2*v9*v8*v7*v6^2*v5*v11^2+6*v8*v7^2*v6^2*v5*v11^2-6*v9*v8^3*v5^2*v11^2-4*v9^2*v8*v7*v5^2*v11^2+2*v8^3*v7*v5^2*v11^2-2*v9*v8*v7^2*v5^2*v11^2-2*v9^2*v7*v6*v5^2*v11^2-8*v8^2*v7*v6*v5^2*v11^2-4*v7^3*v6*v5^2*v11^2-2*v9*v8*v6^2*v5^2*v11^2+2*v8*v7*v6^2*v5^2*v11^2-4*v9^2*v8*v5^3*v11^2+2*v8^3*v5^3*v11^2+2*v9*v8*v7*v5^3*v11^2+4*v8*v7^2*v5^3*v11^2-2*v8^2*v6*v5^3*v11^2-2*v7^2*v6*v5^3*v11^2-2*v9*v8*v5^4*v11^2+2*v8*v7*v5^4*v11^2-4*v9^2*v8^2*v6*v11^3-4*v9^2*v7^2*v6*v11^3+4*v9^2*v8*v6^2*v11^3-2*v8*v7^2*v6^2*v11^3-v7^2*v6^3*v11^3-4*v9*v8^2*v6*v5*v11^3+v8^2*v7*v6*v5*v11^3-4*v9*v7^2*v6*v5*v11^3+v7^3*v6*v5*v11^3+4*v9*v8*v6^2*v5*v11^3-5*v8*v7*v6^2*v5*v11^3+4*v9^2*v8*v5^2*v11^3+v8^3*v5^2*v11^3-v8*v7^2*v5^2*v11^3+6*v8^2*v6*v5^2*v11^3+5*v7^2*v6*v5^2*v11^3+4*v9*v8*v5^3*v11^3-5*v8*v7*v5^3*v11^3+4*v9*v8^2*v6*v11^4+4*v9*v7^2*v6*v11^4-4*v9*v8*v6^2*v11^4+4*v8*v7*v6^2*v11^4-4*v8^2*v6*v5*v11^4-4*v7^2*v6*v5*v11^4-4*v9*v8*v5^2*v11^4+4*v8*v7*v5^2*v11^4,2*v8^3*v7^2*v6^2*v5+2*v8*v7^4*v6^2*v5-3*v8^4*v7*v6*v5^2-2*v8^2*v7^3*v6*v5^2+v7^5*v6*v5^2+v8^5*v5^3-v8*v7^4*v5^3-2*v8^3*v7^2*v6^2*v11-2*v8*v7^4*v6^2*v11+4*v8^4*v7*v6*v5*v11+4*v8^2*v7^3*v6*v5*v11-2*v8^3*v7*v6^2*v5*v11-2*v8*v7^3*v6^2*v5*v11-2*v8^5*v5^2*v11-2*v8^3*v7^2*v5^2*v11+2*v8^4*v6*v5^2*v11-2*v7^4*v6*v5^2*v11+2*v8^3*v7*v5^3*v11+2*v8*v7^3*v5^3*v11-v8^4*v7*v6*v11^2-2*v8^2*v7^3*v6*v11^2-v7^5*v6*v11^2+2*v8^3*v7*v6^2*v11^2+2*v8*v7^3*v6^2*v11^2+v8^5*v5*v11^2+2*v8^3*v7^2*v5*v11^2+v8*v7^4*v5*v11^2-2*v8^4*v6*v5*v11^2+2*v7^4*v6*v5*v11^2-2*v8^3*v7*v5^2*v11^2-2*v8*v7^3*v5^2*v11^2,2*v9^2*v7^3*v6^2*v5-2*v9*v7^4*v6^2*v5-4*v9^2*v8*v7^2*v6*v5^2+4*v9*v8*v7^3*v6*v5^2-2*v9*v7^3*v6^2*v5^2+2*v7^4*v6^2*v5^2+2*v9^2*v8^2*v7*v5^3-2*v9*v8^2*v7^2*v5^3+4*v9*v8*v7^2*v6*v5^3-4*v8*v7^3*v6*v5^3-2*v9*v8^2*v7*v5^4+2*v8^2*v7^2*v5^4+v8*v7^3*v6^3*v11+4*v9^2*v8*v7^2*v6*v5*v11-4*v9*v8*v7^3*v6*v5*v11-v8^2*v7^2*v6^2*v5*v11+4*v9*v8^2*v7^2*v5^2*v11+4*v9^2*v7^3*v5^2*v11+4*v9^2*v8*v7*v6*v5^2*v11-8*v9*v8*v7^2*v6*v5^2*v11+5*v8*v7^3*v6*v5^2*v11+3*v8^2*v7*v6^2*v5^2*v11+4*v9*v7^2*v6^2*v5^2*v11-v7^3*v6^2*v5^2*v11-8*v9^2*v8^2*v5^3*v11-4*v9^2*v7^2*v5^3*v11-5*v8^2*v7^2*v5^3*v11-8*v9*v7^3*v5^3*v11-3*v8^3*v6*v5^3*v11-4*v9*v8*v7*v6*v5^3*v11+v8*v7^2*v6*v5^3*v11+8*v9*v8^2*v5^4*v11+8*v9*v7^2*v5^4*v11-2*v7^4*v6^2*v11^2+2*v9^2*v8*v6^3*v11^2-4*v9*v8*v7*v6^3*v11^2-2*v9^2*v8^2*v7*v5*v11^2-2*v9*v8^2*v7^2*v5*v11^2-2*v9^2*v7^3*v5*v11^2-2*v9*v7^4*v5*v11^2-4*v9^2*v8*v7*v6*v5*v11^2+4*v9*v8*v7^2*v6*v5*v11^2-4*v9^2*v7*v6^2*v5*v11^2-6*v8^2*v7*v6^2*v5*v11^2-2*v9*v7^2*v6^2*v5*v11^2+12*v9^2*v8^2*v5^2*v11^2-2*v9*v8^2*v7*v5^2*v11^2+8*v9^2*v7^2*v5^2*v11^2+2*v8^2*v7^2*v5^2*v11^2+2*v9*v7^3*v5^2*v11^2+2*v9^2*v8*v6*v5^2*v11^2+6*v8^3*v6*v5^2*v11^2+2*v8*v7^2*v6*v5^2*v11^2-2*v9*v7*v6^2*v5^2*v11^2+2*v7^2*v6^2*v5^2*v11^2-4*v9*v8^2*v5^3*v11^2-4*v9^2*v7*v5^3*v11^2-2*v8^2*v7*v5^3*v11^2-2*v9*v7^2*v5^3*v11^2-2*v8^2*v5^4*v11^2-2*v9*v7*v5^4*v11^2+4*v9^2*v7*v6^2*v11^3+3*v8^2*v7*v6^2*v11^3+v7^3*v6^2*v11^3+v8*v7*v6^3*v11^3-4*v9^2*v8^2*v5*v11^3+4*v9*v8^2*v7*v5*v11^3-4*v9^2*v7^2*v5*v11^3+4*v9*v7^3*v5*v11^3-3*v8^3*v6*v5*v11^3-3*v8*v7^2*v6*v5*v11^3-v8^2*v6^2*v5*v11^3+4*v9*v7*v6^2*v5*v11^3-6*v7^2*v6^2*v5*v11^3-8*v9*v8^2*v5^2*v11^3+4*v9^2*v7*v5^2*v11^3+2*v8^2*v7*v5^2*v11^3-8*v9*v7^2*v5^2*v11^3+v8*v7*v6*v5^2*v11^3+5*v8^2*v5^3*v11^3+4*v9*v7*v5^3*v11^3-4*v9*v7*v6^2*v11^4+4*v7^2*v6^2*v11^4+4*v9*v8^2*v5*v11^4+4*v9*v7^2*v5*v11^4-4*v8^2*v5^2*v11^4-4*v9*v7*v5^2*v11^4,v8*v7^3*v6^3*v5+v7^4*v6^2*v5^2-3*v8^3*v7*v6*v5^3-2*v8*v7^3*v6*v5^3+2*v8^4*v5^4+v8^2*v7^2*v5^4-v8*v7^3*v6^3*v11+3*v8^2*v7^2*v6^2*v5*v11-2*v8*v7^2*v6^3*v5*v11+2*v8^3*v7*v6*v5^2*v11+v8*v7^3*v6*v5^2*v11-v8^2*v7*v6^2*v5^2*v11-v7^3*v6^2*v5^2*v11-4*v8^4*v5^3*v11-v8^2*v7^2*v5^3*v11+3*v8^3*v6*v5^3*v11+v8*v7^2*v6*v5^3*v11-3*v8^2*v7^2*v6^2*v11^2-v7^4*v6^2*v11^2+2*v8*v7^2*v6^3*v11^2+v8^3*v7*v6*v5*v11^2+v8*v7^3*v6*v5*v11^2+2*v7^3*v6^2*v5*v11^2+v8*v7*v6^3*v5*v11^2+2*v8^4*v5^2*v11^2-2*v8^3*v6*v5^2*v11^2-v8^2*v6^2*v5^2*v11^2-2*v7^2*v6^2*v5^2*v11^2-2*v8^2*v7*v5^3*v11^2+v8*v7*v6*v5^3*v11^2+v8^2*v5^4*v11^2+v8^2*v7*v6^2*v11^3-v7^3*v6^2*v11^3-v8*v7*v6^3*v11^3-v8^3*v6*v5*v11^3-v8*v7^2*v6*v5*v11^3+v8^2*v6^2*v5*v11^3+2*v7^2*v6^2*v5*v11^3+2*v8^2*v7*v5^2*v11^3-v8*v7*v6*v5^2*v11^3-v8^2*v5^3*v11^3,v7^4*v6^3*v5-v8*v7^3*v6^2*v5^2-v8^2*v7^2*v6*v5^3+v8^3*v7*v5^4-v7^4*v6^3*v11+3*v8*v7^3*v6^2*v5*v11-2*v7^3*v6^3*v5*v11-v7^4*v6*v5^2*v11-2*v8^3*v7*v5^3*v11+v8*v7^3*v5^3*v11+3*v8^2*v7*v6*v5^3*v11+v7^3*v6*v5^3*v11-v8^3*v5^4*v11-v8*v7^2*v5^4*v11-2*v8*v7^3*v6^2*v11^2+2*v7^3*v6^3*v11^2+v8^2*v7^2*v6*v5*v11^2+v7^4*v6*v5*v11^2-2*v8*v7^2*v6^2*v5*v11^2+v7^2*v6^3*v5*v11^2+v8^3*v7*v5^2*v11^2-v8*v7^3*v5^2*v11^2-2*v8^2*v7*v6*v5^2*v11^2+v8*v7*v6^2*v5^2*v11^2+2*v8^3*v5^3*v11^2-2*v8^2*v6*v5^3*v11^2-v7^2*v6*v5^3*v11^2+v8*v7*v5^4*v11^2+2*v8*v7^2*v6^2*v11^3-v7^2*v6^3*v11^3-v8^2*v7*v6*v5*v11^3-v7^3*v6*v5*v11^3-v8*v7*v6^2*v5*v11^3-v8^3*v5^2*v11^3+v8*v7^2*v5^2*v11^3+2*v8^2*v6*v5^2*v11^3+v7^2*v6*v5^2*v11^3-v8*v7*v5^3*v11^3,2*v9^3*v8*v7*v6*v5^2-2*v9^2*v8*v7^2*v6*v5^2-2*v9^3*v8^2*v5^3+2*v9^2*v8^2*v7*v5^3-2*v9^2*v8*v7*v6*v5^3+2*v9*v8*v7^2*v6*v5^3+2*v9^2*v8^2*v5^4-2*v9*v8^2*v7*v5^4-2*v9^3*v8*v7*v6*v5*v11+2*v9^2*v8*v7^2*v6*v5*v11-2*v9^3*v7^2*v5^2*v11+2*v9^2*v7^3*v5^2*v11-2*v9^3*v8*v6*v5^2*v11+2*v9^2*v8*v7*v6*v5^2*v11+v8^2*v7*v6^2*v5^2*v11+v7^3*v6^2*v5^2*v11-2*v9^2*v8^2*v5^3*v11-2*v9^3*v7*v5^3*v11-2*v9*v8^2*v7*v5^3*v11-2*v9*v7^3*v5^3*v11+2*v9^2*v8*v6*v5^3*v11-v8^3*v6*v5^3*v11-3*v8*v7^2*v6*v5^3*v11+2*v9*v8^2*v5^4*v11+2*v9^2*v7*v5^4*v11+2*v8^2*v7*v5^4*v11+2*v9*v7^2*v5^4*v11+2*v9^3*v8^2*v5*v11^2-2*v9^2*v8^2*v7*v5*v11^2+2*v9^3*v7^2*v5*v11^2-2*v9^2*v7^3*v5*v11^2+2*v9^3*v8*v6*v5*v11^2-2*v9*v8*v7^2*v6*v5*v11^2-2*v8^2*v7*v6^2*v5*v11^2-2*v7^3*v6^2*v5*v11^2+2*v9^2*v8^2*v5^2*v11^2+2*v9^3*v7*v5^2*v11^2+2*v9*v8^2*v7*v5^2*v11^2+2*v9^2*v7^2*v5^2*v11^2+2*v8^3*v6*v5^2*v11^2-2*v9*v8*v7*v6*v5^2*v11^2+4*v8*v7^2*v6*v5^2*v11^2-2*v8^2*v7*v5^3*v11^2-2*v9*v7^2*v5^3*v11^2-2*v9*v8*v6*v5^3*v11^2+2*v8*v7*v6*v5^3*v11^2-2*v8^2*v5^4*v11^2-2*v9*v7*v5^4*v11^2+v8^2*v7*v6^2*v11^3+v7^3*v6^2*v11^3-2*v9^2*v8^2*v5*v11^3+2*v9*v8^2*v7*v5*v11^3-2*v9^2*v7^2*v5*v11^3+2*v9*v7^3*v5*v11^3-2*v9^2*v8*v6*v5*v11^3-v8^3*v6*v5*v11^3+2*v9*v8*v7*v6*v5*v11^3-v8*v7^2*v6*v5*v11^3-2*v9*v8^2*v5^2*v11^3-2*v9^2*v7*v5^2*v11^3+2*v9*v8*v6*v5^2*v11^3-2*v8*v7*v6*v5^2*v11^3+2*v8^2*v5^3*v11^3+2*v9*v7*v5^3*v11^3,v9^3*v7^2*v6*v5^2-v9^2*v7^3*v6*v5^2-v9^3*v8*v7*v5^3+v9^2*v8*v7^2*v5^3-v9^2*v7^2*v6*v5^3+v9*v7^3*v6*v5^3+v9^2*v8*v7*v5^4-v9*v8*v7^2*v5^4-v9^3*v7^2*v6*v5*v11+v9^2*v7^3*v6*v5*v11+v9^3*v8*v7*v5^2*v11-v9^2*v8*v7^2*v5^2*v11-v9^3*v7*v6*v5^2*v11+v9^2*v7^2*v6*v5^2*v11+v9^3*v8*v5^3*v11-v9^2*v8*v7*v5^3*v11+v9^2*v7*v6*v5^3*v11-v7^3*v6*v5^3*v11-v9^2*v8*v5^4*v11+v8*v7^2*v5^4*v11+v9^3*v7*v6*v5*v11^2-v9*v7^3*v6*v5*v11^2-v9^3*v8*v5^2*v11^2+v9*v8*v7^2*v5^2*v11^2-v9*v7^2*v6*v5^2*v11^2+v7^3*v6*v5^2*v11^2+v9*v8*v7*v5^3*v11^2-v8*v7^2*v5^3*v11^2-v9*v7*v6*v5^3*v11^2+v7^2*v6*v5^3*v11^2+v9*v8*v5^4*v11^2-v8*v7*v5^4*v11^2-v9^2*v7*v6*v5*v11^3+v9*v7^2*v6*v5*v11^3+v9^2*v8*v5^2*v11^3-v9*v8*v7*v5^2*v11^3+v9*v7*v6*v5^2*v11^3-v7^2*v6*v5^2*v11^3-v9*v8*v5^3*v11^3+v8*v7*v5^3*v11^3,v8^3*v7*v6^2*v5^2+v8*v7^3*v6^2*v5^2-v8^4*v6*v5^3+v7^4*v6*v5^3-v8^3*v7*v5^4-v8*v7^3*v5^4-2*v8^3*v7*v6^2*v5*v11-2*v8*v7^3*v6^2*v5*v11+2*v8^4*v6*v5^2*v11+2*v8^2*v7^2*v6*v5^2*v11-2*v8^2*v7*v6*v5^3*v11-2*v7^3*v6*v5^3*v11+2*v8^3*v5^4*v11+2*v8*v7^2*v5^4*v11+v8^3*v7*v6^2*v11^2+v8*v7^3*v6^2*v11^2-v8^4*v6*v5*v11^2-2*v8^2*v7^2*v6*v5*v11^2-v7^4*v6*v5*v11^2+v8^3*v7*v5^2*v11^2+v8*v7^3*v5^2*v11^2+2*v8^2*v7*v6*v5^2*v11^2+2*v7^3*v6*v5^2*v11^2-2*v8^3*v5^3*v11^2-2*v8*v7^2*v5^3*v11^2,v8^2*v7^2*v6^2*v5^2+v7^4*v6^2*v5^2-2*v8^3*v7*v6*v5^3-2*v8*v7^3*v6*v5^3+v8^4*v5^4+v8^2*v7^2*v5^4+2*v8^3*v7*v6*v5^2*v11+2*v8*v7^3*v6*v5^2*v11-2*v8^2*v7*v6^2*v5^2*v11-2*v7^3*v6^2*v5^2*v11-2*v8^4*v5^3*v11-2*v8^2*v7^2*v5^3*v11+2*v8^3*v6*v5^3*v11+2*v8*v7^2*v6*v5^3*v11-v8^2*v7^2*v6^2*v11^2-v7^4*v6^2*v11^2+2*v8^2*v7*v6^2*v5*v11^2+2*v7^3*v6^2*v5*v11^2+v8^4*v5^2*v11^2+v8^2*v7^2*v5^2*v11^2-2*v8^3*v6*v5^2*v11^2-2*v8*v7^2*v6*v5^2*v11^2,v9^3*v8*v6^3*v11-v9^3*v7*v6^2*v5*v11+2*v9*v7^3*v6^2*v5*v11+v9^3*v8*v6*v5^2*v11-v8^2*v7*v6^2*v5^2*v11-v7^3*v6^2*v5^2*v11+2*v9^2*v8^2*v5^3*v11-v9^3*v7*v5^3*v11+2*v9^2*v7^2*v5^3*v11+2*v9*v7^3*v5^3*v11+v8^3*v6*v5^3*v11+v8*v7^2*v6*v5^3*v11-2*v9*v8^2*v5^4*v11-2*v9*v7^2*v5^4*v11+2*v9^3*v7*v6^2*v11^2-4*v9*v7^3*v6^2*v11^2-3*v9^2*v8*v6^3*v11^2+v8*v7^2*v6^3*v11^2+v9^2*v7*v6^2*v5*v11^2+v8^2*v7*v6^2*v5*v11^2-4*v9^2*v8^2*v5^2*v11^2+2*v9^3*v7*v5^2*v11^2-4*v9^2*v7^2*v5^2*v11^2-4*v9*v7^3*v5^2*v11^2-3*v9^2*v8*v6*v5^2*v11^2-2*v8^3*v6*v5^2*v11^2-v8*v7^2*v6*v5^2*v11^2+2*v9*v8^2*v5^3*v11^2+v9^2*v7*v5^3*v11^2+v8^2*v7*v5^3*v11^2+2*v9*v7^2*v5^3*v11^2-4*v9^2*v7*v6^2*v11^3-v8^2*v7*v6^2*v11^3+4*v9*v7^2*v6^2*v11^3+v7^3*v6^2*v11^3+3*v9*v8*v6^3*v11^3-2*v8*v7*v6^3*v11^3+2*v9^2*v8^2*v5*v11^3+2*v9^2*v7^2*v5*v11^3+v8^3*v6*v5*v11^3+v8*v7^2*v6*v5*v11^3+2*v8^2*v6^2*v5*v11^3-v9*v7*v6^2*v5*v11^3+2*v7^2*v6^2*v5*v11^3+2*v9*v8^2*v5^2*v11^3-4*v9^2*v7*v5^2*v11^3-2*v8^2*v7*v5^2*v11^3+6*v9*v7^2*v5^2*v11^3+3*v9*v8*v6*v5^2*v11^3-2*v8*v7*v6*v5^2*v11^3-v9*v7*v5^3*v11^3+2*v9*v7*v6^2*v11^4-2*v7^2*v6^2*v11^4-2*v9*v8^2*v5*v11^4-2*v9*v7^2*v5*v11^4+2*v8^2*v5^2*v11^4+2*v9*v7*v5^2*v11^4,v9^3*v7*v6^3*v11+v9^3*v8*v6^2*v5*v11-2*v9*v8*v7^2*v6^2*v5*v11-2*v9^2*v8^2*v6*v5^2*v11+v9^3*v7*v6*v5^2*v11-2*v9^2*v7^2*v6*v5^2*v11+v9^3*v8*v5^3*v11-2*v9*v8*v7^2*v5^3*v11+2*v9*v8^2*v6*v5^3*v11-v8^2*v7*v6*v5^3*v11+2*v9*v7^2*v6*v5^3*v11-v7^3*v6*v5^3*v11+v8^3*v5^4*v11+v8*v7^2*v5^4*v11-2*v9^3*v8*v6^2*v11^2+4*v9*v8*v7^2*v6^2*v11^2-3*v9^2*v7*v6^3*v11^2+v7^3*v6^3*v11^2+4*v9^2*v8^2*v6*v5*v11^2+4*v9^2*v7^2*v6*v5*v11^2-v9^2*v8*v6^2*v5*v11^2+v8*v7^2*v6^2*v5*v11^2-2*v9^3*v8*v5^2*v11^2+4*v9*v8*v7^2*v5^2*v11^2-2*v9*v8^2*v6*v5^2*v11^2-3*v9^2*v7*v6*v5^2*v11^2-2*v9*v7^2*v6*v5^2*v11^2+v7^3*v6*v5^2*v11^2-v9^2*v8*v5^3*v11^2-2*v8^3*v5^3*v11^2-v8*v7^2*v5^3*v11^2-2*v9^2*v8^2*v6*v11^3-2*v9^2*v7^2*v6*v11^3+4*v9^2*v8*v6^2*v11^3-4*v9*v8*v7*v6^2*v11^3-2*v8*v7^2*v6^2*v11^3+3*v9*v7*v6^3*v11^3-2*v7^2*v6^3*v11^3-2*v9*v8^2*v6*v5*v11^3+v8^2*v7*v6*v5*v11^3-2*v9*v7^2*v6*v5*v11^3+v7^3*v6*v5*v11^3+v9*v8*v6^2*v5*v11^3+4*v9^2*v8*v5^2*v11^3+v8^3*v5^2*v11^3-4*v9*v8*v7*v5^2*v11^3-v8*v7^2*v5^2*v11^3+2*v8^2*v6*v5^2*v11^3+3*v9*v7*v6*v5^2*v11^3+v9*v8*v5^3*v11^3+2*v9*v8^2*v6*v11^4+2*v9*v7^2*v6*v11^4-2*v9*v8*v6^2*v11^4+2*v8*v7*v6^2*v11^4-2*v8^2*v6*v5*v11^4-2*v7^2*v6*v5*v11^4-2*v9*v8*v5^2*v11^4+2*v8*v7*v5^2*v11^4,v9^2*v8*v6^4*v11-2*v9*v8*v7*v6^4*v11+v8*v7^2*v6^4*v11-2*v9*v7^2*v6^3*v5*v11+2*v7^3*v6^3*v5*v11+2*v9^2*v8*v6^2*v5^2*v11-v8^3*v6^2*v5^2*v11-2*v9*v8*v7*v6^2*v5^2*v11-v8*v7^2*v6^2*v5^2*v11-2*v9*v7^2*v6*v5^3*v11+2*v7^3*v6*v5^3*v11+v9^2*v8*v5^4*v11-v8^3*v5^4*v11-2*v8*v7^2*v5^4*v11+2*v9^2*v7*v6^3*v11^2-2*v7^3*v6^3*v11^2-2*v9^2*v8*v6^2*v5*v11^2+2*v8*v7^2*v6^2*v5*v11^2+2*v9^2*v7*v6*v5^2*v11^2-2*v7^3*v6*v5^2*v11^2-2*v9^2*v8*v5^3*v11^2+2*v8*v7^2*v5^3*v11^2-2*v9*v7*v6^3*v11^3+2*v7^2*v6^3*v11^3+2*v9*v8*v6^2*v5*v11^3-2*v8*v7*v6^2*v5*v11^3-2*v9*v7*v6*v5^2*v11^3+2*v7^2*v6*v5^2*v11^3+2*v9*v8*v5^3*v11^3-2*v8*v7*v5^3*v11^3,v9^2*v7*v6^4*v11-2*v9*v7^2*v6^4*v11+v7^3*v6^4*v11+2*v9*v8*v7*v6^3*v5*v11-2*v8*v7^2*v6^3*v5*v11+2*v9^2*v7*v6^2*v5^2*v11+v8^2*v7*v6^2*v5^2*v11-2*v9*v7^2*v6^2*v5^2*v11+v7^3*v6^2*v5^2*v11+2*v9*v8*v7*v6*v5^3*v11-2*v8*v7^2*v6*v5^3*v11+v9^2*v7*v5^4*v11+v8^2*v7*v5^4*v11-2*v9^2*v8*v6^3*v11^2+2*v8*v7^2*v6^3*v11^2-2*v9^2*v7*v6^2*v5*v11^2-2*v8^2*v7*v6^2*v5*v11^2-2*v9^2*v8*v6*v5^2*v11^2+2*v8*v7^2*v6*v5^2*v11^2-2*v9^2*v7*v5^3*v11^2-2*v8^2*v7*v5^3*v11^2+2*v9*v8*v6^3*v11^3-2*v8*v7*v6^3*v11^3+2*v8^2*v6^2*v5*v11^3+2*v9*v7*v6^2*v5*v11^3+2*v9*v8*v6*v5^2*v11^3-2*v8*v7*v6*v5^2*v11^3+2*v8^2*v5^3*v11^3+2*v9*v7*v5^3*v11^3,v9^2*v8^4*v5*v11+2*v9^2*v8^2*v7^2*v5*v11+v9^2*v7^4*v5*v11+2*v9*v8^3*v7*v6*v5*v11+2*v9*v8*v7^3*v6*v5*v11+v8^2*v7^2*v6^2*v5*v11+v7^4*v6^2*v5*v11-2*v9*v8^4*v5^2*v11-2*v9*v8^2*v7^2*v5^2*v11-2*v8^3*v7*v6*v5^2*v11-2*v8*v7^3*v6*v5^2*v11+v8^4*v5^3*v11+v8^2*v7^2*v5^3*v11-4*v9^2*v8^2*v7*v5*v11^2-4*v9^2*v7^3*v5*v11^2-4*v9*v8^3*v6*v5*v11^2-4*v9*v8*v7^2*v6*v5*v11^2-4*v8^2*v7*v6^2*v5*v11^2-4*v7^3*v6^2*v5*v11^2+4*v9^2*v8^2*v5^2*v11^2+4*v9^2*v7^2*v5^2*v11^2+4*v8^3*v6*v5^2*v11^2+4*v8*v7^2*v6*v5^2*v11^2-4*v9*v8^2*v5^3*v11^2-4*v9*v7^2*v5^3*v11^2+2*v9*v8^3*v6*v11^3+2*v9*v8*v7^2*v6*v11^3+2*v8^2*v7*v6^2*v11^3+2*v7^3*v6^2*v11^3+2*v9*v8^2*v7*v5*v11^3+2*v9*v7^3*v5*v11^3-2*v8^3*v6*v5*v11^3-2*v8*v7^2*v6*v5*v11^3,v9^3*v8^2*v6*v5*v11+v9^3*v7^2*v6*v5*v11-v9^2*v8^2*v6*v5^2*v11-v9^2*v7^2*v6*v5^2*v11-v9^3*v8^2*v6*v11^2-v9^3*v7^2*v6*v11^2+v9*v8^2*v6*v5^2*v11^2+v9*v7^2*v6*v5^2*v11^2+v9^2*v8^2*v6*v11^3+v9^2*v7^2*v6*v11^3-v9*v8^2*v6*v5*v11^3-v9*v7^2*v6*v5*v11^3,v9^2*v8*v6^3*v5*v11-2*v9*v8*v7*v6^3*v5*v11+v8*v7^2*v6^3*v5*v11-v9^2*v7*v6^2*v5^2*v11-2*v8^2*v7*v6^2*v5^2*v11-v7^3*v6^2*v5^2*v11+2*v9^2*v8^2*v5^3*v11+2*v9^2*v7^2*v5^3*v11+v9^2*v8*v6*v5^3*v11+v8^3*v6*v5^3*v11-2*v9*v8*v7*v6*v5^3*v11+2*v8*v7^2*v6*v5^3*v11-2*v9*v8^2*v5^4*v11-v9^2*v7*v5^4*v11-v8^2*v7*v5^4*v11-2*v9*v7^2*v5^4*v11-v9^2*v8*v6^3*v11^2+2*v9*v8*v7*v6^3*v11^2-v8*v7^2*v6^3*v11^2+3*v9^2*v7*v6^2*v5*v11^2+3*v8^2*v7*v6^2*v5*v11^2-4*v9^2*v8^2*v5^2*v11^2-4*v9^2*v7^2*v5^2*v11^2-v9^2*v8*v6*v5^2*v11^2-2*v8^3*v6*v5^2*v11^2+2*v9*v8*v7*v6*v5^2*v11^2-3*v8*v7^2*v6*v5^2*v11^2+2*v9*v8^2*v5^3*v11^2+3*v9^2*v7*v5^3*v11^2+3*v8^2*v7*v5^3*v11^2+2*v9*v7^2*v5^3*v11^2-2*v9^2*v7*v6^2*v11^3-v8^2*v7*v6^2*v11^3+v7^3*v6^2*v11^3+2*v9^2*v8^2*v5*v11^3+2*v9^2*v7^2*v5*v11^3+v8^3*v6*v5*v11^3+v8*v7^2*v6*v5*v11^3-2*v9*v7*v6^2*v5*v11^3+2*v7^2*v6^2*v5*v11^3+2*v9*v8^2*v5^2*v11^3-2*v9^2*v7*v5^2*v11^3-2*v8^2*v7*v5^2*v11^3+2*v9*v7^2*v5^2*v11^3-2*v8^2*v5^3*v11^3-2*v9*v7*v5^3*v11^3+2*v9*v7*v6^2*v11^4-2*v7^2*v6^2*v11^4-2*v9*v8^2*v5*v11^4-2*v9*v7^2*v5*v11^4+2*v8^2*v5^2*v11^4+2*v9*v7*v5^2*v11^4,v9^2*v7*v6^3*v5*v11-2*v9*v7^2*v6^3*v5*v11+v7^3*v6^3*v5*v11-2*v9^2*v8^2*v6*v5^2*v11-2*v9^2*v7^2*v6*v5^2*v11+v9^2*v8*v6^2*v5^2*v11-v8*v7^2*v6^2*v5^2*v11+2*v9*v8^2*v6*v5^3*v11+v9^2*v7*v6*v5^3*v11-v8^2*v7*v6*v5^3*v11+v9^2*v8*v5^4*v11+v8^3*v5^4*v11-v9^2*v7*v6^3*v11^2+2*v9*v7^2*v6^3*v11^2-v7^3*v6^3*v11^2+4*v9^2*v8^2*v6*v5*v11^2+4*v9^2*v7^2*v6*v5*v11^2-3*v9^2*v8*v6^2*v5*v11^2+3*v8*v7^2*v6^2*v5*v11^2-2*v9*v8^2*v6*v5^2*v11^2-v9^2*v7*v6*v5^2*v11^2-v7^3*v6*v5^2*v11^2-3*v9^2*v8*v5^3*v11^2-2*v8^3*v5^3*v11^2+v8*v7^2*v5^3*v11^2-2*v9^2*v8^2*v6*v11^3-2*v9^2*v7^2*v6*v11^3+2*v9^2*v8*v6^2*v11^3-2*v8*v7^2*v6^2*v11^3-2*v9*v8^2*v6*v5*v11^3+v8^2*v7*v6*v5*v11^3-2*v9*v7^2*v6*v5*v11^3+v7^3*v6*v5*v11^3+2*v9*v8*v6^2*v5*v11^3-2*v8*v7*v6^2*v5*v11^3+2*v9^2*v8*v5^2*v11^3+v8^3*v5^2*v11^3-v8*v7^2*v5^2*v11^3+2*v8^2*v6*v5^2*v11^3+2*v7^2*v6*v5^2*v11^3+2*v9*v8*v5^3*v11^3-2*v8*v7*v5^3*v11^3+2*v9*v8^2*v6*v11^4+2*v9*v7^2*v6*v11^4-2*v9*v8*v6^2*v11^4+2*v8*v7*v6^2*v11^4-2*v8^2*v6*v5*v11^4-2*v7^2*v6*v5*v11^4-2*v9*v8*v5^2*v11^4+2*v8*v7*v5^2*v11^4,v9^3*v8^2*v5^2*v11+v9^3*v7^2*v5^2*v11-v9^2*v8^2*v5^3*v11-v9^2*v7^2*v5^3*v11-v9^3*v8^2*v5*v11^2-v9^3*v7^2*v5*v11^2+v9*v8^2*v5^3*v11^2+v9*v7^2*v5^3*v11^2+v9^2*v8^2*v5*v11^3+v9^2*v7^2*v5*v11^3-v9*v8^2*v5^2*v11^3-v9*v7^2*v5^2*v11^3,2*v9^2*v8^3*v5^2*v11+2*v9^2*v8*v7^2*v5^2*v11-2*v9^2*v8^2*v6*v5^2*v11-2*v9^2*v7^2*v6*v5^2*v11-2*v9*v8^3*v5^3*v11-2*v9*v8*v7^2*v5^3*v11+2*v9*v8^2*v6*v5^3*v11-v8^2*v7*v6*v5^3*v11+2*v9*v7^2*v6*v5^3*v11-v7^3*v6*v5^3*v11+v8^3*v5^4*v11+v8*v7^2*v5^4*v11-2*v9^2*v8^3*v5*v11^2-2*v9^2*v8*v7^2*v5*v11^2+2*v9^2*v8^2*v6*v5*v11^2+2*v9^2*v7^2*v6*v5*v11^2+2*v9*v8^3*v5*v11^3+2*v9*v8*v7^2*v5*v11^3-2*v9*v8^2*v6*v5*v11^3+v8^2*v7*v6*v5*v11^3-2*v9*v7^2*v6*v5*v11^3+v7^3*v6*v5*v11^3-v8^3*v5^2*v11^3-v8*v7^2*v5^2*v11^3,2*v9^2*v8^2*v7*v5^2*v11+2*v9^2*v7^3*v5^2*v11+v8^2*v7*v6^2*v5^2*v11+v7^3*v6^2*v5^2*v11-2*v9^2*v8^2*v5^3*v11-2*v9*v8^2*v7*v5^3*v11-2*v9^2*v7^2*v5^3*v11-2*v9*v7^3*v5^3*v11-v8^3*v6*v5^3*v11-v8*v7^2*v6*v5^3*v11+2*v9*v8^2*v5^4*v11+2*v9*v7^2*v5^4*v11-2*v9^2*v8^2*v7*v5*v11^2-2*v9^2*v7^3*v5*v11^2-2*v8^2*v7*v6^2*v5*v11^2-2*v7^3*v6^2*v5*v11^2+2*v9^2*v8^2*v5^2*v11^2+2*v9^2*v7^2*v5^2*v11^2+2*v8^3*v6*v5^2*v11^2+2*v8*v7^2*v6*v5^2*v11^2+v8^2*v7*v6^2*v11^3+v7^3*v6^2*v11^3+2*v9*v8^2*v7*v5*v11^3+2*v9*v7^3*v5*v11^3-v8^3*v6*v5*v11^3-v8*v7^2*v6*v5*v11^3-2*v9*v8^2*v5^2*v11^3-2*v9*v7^2*v5^2*v11^3,v9*v8^3*v6*v5^2*v11+v9*v8*v7^2*v6*v5^2*v11+v9*v8^2*v7*v5^3*v11+v9*v7^3*v5^3*v11-2*v9*v8^3*v6*v5*v11^2-2*v9*v8*v7^2*v6*v5*v11^2-2*v9*v8^2*v5^3*v11^2-2*v9*v7^2*v5^3*v11^2+v9*v8^3*v6*v11^3+v9*v8*v7^2*v6*v11^3-v9*v8^2*v7*v5*v11^3-v9*v7^3*v5*v11^3+2*v9*v8^2*v5^2*v11^3+2*v9*v7^2*v5^2*v11^3,v8*v7^2*v6*v5^2*v4^2-v8^2*v7*v5^3*v4^2+v8*v7^2*v6*v5^2*v3^2-v8^2*v7*v5^3*v3^2,v7^3*v6*v5^2*v4^2-v8*v7^2*v5^3*v4^2+v7^3*v6*v5^2*v3^2-v8*v7^2*v5^3*v3^2,v7*v6*v4^6-v8*v5*v4^6+3*v7*v6*v4^4*v3^2-3*v8*v5*v4^4*v3^2+3*v7*v6*v4^2*v3^4-3*v8*v5*v4^2*v3^4+v7*v6*v3^6-v8*v5*v3^6,2*v9^3*v8*v7*v6^2-2*v9^2*v8*v7^2*v6^2-2*v9^3*v8^2*v6*v5-2*v9^3*v7^2*v6*v5-2*v9^2*v8*v7*v6^2*v5+2*v9*v8*v7^2*v6^2*v5+2*v9^2*v8^3*v5^2+2*v9^3*v8*v7*v5^2+2*v9^2*v8^2*v6*v5^2+2*v9^2*v7^2*v6*v5^2-2*v9*v8^3*v5^3-2*v9^2*v8*v7*v5^3+2*v9^3*v8^2*v6*v11+2*v9^3*v7^2*v6*v11-2*v9^3*v8*v6^2*v11+2*v9*v8*v7^2*v6^2*v11+v9^2*v7*v6^3*v11-2*v9*v7^2*v6^3*v11+v7^3*v6^3*v11-2*v9^2*v8^3*v5*v11-2*v9^2*v8*v7^2*v5*v11-2*v9^2*v8^2*v6*v5*v11-2*v9^2*v7^2*v6*v5*v11+3*v9^2*v8*v6^2*v5*v11-3*v8*v7^2*v6^2*v5*v11-2*v9^3*v8*v5^2*v11+2*v9*v8*v7^2*v5^2*v11+v9^2*v7*v6*v5^2*v11-2*v9*v7^2*v6*v5^2*v11+v7^3*v6*v5^2*v11+3*v9^2*v8*v5^3*v11+2*v8^3*v5^3*v11-v8*v7^2*v5^3*v11-2*v9*v8*v7*v6^2*v11^2+2*v8*v7^2*v6^2*v11^2+2*v9*v8^3*v5*v11^2+2*v9*v8*v7^2*v5*v11^2+2*v9*v8^2*v6*v5*v11^2+2*v9*v7^2*v6*v5*v11^2-2*v9*v8*v6^2*v5*v11^2+2*v8*v7*v6^2*v5*v11^2-2*v8^3*v5^2*v11^2-2*v9*v8*v7*v5^2*v11^2-2*v8^2*v6*v5^2*v11^2-2*v7^2*v6*v5^2*v11^2-2*v9*v8*v5^3*v11^2+2*v8*v7*v5^3*v11^2-2*v9*v8^2*v6*v11^3-2*v9*v7^2*v6*v11^3+2*v9*v8*v6^2*v11^3-2*v8*v7*v6^2*v11^3+2*v8^2*v6*v5*v11^3+2*v7^2*v6*v5*v11^3+2*v9*v8*v5^2*v11^3-2*v8*v7*v5^2*v11^3,v9^2*v8^2*v7*v6^2+v9^2*v7^3*v6^2-v9^2*v8^3*v6*v5-v9^2*v8*v7^2*v6*v5+2*v9^2*v8^2*v7*v5*v11+2*v9^2*v7^3*v5*v11+4*v9*v8^3*v6*v5*v11+4*v9*v8*v7^2*v6*v5*v11+2*v8^2*v7*v6^2*v5*v11+2*v7^3*v6^2*v5*v11-2*v9^2*v8^2*v5^2*v11-2*v9^2*v7^2*v5^2*v11-2*v8^3*v6*v5^2*v11-2*v8*v7^2*v6*v5^2*v11+4*v9*v8^2*v5^3*v11+4*v9*v7^2*v5^3*v11-2*v9*v8^3*v6*v11^2-2*v9*v8*v7^2*v6*v11^2-v8^2*v7*v6^2*v11^2-v7^3*v6^2*v11^2+v8^3*v6*v5*v11^2+v8*v7^2*v6*v5*v11^2-2*v9*v8^2*v5^2*v11^2-2*v9*v7^2*v5^2*v11^2,2*v9^3*v7^2*v6^2-2*v9^2*v7^3*v6^2-2*v9^2*v7^2*v6^2*v5+2*v9*v7^3*v6^2*v5-2*v9^3*v8^2*v5^2+2*v9^2*v8^2*v7*v5^2+2*v9^2*v8^2*v5^3-2*v9*v8^2*v7*v5^3-2*v9^3*v7*v6^2*v11+2*v9*v7^3*v6^2*v11-v9^2*v8*v6^3*v11+2*v9*v8*v7*v6^3*v11-v8*v7^2*v6^3*v11+2*v9^3*v8^2*v5*v11-2*v9^2*v8^2*v7*v5*v11+2*v9^3*v7^2*v5*v11-2*v9^2*v7^3*v5*v11+3*v9^2*v7*v6^2*v5*v11+v8^2*v7*v6^2*v5*v11-2*v7^3*v6^2*v5*v11-2*v9^2*v8^2*v5^2*v11-2*v9^3*v7*v5^2*v11-2*v9^2*v7^2*v5^2*v11+2*v9*v7^3*v5^2*v11-v9^2*v8*v6*v5^2*v11+2*v9*v8*v7*v6*v5^2*v11-v8*v7^2*v6*v5^2*v11+3*v9^2*v7*v5^3*v11+3*v8^2*v7*v5^3*v11-2*v9*v7^2*v6^2*v11^2+2*v7^3*v6^2*v11^2+2*v9*v8^2*v7*v5*v11^2+2*v9*v7^3*v5*v11^2-2*v9*v7*v6^2*v5*v11^2+2*v7^2*v6^2*v5*v11^2+2*v9*v8^2*v5^2*v11^2-2*v8^2*v7*v5^2*v11^2-2*v8^2*v5^3*v11^2-2*v9*v7*v5^3*v11^2+2*v9*v7*v6^2*v11^3-2*v7^2*v6^2*v11^3-2*v9*v8^2*v5*v11^3-2*v9*v7^2*v5*v11^3+2*v8^2*v5^2*v11^3+2*v9*v7*v5^2*v11^3,v9^2*v8*v7*v6^3-v9^2*v8^2*v6^2*v5+v9^2*v8*v7*v6*v5^2-v9^2*v8^2*v5^3-2*v9*v7^3*v6^2*v11-v9^2*v8*v6^3*v11-2*v9*v8*v7*v6^3*v11+v8*v7^2*v6^3*v11-v9^2*v7*v6^2*v5*v11-v8^2*v7*v6^2*v5*v11-2*v9*v7^3*v5^2*v11-v9^2*v8*v6*v5^2*v11-2*v9*v8*v7*v6*v5^2*v11+v8*v7^2*v6*v5^2*v11-v9^2*v7*v5^3*v11-v8^2*v7*v5^3*v11+2*v9*v7^2*v6^2*v11^2+2*v9*v8*v6^3*v11^2-v8*v7*v6^3*v11^2+v8^2*v6^2*v5*v11^2+2*v9*v7^2*v5^2*v11^2+2*v9*v8*v6*v5^2*v11^2-v8*v7*v6*v5^2*v11^2+v8^2*v5^3*v11^2,v9^2*v7^2*v6^3-v9^2*v8*v7*v6^2*v5+v9^2*v7^2*v6*v5^2-v9^2*v8*v7*v5^3+2*v9*v8*v7^2*v6^2*v11-v9^2*v7*v6^3*v11-2*v9*v7^2*v6^3*v11+v7^3*v6^3*v11+v9^2*v8*v6^2*v5*v11-v8*v7^2*v6^2*v5*v11+2*v9*v8*v7^2*v5^2*v11-v9^2*v7*v6*v5^2*v11-2*v9*v7^2*v6*v5^2*v11+v7^3*v6*v5^2*v11+v9^2*v8*v5^3*v11-v8*v7^2*v5^3*v11-2*v9*v8*v7*v6^2*v11^2+2*v9*v7*v6^3*v11^2-v7^2*v6^3*v11^2+v8*v7*v6^2*v5*v11^2-2*v9*v8*v7*v5^2*v11^2+2*v9*v7*v6*v5^2*v11^2-v7^2*v6*v5^2*v11^2+v8*v7*v5^3*v11^2,v9*v8*v7^2*v6^3+v9*v7^3*v6^2*v5-v9*v8^3*v6*v5^2-v9*v8^2*v7*v5^3-2*v9*v7^3*v6^2*v11-2*v9*v8*v7*v6^3*v11+2*v9*v8^3*v6*v5*v11+2*v9*v8*v7^2*v6*v5*v11-2*v9*v7^3*v5^2*v11-2*v9*v8*v7*v6*v5^2*v11+2*v9*v8^2*v5^3*v11+2*v9*v7^2*v5^3*v11-v9*v8^3*v6*v11^2-v9*v8*v7^2*v6*v11^2+2*v9*v7^2*v6^2*v11^2+v9*v8*v6^3*v11^2+v9*v8^2*v7*v5*v11^2+v9*v7^3*v5*v11^2-v9*v7*v6^2*v5*v11^2-2*v9*v8^2*v5^2*v11^2+v9*v8*v6*v5^2*v11^2-v9*v7*v5^3*v11^2,v9*v7^3*v6^3-v9*v8*v7^2*v6^2*v5+v9*v7^3*v6*v5^2-v9*v8*v7^2*v5^3+2*v9*v8*v7^2*v6^2*v11-2*v9*v7^2*v6^3*v11+2*v9*v8*v7^2*v5^2*v11-2*v9*v7^2*v6*v5^2*v11-2*v9*v8*v7*v6^2*v11^2+v9*v7*v6^3*v11^2+v9*v8*v6^2*v5*v11^2-2*v9*v8*v7*v5^2*v11^2+v9*v7*v6*v5^2*v11^2+v9*v8*v5^3*v11^2,v9^2*v8^2*v7*v6*v5+v9^2*v7^3*v6*v5-v9^2*v8^3*v5^2-v9^2*v8*v7^2*v5^2+2*v9^2*v8^3*v5*v11+2*v9^2*v8*v7^2*v5*v11-2*v9^2*v8^2*v6*v5*v11-2*v9^2*v7^2*v6*v5*v11-2*v9*v8^3*v5*v11^2-2*v9*v8*v7^2*v5*v11^2+2*v9*v8^2*v6*v5*v11^2-v8^2*v7*v6*v5*v11^2+2*v9*v7^2*v6*v5*v11^2-v7^3*v6*v5*v11^2+v8^3*v5^2*v11^2+v8*v7^2*v5^2*v11^2,v9*v8^2*v7*v6^2*v5+v9*v7^3*v6^2*v5-v9*v8^3*v6*v5^2-v9*v8*v7^2*v6*v5^2+2*v9*v8^3*v6*v5*v11+2*v9*v8*v7^2*v6*v5*v11+2*v9*v8^2*v5^3*v11+2*v9*v7^2*v5^3*v11-v9*v8^3*v6*v11^2-v9*v8*v7^2*v6*v11^2+v9*v8^2*v7*v5*v11^2+v9*v7^3*v5*v11^2-2*v9*v8^2*v5^2*v11^2-2*v9*v7^2*v5^2*v11^2,v9*v8^2*v7*v6*v5^2+v9*v7^3*v6*v5^2-v9*v8^3*v5^3-v9*v8*v7^2*v5^3+2*v9*v8^3*v5^2*v11+2*v9*v8*v7^2*v5^2*v11-2*v9*v8^2*v6*v5^2*v11-2*v9*v7^2*v6*v5^2*v11-v9*v8^2*v7*v6*v11^2-v9*v7^3*v6*v11^2-v9*v8^3*v5*v11^2-v9*v8*v7^2*v5*v11^2+2*v9*v8^2*v6*v5*v11^2+2*v9*v7^2*v6*v5*v11^2,v9^2*v8^3*v6*v11+v9^2*v8*v7^2*v6*v11-v9^2*v8^2*v7*v5*v11-v9^2*v7^3*v5*v11-2*v9*v8^3*v6*v5*v11-2*v9*v8*v7^2*v6*v5*v11-v8^2*v7*v6^2*v5*v11-v7^3*v6^2*v5*v11+2*v9^2*v8^2*v5^2*v11+2*v9^2*v7^2*v5^2*v11+v8^3*v6*v5^2*v11+v8*v7^2*v6*v5^2*v11-2*v9*v8^2*v5^3*v11-2*v9*v7^2*v5^3*v11,v9^2*v8^2*v7*v6*v11+v9^2*v7^3*v6*v11+v9^2*v8^3*v5*v11+v9^2*v8*v7^2*v5*v11-2*v9^2*v8^2*v6*v5*v11-2*v9^2*v7^2*v6*v5*v11-2*v9*v8^3*v5^2*v11-2*v9*v8*v7^2*v5^2*v11+2*v9*v8^2*v6*v5^2*v11-v8^2*v7*v6*v5^2*v11+2*v9*v7^2*v6*v5^2*v11-v7^3*v6*v5^2*v11+v8^3*v5^3*v11+v8*v7^2*v5^3*v11,2*v9^2*v8*v7*v6^2*v11-2*v9*v8*v7^2*v6^2*v11-v9^2*v7*v6^3*v11+2*v9*v7^2*v6^3*v11-v7^3*v6^3*v11-v9^2*v8*v6^2*v5*v11+v8*v7^2*v6^2*v5*v11+2*v9^2*v8*v7*v5^2*v11-2*v9*v8*v7^2*v5^2*v11-v9^2*v7*v6*v5^2*v11+2*v9*v7^2*v6*v5^2*v11-v7^3*v6*v5^2*v11-v9^2*v8*v5^3*v11+v8*v7^2*v5^3*v11,2*v9^2*v7^2*v6^2*v11-2*v9*v7^3*v6^2*v11+v9^2*v8*v6^3*v11-2*v9*v8*v7*v6^3*v11+v8*v7^2*v6^3*v11-v9^2*v7*v6^2*v5*v11-v8^2*v7*v6^2*v5*v11+2*v9^2*v7^2*v5^2*v11-2*v9*v7^3*v5^2*v11+v9^2*v8*v6*v5^2*v11-2*v9*v8*v7*v6*v5^2*v11+v8*v7^2*v6*v5^2*v11-v9^2*v7*v5^3*v11-v8^2*v7*v5^3*v11,v9^2*v8*v7*v6*v4^2-v9^2*v8^2*v5*v4^2+v9^2*v8*v7*v6*v3^2-v9^2*v8^2*v5*v3^2,v9*v8^2*v7*v6*v4^2+v9*v7^3*v6*v4^2-v9*v8^3*v5*v4^2-v9*v8*v7^2*v5*v4^2+v9*v8^2*v7*v6*v3^2+v9*v7^3*v6*v3^2-v9*v8^3*v5*v3^2-v9*v8*v7^2*v5*v3^2,v9^2*v7^2*v6*v4^2-v9^2*v8*v7*v5*v4^2+v9^2*v7^2*v6*v3^2-v9^2*v8*v7*v5*v3^2,v9^2*v7*v6^2*v4^2-v9^2*v8*v6*v5*v4^2+v9^2*v7*v6^2*v3^2-v9^2*v8*v6*v5*v3^2,v9*v7*v6^3*v4^2-v9*v8*v6^2*v5*v4^2+v9*v7*v6*v5^2*v4^2-v9*v8*v5^3*v4^2+v9*v7*v6^3*v3^2-v9*v8*v6^2*v5*v3^2+v9*v7*v6*v5^2*v3^2-v9*v8*v5^3*v3^2,v9^2*v7*v6*v5*v4^2-v9^2*v8*v5^2*v4^2+v9^2*v7*v6*v5*v3^2-v9^2*v8*v5^2*v3^2,v9*v8*v7*v6*v5*v4^2-v9*v8^2*v5^2*v4^2+v9*v8*v7*v6*v5*v3^2-v9*v8^2*v5^2*v3^2,v8^2*v7*v6*v5*v4^2+v7^3*v6*v5*v4^2-v8^3*v5^2*v4^2-v8*v7^2*v5^2*v4^2+v8^2*v7*v6*v5*v3^2+v7^3*v6*v5*v3^2-v8^3*v5^2*v3^2-v8*v7^2*v5^2*v3^2,v9*v7^2*v6*v5*v4^2-v9*v8*v7*v5^2*v4^2+v9*v7^2*v6*v5*v3^2-v9*v8*v7*v5^2*v3^2,v8^2*v7*v6*v11*v4^2+v7^3*v6*v11*v4^2-v8^3*v5*v11*v4^2-v8*v7^2*v5*v11*v4^2+v8^2*v7*v6*v11*v3^2+v7^3*v6*v11*v3^2-v8^3*v5*v11*v3^2-v8*v7^2*v5*v11*v3^2,v7*v6^3*v11*v4^2-v8*v6^2*v5*v11*v4^2+v7*v6*v5^2*v11*v4^2-v8*v5^3*v11*v4^2+v7*v6^3*v11*v3^2-v8*v6^2*v5*v11*v3^2+v7*v6*v5^2*v11*v3^2-v8*v5^3*v11*v3^2,v8*v7*v6*v5*v11*v4^2-v8^2*v5^2*v11*v4^2+v8*v7*v6*v5*v11*v3^2-v8^2*v5^2*v11*v3^2,v7^2*v6*v5*v11*v4^2-v8*v7*v5^2*v11*v4^2+v7^2*v6*v5*v11*v3^2-v8*v7*v5^2*v11*v3^2,v8*v7*v6*v11^2*v4^2-v8^2*v5*v11^2*v4^2+v8*v7*v6*v11^2*v3^2-v8^2*v5*v11^2*v3^2,v7^2*v6*v11^2*v4^2-v8*v7*v5*v11^2*v4^2+v7^2*v6*v11^2*v3^2-v8*v7*v5*v11^2*v3^2,v7*v6^2*v11^2*v4^2-v8*v6*v5*v11^2*v4^2+v7*v6^2*v11^2*v3^2-v8*v6*v5*v11^2*v3^2,v7*v6*v5*v11^2*v4^2-v8*v5^2*v11^2*v4^2+v7*v6*v5*v11^2*v3^2-v8*v5^2*v11^2*v3^2,v9*v7*v6*v4^4-v9*v8*v5*v4^4+2*v9*v7*v6*v4^2*v3^2-2*v9*v8*v5*v4^2*v3^2+v9*v7*v6*v3^4-v9*v8*v5*v3^4,v8*v7*v6*v4^4-v8^2*v5*v4^4+2*v8*v7*v6*v4^2*v3^2-2*v8^2*v5*v4^2*v3^2+v8*v7*v6*v3^4-v8^2*v5*v3^4,v7^2*v6*v4^4-v8*v7*v5*v4^4+2*v7^2*v6*v4^2*v3^2-2*v8*v7*v5*v4^2*v3^2+v7^2*v6*v3^4-v8*v7*v5*v3^4,v7*v6^2*v4^4-v8*v6*v5*v4^4+2*v7*v6^2*v4^2*v3^2-2*v8*v6*v5*v4^2*v3^2+v7*v6^2*v3^4-v8*v6*v5*v3^4,v7*v6*v5*v4^4-v8*v5^2*v4^4+2*v7*v6*v5*v4^2*v3^2-2*v8*v5^2*v4^2*v3^2+v7*v6*v5*v3^4-v8*v5^2*v3^4,v7*v6*v11*v4^4-v8*v5*v11*v4^4+2*v7*v6*v11*v4^2*v3^2-2*v8*v5*v11*v4^2*v3^2+v7*v6*v11*v3^4-v8*v5*v11*v3^4,v8^2*v7*v6^3+v7^3*v6^3-v8^3*v6^2*v5-v8*v7^2*v6^2*v5+v8^2*v7*v6*v5^2+v7^3*v6*v5^2-v8^3*v5^3-v8*v7^2*v5^3,v9*v8^2*v6^2*v11+v9*v7^2*v6^2*v11+v9*v8^2*v5^2*v11+v9*v7^2*v5^2*v11,v8*v7*v6^2*v4^2-v8^2*v6*v5*v4^2+v7^2*v6*v5*v4^2-v8*v7*v5^2*v4^2+v8*v7*v6^2*v3^2-v8^2*v6*v5*v3^2+v7^2*v6*v5*v3^2-v8*v7*v5^2*v3^2,v7^2*v6^2*v4^2-2*v8*v7*v6*v5*v4^2+v8^2*v5^2*v4^2+v7^2*v6^2*v3^2-2*v8*v7*v6*v5*v3^2+v8^2*v5^2*v3^2,v9*v8*v6*v11*v4^2+v9*v8*v6*v11*v3^2,v9*v7*v6*v11*v4^2+v9*v7*v6*v11*v3^2,v9*v8*v5*v11*v4^2+v9*v8*v5*v11*v3^2,v9*v7*v5*v11*v4^2+v9*v7*v5*v11*v3^2]
