1>> eliminate([-1*v8+v5+-1*v3,-1*v7+-1*v6+v4,v9*v8+-1*v10*v7,-1*v9*v6+v10*v5+v9*v4+-1*v5*v4+-1*v10*v3+v6*v3,-1*v12+-1*v5+v4,-1*v11+v6+v3,v13*v12+-1*v14*v11+-1*v13*v4+v11*v4+v14*v3+-1*v12*v3,v13*v6+-1*v14*v5,-1*v16+v6+v3,-1*v15+v5+-1*v4,v17*v16+-1*v18*v15+-1*v17*v6+v15*v6+v18*v5+-1*v16*v5,-1*v17*v4+v18*v3,2*v19+-1*v3,2*v20+-1*v4,-1+v21*v19*v18^2*v14+-1*v21*v20^2*v17*v14+-1*v21*v19^2*v17*v14+v21*v19*v17^2*v14+-1*v21*v19*v18*v14^2+v21*v20*v17*v14^2+v21*v20^2*v18*v13+v21*v19^2*v18*v13+-1*v21*v20*v18^2*v13+-1*v21*v20*v17^2*v13+-1*v21*v19*v18*v13^2+v21*v20*v17*v13^2+-1*v21*v19*v18^2*v10+v21*v20^2*v17*v10+v21*v19^2*v17*v10+-1*v21*v19*v17^2*v10+v21*v19*v14^2*v10+-1*v21*v17*v14^2*v10+-1*v21*v20^2*v13*v10+-1*v21*v19^2*v13*v10+v21*v18^2*v13*v10+v21*v17^2*v13*v10+v21*v19*v13^2*v10+-1*v21*v17*v13^2*v10+v21*v19*v18*v10^2+-1*v21*v20*v17*v10^2+-1*v21*v19*v14*v10^2+v21*v17*v14*v10^2+v21*v20*v13*v10^2+-1*v21*v18*v13*v10^2+-1*v21*v20^2*v18*v9+-1*v21*v19^2*v18*v9+v21*v20*v18^2*v9+v21*v20*v17^2*v9+v21*v20^2*v14*v9+v21*v19^2*v14*v9+-1*v21*v18^2*v14*v9+-1*v21*v17^2*v14*v9+-1*v21*v20*v14^2*v9+v21*v18*v14^2*v9+-1*v21*v20*v13^2*v9+v21*v18*v13^2*v9+v21*v19*v18*v9^2+-1*v21*v20*v17*v9^2+-1*v21*v19*v14*v9^2+v21*v17*v14*v9^2+v21*v20*v13*v9^2+-1*v21*v18*v13*v9^2],revlist([v7,v8,v9,v10,v11,v12,v13,v14,v15,v17,v16,v19,v18,v21,v20]))
1<< [v3,v5,v4,v6]
