1>> eliminate([-1*v8+v5+-1*v3,-1*v7+-1*v6+v4,-1*v10+v6+v3,-1*v9+v5+-1*v4,v11*v8+-1*v12*v7,v11*v10+-1*v12*v9+-1*v11*v6+v9*v6+v12*v5+-1*v10*v5,2*v13+-1*v5+-1*v3,2*v14+-1*v6+-1*v4,-1*v15+2*v13+-1*v11,-1*v16+2*v14+-1*v12,-1+-1*v17*v15*v6^2*v4+v17*v16^2*v5*v4+v17*v15^2*v5*v4+-1*v17*v15*v5^2*v4+v17*v15*v6*v4^2+-1*v17*v16*v5*v4^2+-1*v17*v16^2*v6*v3+-1*v17*v15^2*v6*v3+v17*v16*v6^2*v3+v17*v16*v5^2*v3+v17*v15*v6*v3^2+-1*v17*v16*v5*v3^2],revlist([v17,v16,v7,v8,v9,v10,v11,v12,v13,v14,v15]))
1<< [1]
