1>> eliminate([-1*v9*v4+v10*v3,-1*v11*v8+v12*v7+v11*v6+-1*v7*v6+-1*v12*v5+v8*v5,v13*v12+-1*v14*v11,v13*v6+-1*v14*v5+-1*v13*v4+v5*v4+v14*v3+-1*v6*v3,v15*v10+-1*v16*v9+-1*v15*v6+v9*v6+v16*v5+-1*v10*v5,v15*v8+-1*v16*v7,-1*v17*v8+v18*v7+v17*v4+-1*v7*v4+-1*v18*v3+v8*v3,-1*v17*v12+v18*v11+v17*v10+-1*v11*v10+-1*v18*v9+v12*v9,-1+-1*v19*v17*v16+v19*v18*v15+v19*v17*v14+-1*v19*v15*v14+-1*v19*v18*v13+v19*v16*v13],revlist([v10,v12,v13,v14,v15,v17,v16,v19,v18]))
1<< [v9^2*v11*v8^2-v9*v11^2*v8^2-v9^2*v11*v8*v6+v9*v11^2*v8*v6-v9*v11*v8^2*v5+v11^2*v8^2*v5+v9*v11*v8*v6*v5-v11^2*v8*v6*v5,v9^2*v11*v8*v7-v9*v11^2*v8*v7-v9^2*v11*v8*v5+v9*v11^2*v8*v5-v9*v11*v8*v7*v5+v11^2*v8*v7*v5+v9*v11*v8*v5^2-v11^2*v8*v5^2,v9^2*v11*v7^2-v9*v11^2*v7^2-v9^2*v11*v7*v5+v9*v11^2*v7*v5-v9*v11*v7^2*v5+v11^2*v7^2*v5+v9*v11*v7*v5^2-v11^2*v7*v5^2,v4*v11^2*v8-v9*v11*v8^2+v9*v11*v8*v6-v11^2*v8*v6-v4*v11*v8*v5+v11*v8^2*v5,v4*v11^2*v7-v9*v11*v8*v7-v11^2*v7*v6+v9*v11*v8*v5-v4*v11*v7*v5+v11*v8*v7*v5+v11*v7*v6*v5-v11*v8*v5^2,v3*v11^2*v7-v9*v11*v7^2+v9*v11*v7*v5-v3*v11*v7*v5-v11^2*v7*v5+v11*v7^2*v5,v4*v11*v7*v6-v11*v7*v6^2-v4*v11*v8*v5+v11*v8*v6*v5-v4*v7*v6*v5+v7*v6^2*v5+v4*v8*v5^2-v8*v6*v5^2,v3*v7*v6^2-v3*v8*v6*v5-v4*v7*v6*v5+v4*v8*v5^2,v9*v4*v11-v9*v11*v8-v4*v11*v5+v11*v8*v5,v9*v3*v11-v9*v11*v7-v3*v11*v5+v11*v7*v5,v9*v4*v8-v4*v11*v8-v9*v8*v6+v11*v8*v6,v9*v3*v8-v4*v11*v7+v3*v7*v6+v11*v7*v6-v9*v8*v5-v3*v8*v5-v7*v6*v5+v8*v5^2,v3*v11*v8-v4*v11*v7+v3*v7*v6+v11*v7*v6-v3*v8*v5-v11*v8*v5-v7*v6*v5+v8*v5^2,v9*v4*v7-v4*v11*v7+v11*v7*v6-v9*v8*v5-v7*v6*v5+v8*v5^2,v9*v3*v7-v3*v11*v7-v9*v7*v5+v11*v7*v5,v3*v11*v6-v4*v11*v5,v9*v7*v6-v9*v8*v5-v7*v6*v5+v8*v5^2]
