1>> eliminate([-1*v5*v4+v6*v3,v9+-1*v7+-1*v3,v10+-1*v8+-1*v4,v11+v7+-1*v3,v12+v8+-1*v4,v13*v10+-1*v14*v9+-1*v13*v8+v9*v8+v14*v7+-1*v10*v7,v13*v12+-1*v14*v11+-1*v13*v4+v11*v4+v14*v3+-1*v12*v3,v15+v7+-1*v5,v16+v8+-1*v6,v17*v16+-1*v18*v15+-1*v17*v6+v15*v6+v18*v5+-1*v16*v5,v17*v10+-1*v18*v9+-1*v17*v8+v9*v8+v18*v7+-1*v10*v7,v19*v8+-1*v20*v7,v21+-1*v19+-1*v3,v22+-1*v20+-1*v4,v23*v22+-1*v24*v21+-1*v23*v20+v21*v20+v24*v19+-1*v22*v19,v23*v12+-1*v24*v11+-1*v23*v4+v11*v4+v24*v3+-1*v12*v3,v25*v20+-1*v26*v19+-1*v25*v18+v19*v18+v26*v17+-1*v20*v17,v25*v24+-1*v26*v23+-1*v25*v6+v23*v6+v26*v5+-1*v24*v5,-1+-1*v27*v25*v14+v27*v26*v13],revlist([v6,v9,v10,v11,v12,v13,v14,v15,v17,v16,v18,v21,v20,v23,v22,v25,v24,v27,v26]))
1<< [v4*v7-v3*v8]
