1>> eliminate([2*v9+-1*v7,2*v10+-1*v8,v9*v6+-1*v10*v5+-1*v9*v4+v5*v4+v10*v3+-1*v6*v3,-1*v12+-1*v5+v3,-1*v11+v6+-1*v4,-1*v11*v10+v12*v9+v11*v8+-1*v9*v8+-1*v12*v7+v10*v7,v13*v6+-1*v14*v5+-1*v13*v4+v5*v4+v14*v3+-1*v6*v3,-1*v13*v8+v14*v7,-1*v18^2+-1*v17^2+2*v18*v16+2*v17*v15,v17*v6+-1*v18*v5+-1*v17*v4+v5*v4+v18*v3+-1*v6*v3,-1*v18*v6+v16*v6+-1*v17*v5+v15*v5+v18*v4+-1*v16*v4+v17*v3+-1*v15*v3,-1*v15*v8+v16*v7,-1+2*v19*v16*v14+-1*v19*v14^2+2*v19*v15*v13+-1*v19*v13^2],revlist([v7,v8,v9,v10,v11,v12,v13,v14,v15,v17,v16,v19,v18]))
1<< [v6*v3-v4*v5]
