1>> eliminate([-1*v10^2+-1*v9^2+2*v10*v8+2*v9*v7+-2*v8*v6+v6^2+-2*v7*v5+v5^2,-1*v9*v4+v10*v3,v10*v4+-1*v8*v4+v9*v3+-1*v7*v3,-1*v11*v8+v12*v7+v11*v6+-1*v7*v6+-1*v12*v5+v8*v5,-1*v14+v8+v3,-1*v13+v7+-1*v4,v15*v14+-1*v16*v13+-1*v15*v8+v13*v8+v16*v7+-1*v14*v7,-1*v15*v4+v16*v3,-1+v17*v16^2+v17*v15^2+-2*v17*v16*v8+-2*v17*v15*v7+2*v17*v8*v6+-1*v17*v6^2+2*v17*v7*v5+-1*v17*v5^2],revlist([v17,v16,v7,v8,v9,v10,v13,v14,v15]))
1<< [v4,v3]
