1>> eliminate([v7+-1*v5+-1*v3,v8+-1*v6+-1*v4,v9+v5+-1*v3,v10+v6+-1*v4,v11*v8+-1*v12*v7+-1*v11*v6+v7*v6+v12*v5+-1*v8*v5,v11*v10+-1*v12*v9,-1*v13*v6+v14*v5,-1*v13*v12+v14*v11+v13*v4+-1*v11*v4+-1*v14*v3+v12*v3,2*v15+-1*v5,2*v16+-1*v6,1+v17*v16+v17*v15+v17^2*v16*v15+-1*v17*v14+-1*v17^2*v15*v14+-1*v17*v13+-1*v17^2*v16*v13+v17^2*v14*v13],revlist([v17,v16,v7,v8,v9,v10,v11,v12,v13,v14,v15]))
1<< [v4*v5-v6*v3]
