1>> eliminate([-1*v8+v6+v3,-1*v7+v5+-1*v4,v9*v8+-1*v10*v7+-1*v9*v6+v7*v6+v10*v5+-1*v8*v5,-1*v9*v4+v10*v3,-1*v12+-1*v5+v3,-1*v11+v6+-1*v4,-1*v14+v10+-1*v5,-1*v13+v9+v6,v15*v14+-1*v16*v13+-1*v15*v10+v13*v10+v16*v9+-1*v14*v9,v15*v6+-1*v16*v5,-1*v18+v10+-1*v5+v3,-1*v17+v9+v6+-1*v4,v19*v18+-1*v20*v17+-1*v19*v10+v17*v10+v20*v9+-1*v18*v9,v19*v6+-1*v20*v5+-1*v19*v4+v5*v4+v20*v3+-1*v6*v3,-1*v22+-1*v11+v10,-1*v21+v12+v9,v23*v22+-1*v24*v21+-1*v23*v10+v21*v10+v24*v9+-1*v22*v9,v23*v12+-1*v24*v11,-1+-1*v25*v23*v20+v25*v24*v19+v25*v23*v16+-1*v25*v19*v16+-1*v25*v24*v15+v25*v20*v15],revlist([v7,v8,v9,v10,v11,v12,v13,v14,v15,v17,v16,v19,v18,v21,v20,v23,v22,v25,v24]))
1<< [v3^2-v5^2-v6*v4+v4^2,v3*v5-v5^2,v3*v6-v5*v4,v5*v6-v5*v4,v6^2-v6*v4]
