1>> eliminate([1+v5*v4+v5*v3+v5^2*v4*v3],revlist([v5]))
1<< []
