1>> eliminate([-1*v6+v3,-1*v5+-1*v4,v7*v6+-1*v8*v5,v12^2+-1*v4^2+-1*v3^2,v13^2+-1*v8^2+-1*v7^2+2*v8*v4+-1*v4^2+2*v7*v3+-1*v3^2,v14^2+-1*v8^2+-1*v7^2,-1+v15*v14^2+-1*v15*v13^2+v15*v12^2],revlist([v5,v6,v8,v12,v13,v14,v15]))
1<< [1]
