1>> eliminate([-1*v5+2*v3,-1*v6+2*v4,-1*v7+2*v5+-1*v3,-1*v8+2*v6+-1*v4,v9^2+-1*v8^2+-1*v7^2,v10^2+-1*v4^2+-1*v3^2,-1+9*v11*v10^2+-1*v11*v9^2],revlist([v5,v6,v7,v8,v9,v10,v11]))
1<< [1]
