1>> eliminate([2*v9+-1*v7+-1*v5,2*v10+-1*v8+-1*v6,-1*v9*v4+v10*v3,-1*v12+v6+v3,-1*v11+v5+-1*v4,-1*v11*v10+v12*v9+v11*v8+-1*v9*v8+-1*v12*v7+v10*v7,-1+v13*v8*v4+-1*v13*v6*v4+v13*v7*v3+-1*v13*v5*v3],revlist([v7,v8,v9,v10,v11,v12,v13]))
1<< [1]
