1>> eliminate([-1*v9*v4+v10*v3,2*v13+-1*v11+-1*v9,2*v14+-1*v12+-1*v10,-1*v13*v8+v14*v7+v13*v6+-1*v7*v6+-1*v14*v5+v8*v5,-1*v16+v10+v7+-1*v5,-1*v15+v9+-1*v8+v6,-1*v15*v14+v16*v13+v15*v12+-1*v13*v12+-1*v16*v11+v14*v11,2*v19+-1*v17,2*v20+-1*v18,-1*v19*v8+v20*v7+v19*v6+-1*v7*v6+-1*v20*v5+v8*v5,-1*v22+v7+-1*v5,-1*v21+-1*v8+v6,-1*v21*v20+v22*v19+v21*v18+-1*v19*v18+-1*v22*v17+v20*v17,2*v25+-1*v23+-1*v3,2*v26+-1*v24+-1*v4,-1*v25*v8+v26*v7+v25*v6+-1*v7*v6+-1*v26*v5+v8*v5,-1*v28+v7+-1*v5+v4,-1*v27+-1*v8+v6+v3,-1*v27*v26+v28*v25+v27*v24+-1*v25*v24+-1*v28*v23+v26*v23,-1+-1*v29*v23*v18+v29*v24*v17+v29*v23*v12+-1*v29*v17*v12+-1*v29*v24*v11+v29*v18*v11],revlist([v10,v11,v12,v13,v14,v15,v17,v16,v19,v18,v21,v20,v23,v22,v25,v24,v27,v26,v29,v28]))
1<< [v8-v6,v5-v7]
