1>> eliminate([2*v5+-1*v3,2*v6+-1*v4,v8+-1*v6+-1*v5,v7+v6+-1*v5,-1*v9*v8+v10*v7+v9*v6+-1*v7*v6+-1*v10*v5+v8*v5,-1*v10^2+-1*v9^2+v4^2+v3^2,-1+-1*v11*v10^2+-1*v11*v9^2+2*v11*v10*v4+2*v11*v9*v3],revlist([v5,v6,v7,v8,v9,v10,v11]))
1<< [1]
