1>> eliminate([-1*v8+v5+v4,-1*v7+-1*v6+v3,-1*v9*v6+v10*v5,v9*v8+-1*v10*v7+-1*v9*v4+v7*v4+v10*v3+-1*v8*v3,2*v11+-1*v3,2*v12+-1*v4,-1+-2*v13*v12*v10+v13*v10^2+-2*v13*v11*v9+v13*v9^2+2*v13*v12*v4+-1*v13*v4^2+2*v13*v11*v3+-1*v13*v3^2],revlist([v7,v8,v9,v10,v11,v12,v13]))
1<< [v6,v5]
