1>> eliminate([v17+-1*v15+v13,v18+-1*v16+v14,-1*v19+v17,-1*v20+v18,-1*v21+v17+v3,-1*v22+v18+v4,-1*v23+v17+v5,-1*v24+v18+v6,-1*v25+v17+v7,-1*v26+v18+v8,-1*v27+v17+v9,-1*v28+v18+v10,-1*v29+v17+v11,-1*v30+v18+v12,-1+-1*v31*v22^2+-1*v31*v21^2+2*v31*v22*v20+-1*v31*v20^2+2*v31*v21*v19+-1*v31*v19^2+v31*v4^2+v31*v3^2],revlist([v17,v19,v18,v21,v20,v23,v22,v25,v24,v27,v26,v29,v28,v31,v30]))
1<< [1]
