1>> eliminate([v7+-1*v5+-1*v3,v8+-1*v6+-1*v4,-1*v9*v6+v10*v5+v9*v4+-1*v5*v4+-1*v10*v3+v6*v3,v11*v8+-1*v12*v7+-1*v11*v6+v7*v6+v12*v5+-1*v8*v5,v13+-1*v9+-1*v3,v14+-1*v10+-1*v4,v15*v12+-1*v16*v11,v15*v14+-1*v16*v13+-1*v15*v10+v13*v10+v16*v9+-1*v14*v9,v17*v12+-1*v18*v11+-1*v17*v4+v11*v4+v18*v3+-1*v12*v3,v17*v14+-1*v18*v13+-1*v17*v10+v13*v10+v18*v9+-1*v14*v9,v19*v6+-1*v20*v5,v19*v14+-1*v20*v13+-1*v19*v10+v13*v10+v20*v9+-1*v14*v9,-1+v21*v20^2+v21*v19^2+-1*v21*v18^2+-1*v21*v17^2+-2*v21*v20*v16+v21*v16^2+-2*v21*v19*v15+v21*v15^2+2*v21*v18*v10+-1*v21*v10^2+2*v21*v17*v9+-1*v21*v9^2],revlist([v7,v8,v10,v12,v13,v14,v15,v17,v16,v19,v18,v21,v20]))
1<< [v6*v3-v4*v5]
