1>> eliminate([2*v7+-1*v5+-1*v3,2*v8+-1*v6+-1*v4,2*v9+-1*v5,2*v10+-1*v6,2*v11+-1*v3,2*v12+-1*v4,-1*v13*v12+v14*v11+v13*v6+-1*v11*v6+-1*v14*v5+v12*v5,v13*v8+-1*v14*v7,-1+v15*v13*v10+-1*v15*v14*v9+-1*v15*v13*v4+v15*v9*v4+v15*v14*v3+-1*v15*v10*v3],revlist([v7,v8,v9,v10,v11,v12,v13,v14,v15]))
1<< [1]
