1>> eliminate([-1*v8+-1*v5+v4,-1*v7+v6+v3,v9*v8+-1*v10*v7+-1*v9*v4+v7*v4+v10*v3+-1*v8*v3,v9*v6+-1*v10*v5,2*v11+-1*v3,2*v12+-1*v4,2*v13+-1*v5+-1*v3,2*v14+-1*v6+-1*v4,2*v15+-1*v9+-1*v5,2*v16+-1*v10+-1*v6,2*v17+-1*v9,2*v18+-1*v10,v19*v16+-1*v20*v15+-1*v19*v12+v15*v12+v20*v11+-1*v16*v11,v19*v18+-1*v20*v17+-1*v19*v14+v17*v14+v20*v13+-1*v18*v13,-1+-2*v21*v20*v18+v21*v18^2+-2*v21*v19*v17+v21*v17^2+2*v21*v20*v16+-1*v21*v16^2+2*v21*v19*v15+-1*v21*v15^2],revlist([v7,v8,v9,v10,v11,v12,v13,v14,v15,v17,v16,v19,v18,v21,v20]))
1<< [v5*v4-v3*v6]
